Component: ARM Compiler 5.06 (build 20) Tool: armlink [4d35a3]

==============================================================================

Section Cross References

    startup_stm32f446xx.o(RESET) refers to startup_stm32f446xx.o(STACK) for __initial_sp
    startup_stm32f446xx.o(RESET) refers to startup_stm32f446xx.o(.text) for Reset_Handler
    startup_stm32f446xx.o(RESET) refers to stm32f4xx_it.o(i.SysTick_Handler) for SysTick_Handler
    startup_stm32f446xx.o(RESET) refers to stm32f4xx_it.o(i.SDIO_IRQHandler) for SDIO_IRQHandler
    startup_stm32f446xx.o(RESET) refers to stm32f4xx_it.o(i.DMA2_Stream3_IRQHandler) for DMA2_Stream3_IRQHandler
    startup_stm32f446xx.o(RESET) refers to stm32f4xx_it.o(i.DMA2_Stream6_IRQHandler) for DMA2_Stream6_IRQHandler
    startup_stm32f446xx.o(.text) refers to system_stm32f4xx.o(i.SystemInit) for SystemInit
    startup_stm32f446xx.o(.text) refers to entry.o(.ARM.Collect$$$$00000000) for __main
    stm32f4xx_hal_flash.o(i.FLASH_SetErrorCode) refers to stm32f4xx_hal_flash.o(.bss) for .bss
    stm32f4xx_hal_flash.o(i.FLASH_WaitForLastOperation) refers to stm32f4xx_hal.o(i.HAL_GetTick) for HAL_GetTick
    stm32f4xx_hal_flash.o(i.FLASH_WaitForLastOperation) refers to stm32f4xx_hal_flash.o(i.FLASH_SetErrorCode) for FLASH_SetErrorCode
    stm32f4xx_hal_flash.o(i.FLASH_WaitForLastOperation) refers to stm32f4xx_hal_flash.o(.bss) for .bss
    stm32f4xx_hal_flash.o(i.HAL_FLASH_GetError) refers to stm32f4xx_hal_flash.o(.bss) for .bss
    stm32f4xx_hal_flash.o(i.HAL_FLASH_IRQHandler) refers to stm32f4xx_hal_flash.o(i.FLASH_SetErrorCode) for FLASH_SetErrorCode
    stm32f4xx_hal_flash.o(i.HAL_FLASH_IRQHandler) refers to stm32f4xx_hal_flash.o(i.HAL_FLASH_OperationErrorCallback) for HAL_FLASH_OperationErrorCallback
    stm32f4xx_hal_flash.o(i.HAL_FLASH_IRQHandler) refers to stm32f4xx_hal_flash.o(i.HAL_FLASH_EndOfOperationCallback) for HAL_FLASH_EndOfOperationCallback
    stm32f4xx_hal_flash.o(i.HAL_FLASH_IRQHandler) refers to stm32f4xx_hal_flash_ex.o(i.FLASH_Erase_Sector) for FLASH_Erase_Sector
    stm32f4xx_hal_flash.o(i.HAL_FLASH_IRQHandler) refers to stm32f4xx_hal_flash_ex.o(i.FLASH_FlushCaches) for FLASH_FlushCaches
    stm32f4xx_hal_flash.o(i.HAL_FLASH_IRQHandler) refers to stm32f4xx_hal_flash.o(.bss) for .bss
    stm32f4xx_hal_flash.o(i.HAL_FLASH_OB_Launch) refers to stm32f4xx_hal_flash.o(i.FLASH_WaitForLastOperation) for FLASH_WaitForLastOperation
    stm32f4xx_hal_flash.o(i.HAL_FLASH_Program) refers to stm32f4xx_hal_flash.o(i.FLASH_WaitForLastOperation) for FLASH_WaitForLastOperation
    stm32f4xx_hal_flash.o(i.HAL_FLASH_Program) refers to stm32f4xx_hal_flash.o(i.FLASH_Program_DoubleWord) for FLASH_Program_DoubleWord
    stm32f4xx_hal_flash.o(i.HAL_FLASH_Program) refers to stm32f4xx_hal_flash.o(i.FLASH_Program_Byte) for FLASH_Program_Byte
    stm32f4xx_hal_flash.o(i.HAL_FLASH_Program) refers to stm32f4xx_hal_flash.o(i.FLASH_Program_HalfWord) for FLASH_Program_HalfWord
    stm32f4xx_hal_flash.o(i.HAL_FLASH_Program) refers to stm32f4xx_hal_flash.o(i.FLASH_Program_Word) for FLASH_Program_Word
    stm32f4xx_hal_flash.o(i.HAL_FLASH_Program) refers to stm32f4xx_hal_flash.o(.bss) for .bss
    stm32f4xx_hal_flash.o(i.HAL_FLASH_Program_IT) refers to stm32f4xx_hal_flash.o(i.FLASH_Program_DoubleWord) for FLASH_Program_DoubleWord
    stm32f4xx_hal_flash.o(i.HAL_FLASH_Program_IT) refers to stm32f4xx_hal_flash.o(i.FLASH_Program_Byte) for FLASH_Program_Byte
    stm32f4xx_hal_flash.o(i.HAL_FLASH_Program_IT) refers to stm32f4xx_hal_flash.o(i.FLASH_Program_HalfWord) for FLASH_Program_HalfWord
    stm32f4xx_hal_flash.o(i.HAL_FLASH_Program_IT) refers to stm32f4xx_hal_flash.o(i.FLASH_Program_Word) for FLASH_Program_Word
    stm32f4xx_hal_flash.o(i.HAL_FLASH_Program_IT) refers to stm32f4xx_hal_flash.o(.bss) for .bss
    stm32f4xx_hal_flash_ex.o(i.HAL_FLASHEx_AdvOBProgram) refers to stm32f4xx_hal_flash.o(i.FLASH_WaitForLastOperation) for FLASH_WaitForLastOperation
    stm32f4xx_hal_flash_ex.o(i.HAL_FLASHEx_Erase) refers to stm32f4xx_hal_flash.o(i.FLASH_WaitForLastOperation) for FLASH_WaitForLastOperation
    stm32f4xx_hal_flash_ex.o(i.HAL_FLASHEx_Erase) refers to stm32f4xx_hal_flash_ex.o(i.FLASH_MassErase) for FLASH_MassErase
    stm32f4xx_hal_flash_ex.o(i.HAL_FLASHEx_Erase) refers to stm32f4xx_hal_flash_ex.o(i.FLASH_Erase_Sector) for FLASH_Erase_Sector
    stm32f4xx_hal_flash_ex.o(i.HAL_FLASHEx_Erase) refers to stm32f4xx_hal_flash_ex.o(i.FLASH_FlushCaches) for FLASH_FlushCaches
    stm32f4xx_hal_flash_ex.o(i.HAL_FLASHEx_Erase) refers to stm32f4xx_hal_flash.o(.bss) for pFlash
    stm32f4xx_hal_flash_ex.o(i.HAL_FLASHEx_Erase_IT) refers to stm32f4xx_hal_flash_ex.o(i.FLASH_Erase_Sector) for FLASH_Erase_Sector
    stm32f4xx_hal_flash_ex.o(i.HAL_FLASHEx_Erase_IT) refers to stm32f4xx_hal_flash_ex.o(i.FLASH_MassErase) for FLASH_MassErase
    stm32f4xx_hal_flash_ex.o(i.HAL_FLASHEx_Erase_IT) refers to stm32f4xx_hal_flash.o(.bss) for pFlash
[...]
    Removing ff_gen_drv.o(.rev16_text), (4 bytes).
    Removing ff_gen_drv.o(.revsh_text), (4 bytes).
    Removing ff_gen_drv.o(.rrx_text), (6 bytes).
    Removing ff_gen_drv.o(i.FATFS_GetAttachedDriversNbr), (12 bytes).
    Removing ff_gen_drv.o(i.FATFS_UnLinkDriver), (6 bytes).
    Removing ff_gen_drv.o(i.FATFS_UnLinkDriverEx), (52 bytes).
    Removing syscall.o(.rev16_text), (4 bytes).
    Removing syscall.o(.revsh_text), (4 bytes).
    Removing syscall.o(.rrx_text), (6 bytes).
    Removing ff.o(.rev16_text), (4 bytes).
    Removing ff.o(.revsh_text), (4 bytes).
    Removing ff.o(.rrx_text), (6 bytes).
    Removing ff.o(i.clmt_clust), (36 bytes).
    Removing ff.o(i.dec_lock), (52 bytes).
    Removing ff.o(i.dir_read), (96 bytes).
    Removing ff.o(i.dir_remove), (30 bytes).
    Removing ff.o(i.f_close), (40 bytes).
    Removing ff.o(i.f_closedir), (34 bytes).
    Removing ff.o(i.f_getfree), (210 bytes).
    Removing ff.o(i.f_gets), (72 bytes).
    Removing ff.o(i.f_lseek), (530 bytes).
    Removing ff.o(i.f_mkdir), (336 bytes).
    Removing ff.o(i.f_mkfs), (1356 bytes).
    Removing ff.o(i.f_opendir), (130 bytes).
    Removing ff.o(i.f_printf), (460 bytes).
    Removing ff.o(i.f_putc), (30 bytes).
    Removing ff.o(i.f_puts), (38 bytes).
    Removing ff.o(i.f_read), (338 bytes).
    Removing ff.o(i.f_readdir), (64 bytes).
    Removing ff.o(i.f_rename), (258 bytes).
    Removing ff.o(i.f_stat), (60 bytes).
    Removing ff.o(i.f_sync), (142 bytes).
    Removing ff.o(i.f_truncate), (162 bytes).
    Removing ff.o(i.f_unlink), (158 bytes).
    Removing ff.o(i.f_write), (398 bytes).
    Removing ff.o(i.get_fileinfo), (98 bytes).
    Removing ff.o(i.putc_bfd), (70 bytes).
    Removing ff.o(i.putc_flush), (42 bytes).
    Removing ff.o(i.sync_fs), (136 bytes).
    Removing ff.o(i.validate), (50 bytes).
    Removing diskio.o(.rev16_text), (4 bytes).
    Removing diskio.o(.revsh_text), (4 bytes).
    Removing diskio.o(.rrx_text), (6 bytes).
    Removing diskio.o(i.disk_ioctl), (28 bytes).
    Removing diskio.o(i.get_fattime), (4 bytes).
    Removing system_stm32f4xx.o(.rev16_text), (4 bytes).
    Removing system_stm32f4xx.o(.revsh_text), (4 bytes).
    Removing system_stm32f4xx.o(.rrx_text), (6 bytes).
    Removing system_stm32f4xx.o(i.SystemCoreClockUpdate), (120 bytes).
    Removing bsp_driver_sd.o(.rev16_text), (4 bytes).
    Removing bsp_driver_sd.o(.revsh_text), (4 bytes).
    Removing bsp_driver_sd.o(.rrx_text), (6 bytes).
    Removing bsp_driver_sd.o(i.BSP_SD_DMA_Rx_IRQHandler), (12 bytes).
    Removing bsp_driver_sd.o(i.BSP_SD_DMA_Tx_IRQHandler), (12 bytes).
    Removing bsp_driver_sd.o(i.BSP_SD_DetectCallback), (2 bytes).
    Removing bsp_driver_sd.o(i.BSP_SD_DetectIT), (2 bytes).
    Removing bsp_driver_sd.o(i.BSP_SD_Erase), (28 bytes).
    Removing bsp_driver_sd.o(i.BSP_SD_IRQHandler), (12 bytes).
    Removing bsp_driver_sd.o(i.BSP_SD_ITConfig), (4 bytes).
    Removing bsp_driver_sd.o(i.BSP_SD_IsDetected), (14 bytes).
    Removing bsp_driver_sd.o(i.BSP_SD_ReadBlocks), (32 bytes).
    Removing bsp_driver_sd.o(i.BSP_SD_WriteBlocks), (32 bytes).
    Removing main.o(.rev16_text), (4 bytes).
    Removing main.o(.revsh_text), (4 bytes).
    Removing main.o(.rrx_text), (6 bytes).
    Removing fatfs.o(.rev16_text), (4 bytes).
    Removing fatfs.o(.revsh_text), (4 bytes).
    Removing fatfs.o(.rrx_text), (6 bytes).
    Removing fatfs.o(.bss), (560 bytes).
    Removing sd_diskio.o(.rev16_text), (4 bytes).
    Removing sd_diskio.o(.revsh_text), (4 bytes).
    Removing sd_diskio.o(.rrx_text), (6 bytes).
    Removing sd_diskio.o(i.BSP_SD_ReadCpltCallback), (12 bytes).
    Removing sd_diskio.o(i.BSP_SD_WriteCpltCallback), (12 bytes).
    Removing stm32f4xx_it.o(.rev16_text), (4 bytes).
    Removing stm32f4xx_it.o(.revsh_text), (4 bytes).
    Removing stm32f4xx_it.o(.rrx_text), (6 bytes).
    Removing stm32f4xx_hal_msp.o(.rev16_text), (4 bytes).
    Removing stm32f4xx_hal_msp.o(.revsh_text), (4 bytes).
    Removing stm32f4xx_hal_msp.o(.rrx_text), (6 bytes).
    Removing stm32f4xx_hal_msp.o(i.HAL_SD_MspDeInit), (80 bytes).
    Removing stm32f4xx_hal_msp.o(i.HAL_UART_MspDeInit), (44 bytes).
    Removing dadd.o(.text), (334 bytes).
    Removing dmul.o(.text), (228 bytes).
    Removing ddiv.o(.text), (222 bytes).
    Removing dfixul.o(.text), (48 bytes).
    Removing cdrcmple.o(.text), (48 bytes).
    Removing depilogue.o(.text), (186 bytes).

347 unused section(s) (total 24736 bytes) removed from the image.

==============================================================================

Image Symbol Table

    Local Symbols

    Symbol Name                              Value     Ov Type        Size  Object(Section)

    ..//Src/system_stm32f4xx.c               0x00000000   Number         0  system_stm32f4xx.o ABSOLUTE
    ../Drivers/STM32F4xx_HAL_Driver/Src/stm32f4xx_hal.c 0x00000000   Number         0  stm32f4xx_hal.o ABSOLUTE
    ../Drivers/STM32F4xx_HAL_Driver/Src/stm32f4xx_hal_cortex.c 0x00000000   Number         0  stm32f4xx_hal_cortex.o ABSOLUTE
    ../Drivers/STM32F4xx_HAL_Driver/Src/stm32f4xx_hal_dma.c 0x00000000   Number         0  stm32f4xx_hal_dma.o ABSOLUTE
    ../Drivers/STM32F4xx_HAL_Driver/Src/stm32f4xx_hal_dma_ex.c 0x00000000   Number         0  stm32f4xx_hal_dma_ex.o ABSOLUTE
    ../Drivers/STM32F4xx_HAL_Driver/Src/stm32f4xx_hal_flash.c 0x00000000   Number         0  stm32f4xx_hal_flash.o ABSOLUTE
    ../Drivers/STM32F4xx_HAL_Driver/Src/stm32f4xx_hal_flash_ex.c 0x00000000   Number         0  stm32f4xx_hal_flash_ex.o ABSOLUTE
    ../Drivers/STM32F4xx_HAL_Driver/Src/stm32f4xx_hal_flash_ramfunc.c 0x00000000   Number         0  stm32f4xx_hal_flash_ramfunc.o ABSOLUTE
    ../Drivers/STM32F4xx_HAL_Driver/Src/stm32f4xx_hal_gpio.c 0x00000000   Number         0  stm32f4xx_hal_gpio.o ABSOLUTE
    ../Drivers/STM32F4xx_HAL_Driver/Src/stm32f4xx_hal_pwr.c 0x00000000   Number         0  stm32f4xx_hal_pwr.o ABSOLUTE
    ../Drivers/STM32F4xx_HAL_Driver/Src/stm32f4xx_hal_pwr_ex.c 0x00000000   Number         0  stm32f4xx_hal_pwr_ex.o ABSOLUTE
    ../Drivers/STM32F4xx_HAL_Driver/Src/stm32f4xx_hal_rcc.c 0x00000000   Number         0  stm32f4xx_hal_rcc.o ABSOLUTE
    ../Drivers/STM32F4xx_HAL_Driver/Src/stm32f4xx_hal_rcc_ex.c 0x00000000   Number         0  stm32f4xx_hal_rcc_ex.o ABSOLUTE
    ../Drivers/STM32F4xx_HAL_Driver/Src/stm32f4xx_hal_sd.c 0x00000000   Number         0  stm32f4xx_hal_sd.o ABSOLUTE
    ../Drivers/STM32F4xx_HAL_Driver/Src/stm32f4xx_hal_tim.c 0x00000000   Number         0  stm32f4xx_hal_tim.o ABSOLUTE
    ../Drivers/STM32F4xx_HAL_Driver/Src/stm32f4xx_hal_tim_ex.c 0x00000000   Number         0  stm32f4xx_hal_tim_ex.o ABSOLUTE
    ../Drivers/STM32F4xx_HAL_Driver/Src/stm32f4xx_hal_uart.c 0x00000000   Number         0  stm32f4xx_hal_uart.o ABSOLUTE
    ../Drivers/STM32F4xx_HAL_Driver/Src/stm32f4xx_ll_sdmmc.c 0x00000000   Number         0  stm32f4xx_ll_sdmmc.o ABSOLUTE
    ../Middlewares/Third_Party/FatFs/src/diskio.c 0x00000000   Number         0  diskio.o ABSOLUTE
    ../Middlewares/Third_Party/FatFs/src/ff.c 0x00000000   Number         0  ff.o ABSOLUTE
    ../Middlewares/Third_Party/FatFs/src/ff_gen_drv.c 0x00000000   Number         0  ff_gen_drv.o ABSOLUTE
    ../Middlewares/Third_Party/FatFs/src/option/syscall.c 0x00000000   Number         0  syscall.o ABSOLUTE
    ../Src/bsp_driver_sd.c                   0x00000000   Number         0  bsp_driver_sd.o ABSOLUTE
    ../Src/fatfs.c                           0x00000000   Number         0  fatfs.o ABSOLUTE
    ../Src/main.c                            0x00000000   Number         0  main.o ABSOLUTE
    ../Src/sd_diskio.c                       0x00000000   Number         0  sd_diskio.o ABSOLUTE
    ../Src/stm32f4xx_hal_msp.c               0x00000000   Number         0  stm32f4xx_hal_msp.o ABSOLUTE
    ../Src/stm32f4xx_it.c                    0x00000000   Number         0  stm32f4xx_it.o ABSOLUTE
    ../clib/microlib/division.c              0x00000000   Number         0  uidiv.o ABSOLUTE
    ../clib/microlib/division.c              0x00000000   Number         0  uldiv.o ABSOLUTE
    ../clib/microlib/init/entry.s            0x00000000   Number         0  entry9a.o ABSOLUTE
    ../clib/microlib/init/entry.s            0x00000000   Number         0  entry10a.o ABSOLUTE
    ../clib/microlib/init/entry.s            0x00000000   Number         0  entry.o ABSOLUTE
    ../clib/microlib/init/entry.s            0x00000000   Number         0  entry8a.o ABSOLUTE
    ../clib/microlib/init/entry.s            0x00000000   Number         0  entry7b.o ABSOLUTE
    ../clib/microlib/init/entry.s            0x00000000   Number         0  entry7a.o ABSOLUTE
    ../clib/microlib/init/entry.s            0x00000000   Number         0  entry8b.o ABSOLUTE
    ../clib/microlib/init/entry.s            0x00000000   Number         0  entry5.o ABSOLUTE
    ../clib/microlib/init/entry.s            0x00000000   Number         0  entry2.o ABSOLUTE
    ../clib/microlib/init/entry.s            0x00000000   Number         0  entry9b.o ABSOLUTE
    ../clib/microlib/init/entry.s            0x00000000   Number         0  entry11b.o ABSOLUTE
    ../clib/microlib/init/entry.s            0x00000000   Number         0  entry11a.o ABSOLUTE
    ../clib/microlib/init/entry.s            0x00000000   Number         0  entry10b.o ABSOLUTE
    ../clib/microlib/longlong.c              0x00000000   Number         0  llshl.o ABSOLUTE
    ../clib/microlib/longlong.c              0x00000000   Number         0  llushr.o ABSOLUTE
    ../clib/microlib/longlong.c              0x00000000   Number         0  llsshr.o ABSOLUTE
    ../clib/microlib/printf/printf.c         0x00000000   Number         0  printfb.o ABSOLUTE
    ../clib/microlib/printf/printf.c         0x00000000   Number         0  printf0.o ABSOLUTE
    ../clib/microlib/printf/printf.c         0x00000000   Number         0  printf2.o ABSOLUTE
    ../clib/microlib/printf/printf.c         0x00000000   Number         0  printf3.o ABSOLUTE
    ../clib/microlib/printf/printf.c         0x00000000   Number         0  printf4.o ABSOLUTE
    ../clib/microlib/printf/printf.c         0x00000000   Number         0  printfa.o ABSOLUTE
    ../clib/microlib/printf/printf.c         0x00000000   Number         0  printf8.o ABSOLUTE
    ../clib/microlib/printf/printf.c         0x00000000   Number         0  printf7.o ABSOLUTE
    ../clib/microlib/printf/printf.c         0x00000000   Number         0  printf6.o ABSOLUTE
    ../clib/microlib/printf/printf.c         0x00000000   Number         0  printf5.o ABSOLUTE
    ../clib/microlib/printf/printf.c         0x00000000   Number         0  printf1.o ABSOLUTE
    ../clib/microlib/printf/stubs.s          0x00000000   Number         0  stubs.o ABSOLUTE
    ../clib/microlib/stdio/streams.c         0x00000000   Number         0  stdout.o ABSOLUTE
    ../clib/microlib/stubs.s                 0x00000000   Number         0  iusefp.o ABSOLUTE
    ../fplib/microlib/fpadd.c                0x00000000   Number         0  dadd.o ABSOLUTE
    ../fplib/microlib/fpdiv.c                0x00000000   Number         0  ddiv.o ABSOLUTE
    ../fplib/microlib/fpepilogue.c           0x00000000   Number         0  depilogue.o ABSOLUTE
    ../fplib/microlib/fpfix.c                0x00000000   Number         0  dfixul.o ABSOLUTE
    ../fplib/microlib/fpmul.c                0x00000000   Number         0  dmul.o ABSOLUTE
    ..\Drivers\STM32F4xx_HAL_Driver\Src\stm32f4xx_hal.c 0x00000000   Number         0  stm32f4xx_hal.o ABSOLUTE
    ..\Drivers\STM32F4xx_HAL_Driver\Src\stm32f4xx_hal_cortex.c 0x00000000   Number         0  stm32f4xx_hal_cortex.o ABSOLUTE
    ..\Drivers\STM32F4xx_HAL_Driver\Src\stm32f4xx_hal_dma.c 0x00000000   Number         0  stm32f4xx_hal_dma.o ABSOLUTE
    ..\Drivers\STM32F4xx_HAL_Driver\Src\stm32f4xx_hal_dma_ex.c 0x00000000   Number         0  stm32f4xx_hal_dma_ex.o ABSOLUTE
    ..\Drivers\STM32F4xx_HAL_Driver\Src\stm32f4xx_hal_flash.c 0x00000000   Number         0  stm32f4xx_hal_flash.o ABSOLUTE
    ..\Drivers\STM32F4xx_HAL_Driver\Src\stm32f4xx_hal_flash_ex.c 0x00000000   Number         0  stm32f4xx_hal_flash_ex.o ABSOLUTE
    ..\Drivers\STM32F4xx_HAL_Driver\Src\stm32f4xx_hal_flash_ramfunc.c 0x00000000   Number         0  stm32f4xx_hal_flash_ramfunc.o ABSOLUTE
    ..\Drivers\STM32F4xx_HAL_Driver\Src\stm32f4xx_hal_gpio.c 0x00000000   Number         0  stm32f4xx_hal_gpio.o ABSOLUTE
    ..\Drivers\STM32F4xx_HAL_Driver\Src\stm32f4xx_hal_pwr.c 0x00000000   Number         0  stm32f4xx_hal_pwr.o ABSOLUTE
    ..\Drivers\STM32F4xx_HAL_Driver\Src\stm32f4xx_hal_pwr_ex.c 0x00000000   Number         0  stm32f4xx_hal_pwr_ex.o ABSOLUTE
    ..\Drivers\STM32F4xx_HAL_Driver\Src\stm32f4xx_hal_rcc.c 0x00000000   Number         0  stm32f4xx_hal_rcc.o ABSOLUTE
    ..\Drivers\STM32F4xx_HAL_Driver\Src\stm32f4xx_hal_rcc_ex.c 0x00000000   Number         0  stm32f4xx_hal_rcc_ex.o ABSOLUTE
    ..\Drivers\STM32F4xx_HAL_Driver\Src\stm32f4xx_hal_sd.c 0x00000000   Number         0  stm32f4xx_hal_sd.o ABSOLUTE
    ..\Drivers\STM32F4xx_HAL_Driver\Src\stm32f4xx_hal_tim.c 0x00000000   Number         0  stm32f4xx_hal_tim.o ABSOLUTE
    ..\Drivers\STM32F4xx_HAL_Driver\Src\stm32f4xx_hal_tim_ex.c 0x00000000   Number         0  stm32f4xx_hal_tim_ex.o ABSOLUTE
    ..\Drivers\STM32F4xx_HAL_Driver\Src\stm32f4xx_hal_uart.c 0x00000000   Number         0  stm32f4xx_hal_uart.o ABSOLUTE
    ..\Drivers\STM32F4xx_HAL_Driver\Src\stm32f4xx_ll_sdmmc.c 0x00000000   Number         0  stm32f4xx_ll_sdmmc.o ABSOLUTE
    ..\Middlewares\Third_Party\FatFs\src\diskio.c 0x00000000   Number         0  diskio.o ABSOLUTE
    ..\Middlewares\Third_Party\FatFs\src\ff.c 0x00000000   Number         0  ff.o ABSOLUTE
    ..\Middlewares\Third_Party\FatFs\src\ff_gen_drv.c 0x00000000   Number         0  ff_gen_drv.o ABSOLUTE
    ..\Middlewares\Third_Party\FatFs\src\option\syscall.c 0x00000000   Number         0  syscall.o ABSOLUTE
    ..\Src\bsp_driver_sd.c                   0x00000000   Number         0  bsp_driver_sd.o ABSOLUTE
    ..\Src\fatfs.c                           0x00000000   Number         0  fatfs.o ABSOLUTE
    ..\Src\main.c                            0x00000000   Number         0  main.o ABSOLUTE
    ..\Src\sd_diskio.c                       0x00000000   Number         0  sd_diskio.o ABSOLUTE
    ..\Src\stm32f4xx_hal_msp.c               0x00000000   Number         0  stm32f4xx_hal_msp.o ABSOLUTE
    ..\Src\stm32f4xx_it.c                    0x00000000   Number         0  stm32f4xx_it.o ABSOLUTE
    ..\\Src\system_stm32f4xx.c               0x00000000   Number         0  system_stm32f4xx.o ABSOLUTE
    cdrcmple.s                               0x00000000   Number         0  cdrcmple.o ABSOLUTE
    dc.s                                     0x00000000   Number         0  dc.o ABSOLUTE
    handlers.s                               0x00000000   Number         0  handlers.o ABSOLUTE
    init.s                                   0x00000000   Number         0  init.o ABSOLUTE
    startup_stm32f446xx.s                    0x00000000   Number         0  startup_stm32f446xx.o ABSOLUTE
    RESET                                    0x08000000   Section      452  startup_stm32f446xx.o(RESET)
    .ARM.Collect$$$$00000000                 0x080001c4   Section        0  entry.o(.ARM.Collect$$$$00000000)
    .ARM.Collect$$$$00000001                 0x080001c4   Section        4  entry2.o(.ARM.Collect$$$$00000001)
    .ARM.Collect$$$$00000004                 0x080001c8   Section        4  entry5.o(.ARM.Collect$$$$00000004)
    .ARM.Collect$$$$00000008                 0x080001cc   Section        0  entry7b.o(.ARM.Collect$$$$00000008)
    .ARM.Collect$$$$0000000A                 0x080001cc   Section        0  entry8b.o(.ARM.Collect$$$$0000000A)
    .ARM.Collect$$$$0000000B                 0x080001cc   Section        8  entry9a.o(.ARM.Collect$$$$0000000B)
    .ARM.Collect$$$$0000000D                 0x080001d4   Section        0  entry10a.o(.ARM.Collect$$$$0000000D)
    .ARM.Collect$$$$0000000F                 0x080001d4   Section        0  entry11a.o(.ARM.Collect$$$$0000000F)
    .ARM.Collect$$$$00002712                 0x080001d4   Section        4  entry2.o(.ARM.Collect$$$$00002712)
    __lit__00000000                          0x080001d4   Data           4  entry2.o(.ARM.Collect$$$$00002712)
    .text                                    0x080001d8   Section       36  startup_stm32f446xx.o(.text)
    $v0                                      0x080001d8   Number         0  startup_stm32f446xx.o(.text)
    .text                                    0x080001fc   Section        0  uldiv.o(.text)
    .text                                    0x0800025e   Section        0  uidiv.o(.text)
    .text                                    0x0800028a   Section        0  llshl.o(.text)
    .text                                    0x080002a8   Section        0  llushr.o(.text)
    .text                                    0x080002c8   Section       36  init.o(.text)
    i.BSP_SD_GetCardInfo                     0x080002ec   Section        0  bsp_driver_sd.o(i.BSP_SD_GetCardInfo)
    i.BSP_SD_GetCardState                    0x080002f8   Section        0  bsp_driver_sd.o(i.BSP_SD_GetCardState)
    i.BSP_SD_Init                            0x08000310   Section        0  bsp_driver_sd.o(i.BSP_SD_Init)
    i.BSP_SD_ReadBlocks_DMA                  0x08000344   Section        0  bsp_driver_sd.o(i.BSP_SD_ReadBlocks_DMA)
    i.BSP_SD_WriteBlocks_DMA                 0x08000360   Section        0  bsp_driver_sd.o(i.BSP_SD_WriteBlocks_DMA)
    i.DMA2_Stream3_IRQHandler                0x0800037c   Section        0  stm32f4xx_it.o(i.DMA2_Stream3_IRQHandler)
    i.DMA2_Stream6_IRQHandler                0x08000388   Section        0  stm32f4xx_it.o(i.DMA2_Stream6_IRQHandler)
    i.DMA_CalcBaseAndBitshift                0x08000394   Section        0  stm32f4xx_hal_dma.o(i.DMA_CalcBaseAndBitshift)
    DMA_CalcBaseAndBitshift                  0x08000395   Thumb Code    34  stm32f4xx_hal_dma.o(i.DMA_CalcBaseAndBitshift)
    i.DMA_CheckFifoParam                     0x080003bc   Section        0  stm32f4xx_hal_dma.o(i.DMA_CheckFifoParam)
    DMA_CheckFifoParam                       0x080003bd   Thumb Code    84  stm32f4xx_hal_dma.o(i.DMA_CheckFifoParam)
    i.DMA_SetConfig                          0x08000410   Section        0  stm32f4xx_hal_dma.o(i.DMA_SetConfig)
    DMA_SetConfig                            0x08000411   Thumb Code    40  stm32f4xx_hal_dma.o(i.DMA_SetConfig)
    i.FATFS_LinkDriver                       0x08000438   Section        0  ff_gen_drv.o(i.FATFS_LinkDriver)
    i.FATFS_LinkDriverEx                     0x08000440   Section        0  ff_gen_drv.o(i.FATFS_LinkDriverEx)
    i.HAL_DMA_Abort_IT                       0x08000480   Section        0  stm32f4xx_hal_dma.o(i.HAL_DMA_Abort_IT)
    i.HAL_DMA_IRQHandler                     0x080004a4   Section        0  stm32f4xx_hal_dma.o(i.HAL_DMA_IRQHandler)
    i.HAL_DMA_Init                           0x08000644   Section        0  stm32f4xx_hal_dma.o(i.HAL_DMA_Init)
    i.HAL_DMA_Start_IT                       0x08000718   Section        0  stm32f4xx_hal_dma.o(i.HAL_DMA_Start_IT)
    i.HAL_Delay                              0x08000790   Section        0  stm32f4xx_hal.o(i.HAL_Delay)
    i.HAL_GPIO_Init                          0x080007b4   Section        0  stm32f4xx_hal_gpio.o(i.HAL_GPIO_Init)
    i.HAL_GPIO_WritePin                      0x08000958   Section        0  stm32f4xx_hal_gpio.o(i.HAL_GPIO_WritePin)
    i.HAL_GetTick                            0x08000964   Section        0  stm32f4xx_hal.o(i.HAL_GetTick)
    i.HAL_IncTick                            0x08000970   Section        0  stm32f4xx_hal.o(i.HAL_IncTick)
    i.HAL_Init                               0x08000980   Section        0  stm32f4xx_hal.o(i.HAL_Init)
    i.HAL_InitTick                           0x080009b4   Section        0  stm32f4xx_hal.o(i.HAL_InitTick)
    i.HAL_MspInit                            0x080009f4   Section        0  stm32f4xx_hal_msp.o(i.HAL_MspInit)
    i.HAL_NVIC_EnableIRQ                     0x08000a4c   Section        0  stm32f4xx_hal_cortex.o(i.HAL_NVIC_EnableIRQ)
    i.HAL_NVIC_SetPriority                   0x08000a64   Section        0  stm32f4xx_hal_cortex.o(i.HAL_NVIC_SetPriority)
    i.HAL_NVIC_SetPriorityGrouping           0x08000aa4   Section        0  stm32f4xx_hal_cortex.o(i.HAL_NVIC_SetPriorityGrouping)
    i.HAL_RCCEx_PeriphCLKConfig              0x08000ac8   Section        0  stm32f4xx_hal_rcc_ex.o(i.HAL_RCCEx_PeriphCLKConfig)
    i.HAL_RCC_ClockConfig                    0x08000ef8   Section        0  stm32f4xx_hal_rcc.o(i.HAL_RCC_ClockConfig)
    i.HAL_RCC_GetHCLKFreq                    0x08001028   Section        0  stm32f4xx_hal_rcc.o(i.HAL_RCC_GetHCLKFreq)
    i.HAL_RCC_GetPCLK1Freq                   0x08001034   Section        0  stm32f4xx_hal_rcc.o(i.HAL_RCC_GetPCLK1Freq)
    i.HAL_RCC_GetPCLK2Freq                   0x08001054   Section        0  stm32f4xx_hal_rcc.o(i.HAL_RCC_GetPCLK2Freq)
    i.HAL_RCC_GetSysClockFreq                0x08001074   Section        0  stm32f4xx_hal_rcc_ex.o(i.HAL_RCC_GetSysClockFreq)
    i.HAL_RCC_OscConfig                      0x08001108   Section        0  stm32f4xx_hal_rcc_ex.o(i.HAL_RCC_OscConfig)
    i.HAL_SD_AbortCallback                   0x0800144c   Section        0  stm32f4xx_hal_sd.o(i.HAL_SD_AbortCallback)
    i.HAL_SD_ConfigWideBusOperation          0x0800144e   Section        0  stm32f4xx_hal_sd.o(i.HAL_SD_ConfigWideBusOperation)
    i.HAL_SD_ErrorCallback                   0x080014c6   Section        0  stm32f4xx_hal_sd.o(i.HAL_SD_ErrorCallback)
    i.HAL_SD_GetCardCSD                      0x080014c8   Section        0  stm32f4xx_hal_sd.o(i.HAL_SD_GetCardCSD)
    i.HAL_SD_GetCardInfo                     0x080016a2   Section        0  stm32f4xx_hal_sd.o(i.HAL_SD_GetCardInfo)
    i.HAL_SD_GetCardState                    0x080016c6   Section        0  stm32f4xx_hal_sd.o(i.HAL_SD_GetCardState)
    i.HAL_SD_IRQHandler                      0x080016f4   Section        0  stm32f4xx_hal_sd.o(i.HAL_SD_IRQHandler)
    i.HAL_SD_Init                            0x080018a0   Section        0  stm32f4xx_hal_sd.o(i.HAL_SD_Init)
    i.HAL_SD_InitCard                        0x080018d8   Section        0  stm32f4xx_hal_sd.o(i.HAL_SD_InitCard)
    i.HAL_SD_MspInit                         0x0800192c   Section        0  stm32f4xx_hal_msp.o(i.HAL_SD_MspInit)
    i.HAL_SD_ReadBlocks_DMA                  0x08001a88   Section        0  stm32f4xx_hal_sd.o(i.HAL_SD_ReadBlocks_DMA)
    i.HAL_SD_RxCpltCallback                  0x08001b7c   Section        0  sd_diskio.o(i.HAL_SD_RxCpltCallback)
    i.HAL_SD_TxCpltCallback                  0x08001b88   Section        0  sd_diskio.o(i.HAL_SD_TxCpltCallback)
    i.HAL_SD_WriteBlocks_DMA                 0x08001b94   Section        0  stm32f4xx_hal_sd.o(i.HAL_SD_WriteBlocks_DMA)
    i.HAL_SYSTICK_CLKSourceConfig            0x08001c88   Section        0  stm32f4xx_hal_cortex.o(i.HAL_SYSTICK_CLKSourceConfig)
    i.HAL_SYSTICK_Callback                   0x08001ca0   Section        0  stm32f4xx_hal_cortex.o(i.HAL_SYSTICK_Callback)
    i.HAL_SYSTICK_Config                     0x08001ca2   Section        0  stm32f4xx_hal_cortex.o(i.HAL_SYSTICK_Config)
    i.HAL_SYSTICK_IRQHandler                 0x08001cca   Section        0  stm32f4xx_hal_cortex.o(i.HAL_SYSTICK_IRQHandler)
    i.HAL_UART_Init                          0x08001cd2   Section        0  stm32f4xx_hal_uart.o(i.HAL_UART_Init)
    i.HAL_UART_MspInit                       0x08001d34   Section        0  stm32f4xx_hal_msp.o(i.HAL_UART_MspInit)
    i.HAL_UART_Transmit                      0x08001d80   Section        0  stm32f4xx_hal_uart.o(i.HAL_UART_Transmit)
    i.MX_FATFS_Init                          0x08001e3c   Section        0  fatfs.o(i.MX_FATFS_Init)
    i.MX_GPIO_Init                           0x08001e58   Section        0  main.o(i.MX_GPIO_Init)
    MX_GPIO_Init                             0x08001e59   Thumb Code   254  main.o(i.MX_GPIO_Init)
    i.NVIC_SetPriority                       0x08001f70   Section        0  stm32f4xx_hal_cortex.o(i.NVIC_SetPriority)
    NVIC_SetPriority                         0x08001f71   Thumb Code    32  stm32f4xx_hal_cortex.o(i.NVIC_SetPriority)
    i.SDIO_ConfigData                        0x08001f90   Section        0  stm32f4xx_ll_sdmmc.o(i.SDIO_ConfigData)
    i.SDIO_GetPowerState                     0x08001fb4   Section        0  stm32f4xx_ll_sdmmc.o(i.SDIO_GetPowerState)
    i.SDIO_GetResponse                       0x08001fbc   Section        0  stm32f4xx_ll_sdmmc.o(i.SDIO_GetResponse)
    i.SDIO_IRQHandler                        0x08001fc8   Section        0  stm32f4xx_it.o(i.SDIO_IRQHandler)
    i.SDIO_Init                              0x08001fd4   Section        0  stm32f4xx_ll_sdmmc.o(i.SDIO_Init)
    i.SDIO_PowerState_ON                     0x08001ff8   Section        0  stm32f4xx_ll_sdmmc.o(i.SDIO_PowerState_ON)
    i.SDIO_ReadFIFO                          0x08002000   Section        0  stm32f4xx_ll_sdmmc.o(i.SDIO_ReadFIFO)
    i.SDIO_SendCommand                       0x08002006   Section        0  stm32f4xx_ll_sdmmc.o(i.SDIO_SendCommand)
    i.SDIO_WriteFIFO                         0x08002026   Section        0  stm32f4xx_ll_sdmmc.o(i.SDIO_WriteFIFO)
    i.SDMMC_CmdAppCommand                    0x08002030   Section        0  stm32f4xx_ll_sdmmc.o(i.SDMMC_CmdAppCommand)
    i.SDMMC_CmdAppOperCommand                0x08002064   Section        0  stm32f4xx_ll_sdmmc.o(i.SDMMC_CmdAppOperCommand)
    i.SDMMC_CmdBlockLength                   0x08002098   Section        0  stm32f4xx_ll_sdmmc.o(i.SDMMC_CmdBlockLength)
    i.SDMMC_CmdBusWidth                      0x080020ca   Section        0  stm32f4xx_ll_sdmmc.o(i.SDMMC_CmdBusWidth)
    i.SDMMC_CmdGoIdleState                   0x080020fc   Section        0  stm32f4xx_ll_sdmmc.o(i.SDMMC_CmdGoIdleState)
    i.SDMMC_CmdOperCond                      0x0800214c   Section        0  stm32f4xx_ll_sdmmc.o(i.SDMMC_CmdOperCond)
    i.SDMMC_CmdReadMultiBlock                0x080021b4   Section        0  stm32f4xx_ll_sdmmc.o(i.SDMMC_CmdReadMultiBlock)
    i.SDMMC_CmdReadSingleBlock               0x080021e6   Section        0  stm32f4xx_ll_sdmmc.o(i.SDMMC_CmdReadSingleBlock)
    i.SDMMC_CmdSelDesel                      0x08002218   Section        0  stm32f4xx_ll_sdmmc.o(i.SDMMC_CmdSelDesel)
    i.SDMMC_CmdSendCID                       0x0800224a   Section        0  stm32f4xx_ll_sdmmc.o(i.SDMMC_CmdSendCID)
    i.SDMMC_CmdSendCSD                       0x08002276   Section        0  stm32f4xx_ll_sdmmc.o(i.SDMMC_CmdSendCSD)
    i.SDMMC_CmdSendSCR                       0x080022a2   Section        0  stm32f4xx_ll_sdmmc.o(i.SDMMC_CmdSendSCR)
    i.SDMMC_CmdSendStatus                    0x080022d2   Section        0  stm32f4xx_ll_sdmmc.o(i.SDMMC_CmdSendStatus)
    i.SDMMC_CmdSetRelAdd                     0x08002304   Section        0  stm32f4xx_ll_sdmmc.o(i.SDMMC_CmdSetRelAdd)
    i.SDMMC_CmdStopTransfer                  0x08002334   Section        0  stm32f4xx_ll_sdmmc.o(i.SDMMC_CmdStopTransfer)
    i.SDMMC_CmdWriteMultiBlock               0x08002368   Section        0  stm32f4xx_ll_sdmmc.o(i.SDMMC_CmdWriteMultiBlock)
    i.SDMMC_CmdWriteSingleBlock              0x0800239a   Section        0  stm32f4xx_ll_sdmmc.o(i.SDMMC_CmdWriteSingleBlock)
    i.SDMMC_GetCmdResp1                      0x080023cc   Section        0  stm32f4xx_ll_sdmmc.o(i.SDMMC_GetCmdResp1)
    SDMMC_GetCmdResp1                        0x080023cd   Thumb Code   276  stm32f4xx_ll_sdmmc.o(i.SDMMC_GetCmdResp1)
    i.SDMMC_GetCmdResp2                      0x080024e8   Section        0  stm32f4xx_ll_sdmmc.o(i.SDMMC_GetCmdResp2)
    SDMMC_GetCmdResp2                        0x080024e9   Thumb Code    74  stm32f4xx_ll_sdmmc.o(i.SDMMC_GetCmdResp2)
    i.SDMMC_GetCmdResp3                      0x08002538   Section        0  stm32f4xx_ll_sdmmc.o(i.SDMMC_GetCmdResp3)
    SDMMC_GetCmdResp3                        0x08002539   Thumb Code    60  stm32f4xx_ll_sdmmc.o(i.SDMMC_GetCmdResp3)
    i.SDMMC_GetCmdResp6                      0x08002578   Section        0  stm32f4xx_ll_sdmmc.o(i.SDMMC_GetCmdResp6)
    SDMMC_GetCmdResp6                        0x08002579   Thumb Code   128  stm32f4xx_ll_sdmmc.o(i.SDMMC_GetCmdResp6)
    i.SD_CheckStatus                         0x080025fc   Section        0  sd_diskio.o(i.SD_CheckStatus)
    SD_CheckStatus                           0x080025fd   Thumb Code    26  sd_diskio.o(i.SD_CheckStatus)
    i.SD_DMAError                            0x0800261c   Section        0  stm32f4xx_hal_sd.o(i.SD_DMAError)
    SD_DMAError                              0x0800261d   Thumb Code    86  stm32f4xx_hal_sd.o(i.SD_DMAError)
    i.SD_DMAReceiveCplt                      0x08002672   Section        0  stm32f4xx_hal_sd.o(i.SD_DMAReceiveCplt)
    SD_DMAReceiveCplt                        0x08002673   Thumb Code    62  stm32f4xx_hal_sd.o(i.SD_DMAReceiveCplt)
    i.SD_DMARxAbort                          0x080026b0   Section        0  stm32f4xx_hal_sd.o(i.SD_DMARxAbort)
    SD_DMARxAbort                            0x080026b1   Thumb Code    72  stm32f4xx_hal_sd.o(i.SD_DMARxAbort)
    i.SD_DMATransmitCplt                     0x080026f8   Section        0  stm32f4xx_hal_sd.o(i.SD_DMATransmitCplt)
    SD_DMATransmitCplt                       0x080026f9   Thumb Code    14  stm32f4xx_hal_sd.o(i.SD_DMATransmitCplt)
    i.SD_DMATxAbort                          0x08002706   Section        0  stm32f4xx_hal_sd.o(i.SD_DMATxAbort)
    SD_DMATxAbort                            0x08002707   Thumb Code    72  stm32f4xx_hal_sd.o(i.SD_DMATxAbort)
    i.SD_FindSCR                             0x0800274e   Section        0  stm32f4xx_hal_sd.o(i.SD_FindSCR)
    SD_FindSCR                               0x0800274f   Thumb Code   212  stm32f4xx_hal_sd.o(i.SD_FindSCR)
    i.SD_InitCard                            0x08002822   Section        0  stm32f4xx_hal_sd.o(i.SD_InitCard)
    SD_InitCard                              0x08002823   Thumb Code   230  stm32f4xx_hal_sd.o(i.SD_InitCard)
    i.SD_PowerON                             0x08002908   Section        0  stm32f4xx_hal_sd.o(i.SD_PowerON)
    SD_PowerON                               0x08002909   Thumb Code   162  stm32f4xx_hal_sd.o(i.SD_PowerON)
    i.SD_WideBus_Disable                     0x080029aa   Section        0  stm32f4xx_hal_sd.o(i.SD_WideBus_Disable)
    SD_WideBus_Disable                       0x080029ab   Thumb Code    78  stm32f4xx_hal_sd.o(i.SD_WideBus_Disable)
    i.SD_WideBus_Enable                      0x080029f8   Section        0  stm32f4xx_hal_sd.o(i.SD_WideBus_Enable)
    SD_WideBus_Enable                        0x080029f9   Thumb Code    78  stm32f4xx_hal_sd.o(i.SD_WideBus_Enable)
    i.SD_initialize                          0x08002a48   Section        0  sd_diskio.o(i.SD_initialize)
    i.SD_ioctl                               0x08002a68   Section        0  sd_diskio.o(i.SD_ioctl)
    i.SD_read                                0x08002ab8   Section        0  sd_diskio.o(i.SD_read)
    i.SD_status                              0x08002b24   Section        0  sd_diskio.o(i.SD_status)
    i.SD_write                               0x08002b28   Section        0  sd_diskio.o(i.SD_write)
    i.SysTick_Handler                        0x08002b94   Section        0  stm32f4xx_it.o(i.SysTick_Handler)
    i.SystemClock_Config                     0x08002ba4   Section        0  main.o(i.SystemClock_Config)
    i.SystemInit                             0x08002c58   Section        0  system_stm32f4xx.o(i.SystemInit)
    i.UART_SetConfig                         0x08002cac   Section        0  stm32f4xx_hal_uart.o(i.UART_SetConfig)
    UART_SetConfig                           0x08002cad   Thumb Code   676  stm32f4xx_hal_uart.o(i.UART_SetConfig)
    i.UART_WaitOnFlagUntilTimeout            0x08002f58   Section        0  stm32f4xx_hal_uart.o(i.UART_WaitOnFlagUntilTimeout)
    UART_WaitOnFlagUntilTimeout              0x08002f59   Thumb Code   100  stm32f4xx_hal_uart.o(i.UART_WaitOnFlagUntilTimeout)
    i._Error_Handler                         0x08002fbc   Section        0  main.o(i._Error_Handler)
    i.__0printf$1                            0x08002fc0   Section        0  printf1.o(i.__0printf$1)
    i.__scatterload_copy                     0x08002fe0   Section       14  handlers.o(i.__scatterload_copy)
    i.__scatterload_null                     0x08002fee   Section        2  handlers.o(i.__scatterload_null)
    i.__scatterload_zeroinit                 0x08002ff0   Section       14  handlers.o(i.__scatterload_zeroinit)
    i._printf_core                           0x08003000   Section        0  printf1.o(i._printf_core)
    _printf_core                             0x08003001   Thumb Code   336  printf1.o(i._printf_core)
    i.check_fs                               0x08003154   Section        0  ff.o(i.check_fs)
    check_fs                                 0x08003155   Thumb Code   102  ff.o(i.check_fs)
    i.chk_lock                               0x080031c4   Section        0  ff.o(i.chk_lock)
    chk_lock                                 0x080031c5   Thumb Code    86  ff.o(i.chk_lock)
    i.clear_lock                             0x08003220   Section        0  ff.o(i.clear_lock)
    clear_lock                               0x08003221   Thumb Code    28  ff.o(i.clear_lock)
    i.clust2sect                             0x08003240   Section        0  ff.o(i.clust2sect)
    clust2sect                               0x08003241   Thumb Code    24  ff.o(i.clust2sect)
    i.create_chain                           0x08003258   Section        0  ff.o(i.create_chain)
    create_chain                             0x08003259   Thumb Code   164  ff.o(i.create_chain)
    i.create_name                            0x080032fc   Section        0  ff.o(i.create_name)
    create_name                              0x080032fd   Thumb Code   168  ff.o(i.create_name)
    i.dir_find                               0x080033b8   Section        0  ff.o(i.dir_find)
    dir_find                                 0x080033b9   Thumb Code   100  ff.o(i.dir_find)
    i.dir_next                               0x0800341c   Section        0  ff.o(i.dir_next)
    dir_next                                 0x0800341d   Thumb Code   244  ff.o(i.dir_next)
    i.dir_register                           0x08003510   Section        0  ff.o(i.dir_register)
    dir_register                             0x08003511   Thumb Code   102  ff.o(i.dir_register)
    i.dir_sdi                                0x08003576   Section        0  ff.o(i.dir_sdi)
    dir_sdi                                  0x08003577   Thumb Code   130  ff.o(i.dir_sdi)
    i.disk_initialize                        0x080035f8   Section        0  diskio.o(i.disk_initialize)
    i.disk_read                              0x08003620   Section        0  diskio.o(i.disk_read)
    i.disk_status                            0x0800363c   Section        0  diskio.o(i.disk_status)
    i.disk_write                             0x08003654   Section        0  diskio.o(i.disk_write)
    i.f_mount                                0x08003670   Section        0  ff.o(i.f_mount)
    i.f_open                                 0x080036c8   Section        0  ff.o(i.f_open)
    i.find_volume                            0x080038d4   Section        0  ff.o(i.find_volume)
    find_volume                              0x080038d5   Thumb Code   582  ff.o(i.find_volume)
    i.follow_path                            0x08003b28   Section        0  ff.o(i.follow_path)
    follow_path                              0x08003b29   Thumb Code   116  ff.o(i.follow_path)
    i.fputc                                  0x08003b9c   Section        0  main.o(i.fputc)
    i.get_fat                                0x08003bb4   Section        0  ff.o(i.get_fat)
    get_fat                                  0x08003bb5   Thumb Code   190  ff.o(i.get_fat)
    i.get_fattime                            0x08003c72   Section        0  fatfs.o(i.get_fattime)
    i.get_ldnumber                           0x08003c76   Section        0  ff.o(i.get_ldnumber)
    get_ldnumber                             0x08003c77   Thumb Code    60  ff.o(i.get_ldnumber)
    i.inc_lock                               0x08003cb4   Section        0  ff.o(i.inc_lock)
    inc_lock                                 0x08003cb5   Thumb Code   124  ff.o(i.inc_lock)
    i.ld_clust                               0x08003d34   Section        0  ff.o(i.ld_clust)
    ld_clust                                 0x08003d35   Thumb Code    38  ff.o(i.ld_clust)
    i.ld_dword                               0x08003d5a   Section        0  ff.o(i.ld_dword)
    ld_dword                                 0x08003d5b   Thumb Code    22  ff.o(i.ld_dword)
    i.ld_word                                0x08003d70   Section        0  ff.o(i.ld_word)
    ld_word                                  0x08003d71   Thumb Code    10  ff.o(i.ld_word)
    i.main                                   0x08003d7c   Section        0  main.o(i.main)
    i.mem_cpy                                0x08003e54   Section        0  ff.o(i.mem_cpy)
    mem_cpy                                  0x08003e55   Thumb Code    18  ff.o(i.mem_cpy)
    i.mem_set                                0x08003e68   Section        0  ff.o(i.mem_set)
    mem_set                                  0x08003e69   Thumb Code    14  ff.o(i.mem_set)
    i.move_window                            0x08003e76   Section        0  ff.o(i.move_window)
    move_window                              0x08003e77   Thumb Code    50  ff.o(i.move_window)
    i.put_fat                                0x08003ea8   Section        0  ff.o(i.put_fat)
    put_fat                                  0x08003ea9   Thumb Code   234  ff.o(i.put_fat)
    i.remove_chain                           0x08003f92   Section        0  ff.o(i.remove_chain)
    remove_chain                             0x08003f93   Thumb Code   116  ff.o(i.remove_chain)
    i.st_clust                               0x08004006   Section        0  ff.o(i.st_clust)
    st_clust                                 0x08004007   Thumb Code    40  ff.o(i.st_clust)
    i.st_dword                               0x0800402e   Section        0  ff.o(i.st_dword)
    st_dword                                 0x0800402f   Thumb Code    16  ff.o(i.st_dword)
    i.st_word                                0x0800403e   Section        0  ff.o(i.st_word)
    st_word                                  0x0800403f   Thumb Code     8  ff.o(i.st_word)
    i.sync_window                            0x08004046   Section        0  ff.o(i.sync_window)
    sync_window                              0x08004047   Thumb Code    82  ff.o(i.sync_window)
    .constdata                               0x08004098   Section        8  stm32f4xx_hal_dma.o(.constdata)
    flagBitshiftOffset                       0x08004098   Data           8  stm32f4xx_hal_dma.o(.constdata)
    .constdata                               0x080040a0   Section      156  ff.o(.constdata)
    ExCvt                                    0x080040a0   Data         128  ff.o(.constdata)
    cst                                      0x08004120   Data          14  ff.o(.constdata)
    cst32                                    0x0800412e   Data          14  ff.o(.constdata)
    .constdata                               0x0800413c   Section       16  system_stm32f4xx.o(.constdata)
    .constdata                               0x0800414c   Section        8  system_stm32f4xx.o(.constdata)
    .constdata                               0x08004154   Section       20  sd_diskio.o(.constdata)
    .data                                    0x20000000   Section       12  stm32f4xx_hal.o(.data)
    .data                                    0x2000000c   Section        8  ff.o(.data)
    Fsid                                     0x2000000c   Data           2  ff.o(.data)
    FatFs                                    0x20000010   Data           4  ff.o(.data)
    .data                                    0x20000014   Section        4  system_stm32f4xx.o(.data)
    .data                                    0x20000018   Section        5  fatfs.o(.data)
    .data                                    0x20000020   Section       12  sd_diskio.o(.data)
    Stat                                     0x20000020   Data           1  sd_diskio.o(.data)
    WriteStatus                              0x20000024   Data           4  sd_diskio.o(.data)
    ReadStatus                               0x20000028   Data           4  sd_diskio.o(.data)
    .data                                    0x2000002c   Section        4  stdout.o(.data)
    .bss                                     0x20000030   Section       12  ff_gen_drv.o(.bss)
    .bss                                     0x2000003c   Section       32  ff.o(.bss)
    Files                                    0x2000003c   Data          32  ff.o(.bss)
    .bss                                     0x2000005c   Section      196  main.o(.bss)
    .bss                                     0x20000120   Section       96  main.o(.bss)
    .bss                                     0x20000180   Section       96  main.o(.bss)
    .bss                                     0x200001e0   Section      560  fatfs.o(.bss)
    STACK                                    0x20000410   Section     1024  startup_stm32f446xx.o(STACK)

    Global Symbols

    Symbol Name                              Value     Ov Type        Size  Object(Section)

    BuildAttributes$$THM_ISAv4$E$P$D$K$B$S$7EM$VFPi3$EXTD16$VFPS$VFMA$PE$A:L22UL41UL21$X:L11$S22US41US21$IEEE1$IW$USESV6$~STKCKD$USESV7$~SHL$OSPACE$ROPI$EBA8$MICROLIB$REQ8$PRES8$EABIv2 0x00000000   Number         0  anon$$obj.o ABSOLUTE
    __ARM_use_no_argv                        0x00000000   Number         0  main.o ABSOLUTE
    _printf_a                                0x00000000   Number         0  stubs.o ABSOLUTE
    _printf_c                                0x00000000   Number         0  stubs.o ABSOLUTE
    _printf_charcount                        0x00000000   Number         0  stubs.o ABSOLUTE
    _printf_d                                0x00000000   Number         0  stubs.o ABSOLUTE
    _printf_e                                0x00000000   Number         0  stubs.o ABSOLUTE
    _printf_f                                0x00000000   Number         0  stubs.o ABSOLUTE
    _printf_flags                            0x00000000   Number         0  stubs.o ABSOLUTE
    _printf_fp_dec                           0x00000000   Number         0  stubs.o ABSOLUTE
    _printf_fp_hex                           0x00000000   Number         0  stubs.o ABSOLUTE
    _printf_g                                0x00000000   Number         0  stubs.o ABSOLUTE
    _printf_i                                0x00000000   Number         0  stubs.o ABSOLUTE
    _printf_int_dec                          0x00000000   Number         0  stubs.o ABSOLUTE
    _printf_l                                0x00000000   Number         0  stubs.o ABSOLUTE
    _printf_lc                               0x00000000   Number         0  stubs.o ABSOLUTE
    _printf_ll                               0x00000000   Number         0  stubs.o ABSOLUTE
    _printf_lld                              0x00000000   Number         0  stubs.o ABSOLUTE
    _printf_lli                              0x00000000   Number         0  stubs.o ABSOLUTE
    _printf_llo                              0x00000000   Number         0  stubs.o ABSOLUTE
    _printf_llu                              0x00000000   Number         0  stubs.o ABSOLUTE
    _printf_llx                              0x00000000   Number         0  stubs.o ABSOLUTE
    _printf_longlong_dec                     0x00000000   Number         0  stubs.o ABSOLUTE
    _printf_longlong_hex                     0x00000000   Number         0  stubs.o ABSOLUTE
    _printf_longlong_oct                     0x00000000   Number         0  stubs.o ABSOLUTE
    _printf_ls                               0x00000000   Number         0  stubs.o ABSOLUTE
    _printf_mbtowc                           0x00000000   Number         0  stubs.o ABSOLUTE
    _printf_n                                0x00000000   Number         0  stubs.o ABSOLUTE
    _printf_o                                0x00000000   Number         0  stubs.o ABSOLUTE
    _printf_p                                0x00000000   Number         0  stubs.o ABSOLUTE
    _printf_percent                          0x00000000   Number         0  stubs.o ABSOLUTE
    _printf_pre_padding                      0x00000000   Number         0  stubs.o ABSOLUTE
    _printf_return_value                     0x00000000   Number         0  stubs.o ABSOLUTE
    _printf_s                                0x00000000   Number         0  stubs.o ABSOLUTE
    _printf_sizespec                         0x00000000   Number         0  stubs.o ABSOLUTE
    _printf_str                              0x00000000   Number         0  stubs.o ABSOLUTE
    _printf_truncate_signed                  0x00000000   Number         0  stubs.o ABSOLUTE
    _printf_truncate_unsigned                0x00000000   Number         0  stubs.o ABSOLUTE
    _printf_u                                0x00000000   Number         0  stubs.o ABSOLUTE
    _printf_wc                               0x00000000   Number         0  stubs.o ABSOLUTE
    _printf_wctomb                           0x00000000   Number         0  stubs.o ABSOLUTE
    _printf_widthprec                        0x00000000   Number         0  stubs.o ABSOLUTE
    _printf_x                                0x00000000   Number         0  stubs.o ABSOLUTE
    __cpp_initialize__aeabi_                  - Undefined Weak Reference
    __cxa_finalize                            - Undefined Weak Reference
    __decompress                              - Undefined Weak Reference
    _clock_init                               - Undefined Weak Reference
    _microlib_exit                            - Undefined Weak Reference
    __Vectors_Size                           0x000001c4   Number         0  startup_stm32f446xx.o ABSOLUTE
    __Vectors                                0x08000000   Data           4  startup_stm32f446xx.o(RESET)
    __Vectors_End                            0x080001c4   Data           0  startup_stm32f446xx.o(RESET)
    __main                                   0x080001c5   Thumb Code     0  entry.o(.ARM.Collect$$$$00000000)
    _main_stk                                0x080001c5   Thumb Code     0  entry2.o(.ARM.Collect$$$$00000001)
    _main_scatterload                        0x080001c9   Thumb Code     0  entry5.o(.ARM.Collect$$$$00000004)
    __main_after_scatterload                 0x080001cd   Thumb Code     0  entry5.o(.ARM.Collect$$$$00000004)
    _main_clock                              0x080001cd   Thumb Code     0  entry7b.o(.ARM.Collect$$$$00000008)
    _main_cpp_init                           0x080001cd   Thumb Code     0  entry8b.o(.ARM.Collect$$$$0000000A)
    _main_init                               0x080001cd   Thumb Code     0  entry9a.o(.ARM.Collect$$$$0000000B)
    __rt_final_cpp                           0x080001d5   Thumb Code     0  entry10a.o(.ARM.Collect$$$$0000000D)
    __rt_final_exit                          0x080001d5   Thumb Code     0  entry11a.o(.ARM.Collect$$$$0000000F)
    Reset_Handler                            0x080001d9   Thumb Code     8  startup_stm32f446xx.o(.text)
    NMI_Handler                              0x080001e1   Thumb Code     2  startup_stm32f446xx.o(.text)
    HardFault_Handler                        0x080001e3   Thumb Code     2  startup_stm32f446xx.o(.text)
    MemManage_Handler                        0x080001e5   Thumb Code     2  startup_stm32f446xx.o(.text)
    BusFault_Handler                         0x080001e7   Thumb Code     2  startup_stm32f446xx.o(.text)
    UsageFault_Handler                       0x080001e9   Thumb Code     2  startup_stm32f446xx.o(.text)
    SVC_Handler                              0x080001eb   Thumb Code     2  startup_stm32f446xx.o(.text)
    DebugMon_Handler                         0x080001ed   Thumb Code     2  startup_stm32f446xx.o(.text)
    PendSV_Handler                           0x080001ef   Thumb Code     2  startup_stm32f446xx.o(.text)
    ADC_IRQHandler                           0x080001f3   Thumb Code     0  startup_stm32f446xx.o(.text)
    CAN1_RX0_IRQHandler                      0x080001f3   Thumb Code     0  startup_stm32f446xx.o(.text)
    CAN1_RX1_IRQHandler                      0x080001f3   Thumb Code     0  startup_stm32f446xx.o(.text)
    CAN1_SCE_IRQHandler                      0x080001f3   Thumb Code     0  startup_stm32f446xx.o(.text)
    CAN1_TX_IRQHandler                       0x080001f3   Thumb Code     0  startup_stm32f446xx.o(.text)
    CAN2_RX0_IRQHandler                      0x080001f3   Thumb Code     0  startup_stm32f446xx.o(.text)
    CAN2_RX1_IRQHandler                      0x080001f3   Thumb Code     0  startup_stm32f446xx.o(.text)
    CAN2_SCE_IRQHandler                      0x080001f3   Thumb Code     0  startup_stm32f446xx.o(.text)
    CAN2_TX_IRQHandler                       0x080001f3   Thumb Code     0  startup_stm32f446xx.o(.text)
    CEC_IRQHandler                           0x080001f3   Thumb Code     0  startup_stm32f446xx.o(.text)
    DCMI_IRQHandler                          0x080001f3   Thumb Code     0  startup_stm32f446xx.o(.text)
    DMA1_Stream0_IRQHandler                  0x080001f3   Thumb Code     0  startup_stm32f446xx.o(.text)
    DMA1_Stream1_IRQHandler                  0x080001f3   Thumb Code     0  startup_stm32f446xx.o(.text)
    DMA1_Stream2_IRQHandler                  0x080001f3   Thumb Code     0  startup_stm32f446xx.o(.text)
    DMA1_Stream3_IRQHandler                  0x080001f3   Thumb Code     0  startup_stm32f446xx.o(.text)
    DMA1_Stream4_IRQHandler                  0x080001f3   Thumb Code     0  startup_stm32f446xx.o(.text)
    DMA1_Stream5_IRQHandler                  0x080001f3   Thumb Code     0  startup_stm32f446xx.o(.text)
    DMA1_Stream6_IRQHandler                  0x080001f3   Thumb Code     0  startup_stm32f446xx.o(.text)
    DMA1_Stream7_IRQHandler                  0x080001f3   Thumb Code     0  startup_stm32f446xx.o(.text)
    DMA2_Stream0_IRQHandler                  0x080001f3   Thumb Code     0  startup_stm32f446xx.o(.text)
    DMA2_Stream1_IRQHandler                  0x080001f3   Thumb Code     0  startup_stm32f446xx.o(.text)
    DMA2_Stream2_IRQHandler                  0x080001f3   Thumb Code     0  startup_stm32f446xx.o(.text)
    DMA2_Stream4_IRQHandler                  0x080001f3   Thumb Code     0  startup_stm32f446xx.o(.text)
    DMA2_Stream5_IRQHandler                  0x080001f3   Thumb Code     0  startup_stm32f446xx.o(.text)
    DMA2_Stream7_IRQHandler                  0x080001f3   Thumb Code     0  startup_stm32f446xx.o(.text)
    EXTI0_IRQHandler                         0x080001f3   Thumb Code     0  startup_stm32f446xx.o(.text)
    EXTI15_10_IRQHandler                     0x080001f3   Thumb Code     0  startup_stm32f446xx.o(.text)
    EXTI1_IRQHandler                         0x080001f3   Thumb Code     0  startup_stm32f446xx.o(.text)
    EXTI2_IRQHandler                         0x080001f3   Thumb Code     0  startup_stm32f446xx.o(.text)
    EXTI3_IRQHandler                         0x080001f3   Thumb Code     0  startup_stm32f446xx.o(.text)
    EXTI4_IRQHandler                         0x080001f3   Thumb Code     0  startup_stm32f446xx.o(.text)
    EXTI9_5_IRQHandler                       0x080001f3   Thumb Code     0  startup_stm32f446xx.o(.text)
    FLASH_IRQHandler                         0x080001f3   Thumb Code     0  startup_stm32f446xx.o(.text)
    FMC_IRQHandler                           0x080001f3   Thumb Code     0  startup_stm32f446xx.o(.text)
    FPU_IRQHandler                           0x080001f3   Thumb Code     0  startup_stm32f446xx.o(.text)
    I2C1_ER_IRQHandler                       0x080001f3   Thumb Code     0  startup_stm32f446xx.o(.text)
    I2C1_EV_IRQHandler                       0x080001f3   Thumb Code     0  startup_stm32f446xx.o(.text)
    I2C2_ER_IRQHandler                       0x080001f3   Thumb Code     0  startup_stm32f446xx.o(.text)
    I2C2_EV_IRQHandler                       0x080001f3   Thumb Code     0  startup_stm32f446xx.o(.text)
    I2C3_ER_IRQHandler                       0x080001f3   Thumb Code     0  startup_stm32f446xx.o(.text)
    I2C3_EV_IRQHandler                       0x080001f3   Thumb Code     0  startup_stm32f446xx.o(.text)
    I2C4_Error_IRQHandler                    0x080001f3   Thumb Code     0  startup_stm32f446xx.o(.text)
    I2C4_Event_IRQHandler                    0x080001f3   Thumb Code     0  startup_stm32f446xx.o(.text)
    OTG_FS_IRQHandler                        0x080001f3   Thumb Code     0  startup_stm32f446xx.o(.text)
    OTG_FS_WKUP_IRQHandler                   0x080001f3   Thumb Code     0  startup_stm32f446xx.o(.text)
    OTG_HS_EP1_IN_IRQHandler                 0x080001f3   Thumb Code     0  startup_stm32f446xx.o(.text)
    OTG_HS_EP1_OUT_IRQHandler                0x080001f3   Thumb Code     0  startup_stm32f446xx.o(.text)
    OTG_HS_IRQHandler                        0x080001f3   Thumb Code     0  startup_stm32f446xx.o(.text)
    OTG_HS_WKUP_IRQHandler                   0x080001f3   Thumb Code     0  startup_stm32f446xx.o(.text)
    PVD_IRQHandler                           0x080001f3   Thumb Code     0  startup_stm32f446xx.o(.text)
    QUADSPI_IRQHandler                       0x080001f3   Thumb Code     0  startup_stm32f446xx.o(.text)
    RCC_IRQHandler                           0x080001f3   Thumb Code     0  startup_stm32f446xx.o(.text)
    RTC_Alarm_IRQHandler                     0x080001f3   Thumb Code     0  startup_stm32f446xx.o(.text)
    RTC_WKUP_IRQHandler                      0x080001f3   Thumb Code     0  startup_stm32f446xx.o(.text)
    SAI1_IRQHandler                          0x080001f3   Thumb Code     0  startup_stm32f446xx.o(.text)
    SAI2_IRQHandler                          0x080001f3   Thumb Code     0  startup_stm32f446xx.o(.text)
    SPDIF_RX_IRQHandler                      0x080001f3   Thumb Code     0  startup_stm32f446xx.o(.text)
    SPI1_IRQHandler                          0x080001f3   Thumb Code     0  startup_stm32f446xx.o(.text)
    SPI2_IRQHandler                          0x080001f3   Thumb Code     0  startup_stm32f446xx.o(.text)
    SPI3_IRQHandler                          0x080001f3   Thumb Code     0  startup_stm32f446xx.o(.text)
    SPI4_IRQHandler                          0x080001f3   Thumb Code     0  startup_stm32f446xx.o(.text)
    TAMP_STAMP_IRQHandler                    0x080001f3   Thumb Code     0  startup_stm32f446xx.o(.text)
    TIM1_BRK_TIM9_IRQHandler                 0x080001f3   Thumb Code     0  startup_stm32f446xx.o(.text)
    TIM1_CC_IRQHandler                       0x080001f3   Thumb Code     0  startup_stm32f446xx.o(.text)
    TIM1_TRG_COM_TIM11_IRQHandler            0x080001f3   Thumb Code     0  startup_stm32f446xx.o(.text)
    TIM1_UP_TIM10_IRQHandler                 0x080001f3   Thumb Code     0  startup_stm32f446xx.o(.text)
    TIM2_IRQHandler                          0x080001f3   Thumb Code     0  startup_stm32f446xx.o(.text)
    TIM3_IRQHandler                          0x080001f3   Thumb Code     0  startup_stm32f446xx.o(.text)
    TIM4_IRQHandler                          0x080001f3   Thumb Code     0  startup_stm32f446xx.o(.text)
    TIM5_IRQHandler                          0x080001f3   Thumb Code     0  startup_stm32f446xx.o(.text)
    TIM6_DAC_IRQHandler                      0x080001f3   Thumb Code     0  startup_stm32f446xx.o(.text)
    TIM7_IRQHandler                          0x080001f3   Thumb Code     0  startup_stm32f446xx.o(.text)
    TIM8_BRK_TIM12_IRQHandler                0x080001f3   Thumb Code     0  startup_stm32f446xx.o(.text)
    TIM8_CC_IRQHandler                       0x080001f3   Thumb Code     0  startup_stm32f446xx.o(.text)
    TIM8_TRG_COM_TIM14_IRQHandler            0x080001f3   Thumb Code     0  startup_stm32f446xx.o(.text)
    TIM8_UP_TIM13_IRQHandler                 0x080001f3   Thumb Code     0  startup_stm32f446xx.o(.text)
    UART4_IRQHandler                         0x080001f3   Thumb Code     0  startup_stm32f446xx.o(.text)
    UART5_IRQHandler                         0x080001f3   Thumb Code     0  startup_stm32f446xx.o(.text)
    USART1_IRQHandler                        0x080001f3   Thumb Code     0  startup_stm32f446xx.o(.text)
    USART2_IRQHandler                        0x080001f3   Thumb Code     0  startup_stm32f446xx.o(.text)
    USART3_IRQHandler                        0x080001f3   Thumb Code     0  startup_stm32f446xx.o(.text)
    USART6_IRQHandler                        0x080001f3   Thumb Code     0  startup_stm32f446xx.o(.text)
    WWDG_IRQHandler                          0x080001f3   Thumb Code     0  startup_stm32f446xx.o(.text)
    __aeabi_uldivmod                         0x080001fd   Thumb Code    98  uldiv.o(.text)
    __aeabi_uidiv                            0x0800025f   Thumb Code     0  uidiv.o(.text)
    __aeabi_uidivmod                         0x0800025f   Thumb Code    44  uidiv.o(.text)
    __aeabi_llsl                             0x0800028b   Thumb Code    30  llshl.o(.text)
    _ll_shift_l                              0x0800028b   Thumb Code     0  llshl.o(.text)
    __aeabi_llsr                             0x080002a9   Thumb Code    32  llushr.o(.text)
    _ll_ushift_r                             0x080002a9   Thumb Code     0  llushr.o(.text)
    __scatterload                            0x080002c9   Thumb Code    28  init.o(.text)
    __scatterload_rt2                        0x080002c9   Thumb Code     0  init.o(.text)
    BSP_SD_GetCardInfo                       0x080002ed   Thumb Code     8  bsp_driver_sd.o(i.BSP_SD_GetCardInfo)
    BSP_SD_GetCardState                      0x080002f9   Thumb Code    20  bsp_driver_sd.o(i.BSP_SD_GetCardState)
    BSP_SD_Init                              0x08000311   Thumb Code    48  bsp_driver_sd.o(i.BSP_SD_Init)
    BSP_SD_ReadBlocks_DMA                    0x08000345   Thumb Code    24  bsp_driver_sd.o(i.BSP_SD_ReadBlocks_DMA)
    BSP_SD_WriteBlocks_DMA                   0x08000361   Thumb Code    24  bsp_driver_sd.o(i.BSP_SD_WriteBlocks_DMA)
    DMA2_Stream3_IRQHandler                  0x0800037d   Thumb Code     6  stm32f4xx_it.o(i.DMA2_Stream3_IRQHandler)
    DMA2_Stream6_IRQHandler                  0x08000389   Thumb Code     6  stm32f4xx_it.o(i.DMA2_Stream6_IRQHandler)
    FATFS_LinkDriver                         0x08000439   Thumb Code     6  ff_gen_drv.o(i.FATFS_LinkDriver)
    FATFS_LinkDriverEx                       0x08000441   Thumb Code    58  ff_gen_drv.o(i.FATFS_LinkDriverEx)
    HAL_DMA_Abort_IT                         0x08000481   Thumb Code    36  stm32f4xx_hal_dma.o(i.HAL_DMA_Abort_IT)
    HAL_DMA_IRQHandler                       0x080004a5   Thumb Code   412  stm32f4xx_hal_dma.o(i.HAL_DMA_IRQHandler)
    HAL_DMA_Init                             0x08000645   Thumb Code   206  stm32f4xx_hal_dma.o(i.HAL_DMA_Init)
    HAL_DMA_Start_IT                         0x08000719   Thumb Code   120  stm32f4xx_hal_dma.o(i.HAL_DMA_Start_IT)
    HAL_Delay                                0x08000791   Thumb Code    32  stm32f4xx_hal.o(i.HAL_Delay)
    HAL_GPIO_Init                            0x080007b5   Thumb Code   378  stm32f4xx_hal_gpio.o(i.HAL_GPIO_Init)
    HAL_GPIO_WritePin                        0x08000959   Thumb Code    10  stm32f4xx_hal_gpio.o(i.HAL_GPIO_WritePin)
    HAL_GetTick                              0x08000965   Thumb Code     6  stm32f4xx_hal.o(i.HAL_GetTick)
    HAL_IncTick                              0x08000971   Thumb Code    12  stm32f4xx_hal.o(i.HAL_IncTick)
    HAL_Init                                 0x08000981   Thumb Code    48  stm32f4xx_hal.o(i.HAL_Init)
    HAL_InitTick                             0x080009b5   Thumb Code    54  stm32f4xx_hal.o(i.HAL_InitTick)
    HAL_MspInit                              0x080009f5   Thumb Code    88  stm32f4xx_hal_msp.o(i.HAL_MspInit)
    HAL_NVIC_EnableIRQ                       0x08000a4d   Thumb Code    22  stm32f4xx_hal_cortex.o(i.HAL_NVIC_EnableIRQ)
    HAL_NVIC_SetPriority                     0x08000a65   Thumb Code    60  stm32f4xx_hal_cortex.o(i.HAL_NVIC_SetPriority)
    HAL_NVIC_SetPriorityGrouping             0x08000aa5   Thumb Code    26  stm32f4xx_hal_cortex.o(i.HAL_NVIC_SetPriorityGrouping)
    HAL_RCCEx_PeriphCLKConfig                0x08000ac9   Thumb Code  1072  stm32f4xx_hal_rcc_ex.o(i.HAL_RCCEx_PeriphCLKConfig)
    HAL_RCC_ClockConfig                      0x08000ef9   Thumb Code   286  stm32f4xx_hal_rcc.o(i.HAL_RCC_ClockConfig)
    HAL_RCC_GetHCLKFreq                      0x08001029   Thumb Code     6  stm32f4xx_hal_rcc.o(i.HAL_RCC_GetHCLKFreq)
    HAL_RCC_GetPCLK1Freq                     0x08001035   Thumb Code    20  stm32f4xx_hal_rcc.o(i.HAL_RCC_GetPCLK1Freq)
    HAL_RCC_GetPCLK2Freq                     0x08001055   Thumb Code    20  stm32f4xx_hal_rcc.o(i.HAL_RCC_GetPCLK2Freq)
    HAL_RCC_GetSysClockFreq                  0x08001075   Thumb Code   140  stm32f4xx_hal_rcc_ex.o(i.HAL_RCC_GetSysClockFreq)
    HAL_RCC_OscConfig                        0x08001109   Thumb Code   814  stm32f4xx_hal_rcc_ex.o(i.HAL_RCC_OscConfig)
    HAL_SD_AbortCallback                     0x0800144d   Thumb Code     2  stm32f4xx_hal_sd.o(i.HAL_SD_AbortCallback)
    HAL_SD_ConfigWideBusOperation            0x0800144f   Thumb Code   120  stm32f4xx_hal_sd.o(i.HAL_SD_ConfigWideBusOperation)
    HAL_SD_ErrorCallback                     0x080014c7   Thumb Code     2  stm32f4xx_hal_sd.o(i.HAL_SD_ErrorCallback)
    HAL_SD_GetCardCSD                        0x080014c9   Thumb Code   474  stm32f4xx_hal_sd.o(i.HAL_SD_GetCardCSD)
    HAL_SD_GetCardInfo                       0x080016a3   Thumb Code    36  stm32f4xx_hal_sd.o(i.HAL_SD_GetCardInfo)
    HAL_SD_GetCardState                      0x080016c7   Thumb Code    44  stm32f4xx_hal_sd.o(i.HAL_SD_GetCardState)
    HAL_SD_IRQHandler                        0x080016f5   Thumb Code   420  stm32f4xx_hal_sd.o(i.HAL_SD_IRQHandler)
    HAL_SD_Init                              0x080018a1   Thumb Code    54  stm32f4xx_hal_sd.o(i.HAL_SD_Init)
    HAL_SD_InitCard                          0x080018d9   Thumb Code    80  stm32f4xx_hal_sd.o(i.HAL_SD_InitCard)
    HAL_SD_MspInit                           0x0800192d   Thumb Code   290  stm32f4xx_hal_msp.o(i.HAL_SD_MspInit)
    HAL_SD_ReadBlocks_DMA                    0x08001a89   Thumb Code   230  stm32f4xx_hal_sd.o(i.HAL_SD_ReadBlocks_DMA)
    HAL_SD_RxCpltCallback                    0x08001b7d   Thumb Code     8  sd_diskio.o(i.HAL_SD_RxCpltCallback)
    HAL_SD_TxCpltCallback                    0x08001b89   Thumb Code     8  sd_diskio.o(i.HAL_SD_TxCpltCallback)
    HAL_SD_WriteBlocks_DMA                   0x08001b95   Thumb Code   232  stm32f4xx_hal_sd.o(i.HAL_SD_WriteBlocks_DMA)
    HAL_SYSTICK_CLKSourceConfig              0x08001c89   Thumb Code    24  stm32f4xx_hal_cortex.o(i.HAL_SYSTICK_CLKSourceConfig)
    HAL_SYSTICK_Callback                     0x08001ca1   Thumb Code     2  stm32f4xx_hal_cortex.o(i.HAL_SYSTICK_Callback)
    HAL_SYSTICK_Config                       0x08001ca3   Thumb Code    40  stm32f4xx_hal_cortex.o(i.HAL_SYSTICK_Config)
    HAL_SYSTICK_IRQHandler                   0x08001ccb   Thumb Code     8  stm32f4xx_hal_cortex.o(i.HAL_SYSTICK_IRQHandler)
    HAL_UART_Init                            0x08001cd3   Thumb Code    98  stm32f4xx_hal_uart.o(i.HAL_UART_Init)
    HAL_UART_MspInit                         0x08001d35   Thumb Code    64  stm32f4xx_hal_msp.o(i.HAL_UART_MspInit)
    HAL_UART_Transmit                        0x08001d81   Thumb Code   186  stm32f4xx_hal_uart.o(i.HAL_UART_Transmit)
    MX_FATFS_Init                            0x08001e3d   Thumb Code    18  fatfs.o(i.MX_FATFS_Init)
    SDIO_ConfigData                          0x08001f91   Thumb Code    36  stm32f4xx_ll_sdmmc.o(i.SDIO_ConfigData)
    SDIO_GetPowerState                       0x08001fb5   Thumb Code     8  stm32f4xx_ll_sdmmc.o(i.SDIO_GetPowerState)
    SDIO_GetResponse                         0x08001fbd   Thumb Code    12  stm32f4xx_ll_sdmmc.o(i.SDIO_GetResponse)
    SDIO_IRQHandler                          0x08001fc9   Thumb Code     6  stm32f4xx_it.o(i.SDIO_IRQHandler)
    SDIO_Init                                0x08001fd5   Thumb Code    36  stm32f4xx_ll_sdmmc.o(i.SDIO_Init)
    SDIO_PowerState_ON                       0x08001ff9   Thumb Code     8  stm32f4xx_ll_sdmmc.o(i.SDIO_PowerState_ON)
    SDIO_ReadFIFO                            0x08002001   Thumb Code     6  stm32f4xx_ll_sdmmc.o(i.SDIO_ReadFIFO)
    SDIO_SendCommand                         0x08002007   Thumb Code    32  stm32f4xx_ll_sdmmc.o(i.SDIO_SendCommand)
    SDIO_WriteFIFO                           0x08002027   Thumb Code    10  stm32f4xx_ll_sdmmc.o(i.SDIO_WriteFIFO)
    SDMMC_CmdAppCommand                      0x08002031   Thumb Code    50  stm32f4xx_ll_sdmmc.o(i.SDMMC_CmdAppCommand)
    SDMMC_CmdAppOperCommand                  0x08002065   Thumb Code    48  stm32f4xx_ll_sdmmc.o(i.SDMMC_CmdAppOperCommand)
    SDMMC_CmdBlockLength                     0x08002099   Thumb Code    50  stm32f4xx_ll_sdmmc.o(i.SDMMC_CmdBlockLength)
    SDMMC_CmdBusWidth                        0x080020cb   Thumb Code    50  stm32f4xx_ll_sdmmc.o(i.SDMMC_CmdBusWidth)
    SDMMC_CmdGoIdleState                     0x080020fd   Thumb Code    76  stm32f4xx_ll_sdmmc.o(i.SDMMC_CmdGoIdleState)
    SDMMC_CmdOperCond                        0x0800214d   Thumb Code    98  stm32f4xx_ll_sdmmc.o(i.SDMMC_CmdOperCond)
    SDMMC_CmdReadMultiBlock                  0x080021b5   Thumb Code    50  stm32f4xx_ll_sdmmc.o(i.SDMMC_CmdReadMultiBlock)
    SDMMC_CmdReadSingleBlock                 0x080021e7   Thumb Code    50  stm32f4xx_ll_sdmmc.o(i.SDMMC_CmdReadSingleBlock)
    SDMMC_CmdSelDesel                        0x08002219   Thumb Code    50  stm32f4xx_ll_sdmmc.o(i.SDMMC_CmdSelDesel)
    SDMMC_CmdSendCID                         0x0800224b   Thumb Code    44  stm32f4xx_ll_sdmmc.o(i.SDMMC_CmdSendCID)
    SDMMC_CmdSendCSD                         0x08002277   Thumb Code    44  stm32f4xx_ll_sdmmc.o(i.SDMMC_CmdSendCSD)
    SDMMC_CmdSendSCR                         0x080022a3   Thumb Code    48  stm32f4xx_ll_sdmmc.o(i.SDMMC_CmdSendSCR)
    SDMMC_CmdSendStatus                      0x080022d3   Thumb Code    50  stm32f4xx_ll_sdmmc.o(i.SDMMC_CmdSendStatus)
    SDMMC_CmdSetRelAdd                       0x08002305   Thumb Code    48  stm32f4xx_ll_sdmmc.o(i.SDMMC_CmdSetRelAdd)
    SDMMC_CmdStopTransfer                    0x08002335   Thumb Code    46  stm32f4xx_ll_sdmmc.o(i.SDMMC_CmdStopTransfer)
    SDMMC_CmdWriteMultiBlock                 0x08002369   Thumb Code    50  stm32f4xx_ll_sdmmc.o(i.SDMMC_CmdWriteMultiBlock)
    SDMMC_CmdWriteSingleBlock                0x0800239b   Thumb Code    50  stm32f4xx_ll_sdmmc.o(i.SDMMC_CmdWriteSingleBlock)
    SD_initialize                            0x08002a49   Thumb Code    28  sd_diskio.o(i.SD_initialize)
    SD_ioctl                                 0x08002a69   Thumb Code    76  sd_diskio.o(i.SD_ioctl)
    SD_read                                  0x08002ab9   Thumb Code   102  sd_diskio.o(i.SD_read)
    SD_status                                0x08002b25   Thumb Code     4  sd_diskio.o(i.SD_status)
    SD_write                                 0x08002b29   Thumb Code   102  sd_diskio.o(i.SD_write)
    SysTick_Handler                          0x08002b95   Thumb Code    14  stm32f4xx_it.o(i.SysTick_Handler)
    SystemClock_Config                       0x08002ba5   Thumb Code   170  main.o(i.SystemClock_Config)
    SystemInit                               0x08002c59   Thumb Code    66  system_stm32f4xx.o(i.SystemInit)
    _Error_Handler                           0x08002fbd   Thumb Code     2  main.o(i._Error_Handler)
    __0printf$1                              0x08002fc1   Thumb Code    22  printf1.o(i.__0printf$1)
    __1printf$1                              0x08002fc1   Thumb Code     0  printf1.o(i.__0printf$1)
    __2printf                                0x08002fc1   Thumb Code     0  printf1.o(i.__0printf$1)
    __scatterload_copy                       0x08002fe1   Thumb Code    14  handlers.o(i.__scatterload_copy)
    __scatterload_null                       0x08002fef   Thumb Code     2  handlers.o(i.__scatterload_null)
    __scatterload_zeroinit                   0x08002ff1   Thumb Code    14  handlers.o(i.__scatterload_zeroinit)
    disk_initialize                          0x080035f9   Thumb Code    36  diskio.o(i.disk_initialize)
    disk_read                                0x08003621   Thumb Code    24  diskio.o(i.disk_read)
    disk_status                              0x0800363d   Thumb Code    18  diskio.o(i.disk_status)
    disk_write                               0x08003655   Thumb Code    24  diskio.o(i.disk_write)
    f_mount                                  0x08003671   Thumb Code    84  ff.o(i.f_mount)
    f_open                                   0x080036c9   Thumb Code   518  ff.o(i.f_open)
    fputc                                    0x08003b9d   Thumb Code    20  main.o(i.fputc)
    get_fattime                              0x08003c73   Thumb Code     4  fatfs.o(i.get_fattime)
    main                                     0x08003d7d   Thumb Code   158  main.o(i.main)
    AHBPrescTable                            0x0800413c   Data          16  system_stm32f4xx.o(.constdata)
    APBPrescTable                            0x0800414c   Data           8  system_stm32f4xx.o(.constdata)
    SD_Driver                                0x08004154   Data          20  sd_diskio.o(.constdata)
    Region$$Table$$Base                      0x08004168   Number         0  anon$$obj.o(Region$$Table)
    Region$$Table$$Limit                     0x08004188   Number         0  anon$$obj.o(Region$$Table)
    uwTickFreq                               0x20000000   Data           1  stm32f4xx_hal.o(.data)
    uwTickPrio                               0x20000004   Data           4  stm32f4xx_hal.o(.data)
    uwTick                                   0x20000008   Data           4  stm32f4xx_hal.o(.data)
    SystemCoreClock                          0x20000014   Data           4  system_stm32f4xx.o(.data)
    retSD                                    0x20000018   Data           1  fatfs.o(.data)
    SDPath                                   0x20000019   Data           4  fatfs.o(.data)
    __stdout                                 0x2000002c   Data           4  stdout.o(.data)
    disk                                     0x20000030   Data          12  ff_gen_drv.o(.bss)
    hsd                                      0x2000005c   Data         132  main.o(.bss)
    huart3                                   0x200000e0   Data          64  main.o(.bss)
    hdma_sdio_rx                             0x20000120   Data          96  main.o(.bss)
    hdma_sdio_tx                             0x20000180   Data          96  main.o(.bss)
    SDFatFS                                  0x200001e0   Data         560  fatfs.o(.bss)
    __initial_sp                             0x20000810   Data           0  startup_stm32f446xx.o(STACK)



==============================================================================

Memory Map of the image

  Image Entry point : 0x080001c5

  Load Region LR_IROM1 (Base: 0x08000000, Size: 0x000041b8, Max: 0x00080000, ABSOLUTE)

    Execution Region ER_IROM1 (Base: 0x08000000, Size: 0x00004188, Max: 0x00080000, ABSOLUTE)

    Base Addr    Size         Type   Attr      Idx    E Section Name        Object

    0x08000000   0x000001c4   Data   RO            3    RESET               startup_stm32f446xx.o
    0x080001c4   0x00000000   Code   RO         3021  * .ARM.Collect$$$$00000000  mc_w.l(entry.o)
    0x080001c4   0x00000004   Code   RO         3287    .ARM.Collect$$$$00000001  mc_w.l(entry2.o)
    0x080001c8   0x00000004   Code   RO         3290    .ARM.Collect$$$$00000004  mc_w.l(entry5.o)
    0x080001cc   0x00000000   Code   RO         3292    .ARM.Collect$$$$00000008  mc_w.l(entry7b.o)
    0x080001cc   0x00000000   Code   RO         3294    .ARM.Collect$$$$0000000A  mc_w.l(entry8b.o)
    0x080001cc   0x00000008   Code   RO         3295    .ARM.Collect$$$$0000000B  mc_w.l(entry9a.o)
    0x080001d4   0x00000000   Code   RO         3297    .ARM.Collect$$$$0000000D  mc_w.l(entry10a.o)
    0x080001d4   0x00000000   Code   RO         3299    .ARM.Collect$$$$0000000F  mc_w.l(entry11a.o)
    0x080001d4   0x00000004   Code   RO         3288    .ARM.Collect$$$$00002712  mc_w.l(entry2.o)
    0x080001d8   0x00000024   Code   RO            4    .text               startup_stm32f446xx.o
    0x080001fc   0x00000062   Code   RO         3024    .text               mc_w.l(uldiv.o)
    0x0800025e   0x0000002c   Code   RO         3302    .text               mc_w.l(uidiv.o)
    0x0800028a   0x0000001e   Code   RO         3304    .text               mc_w.l(llshl.o)
    0x080002a8   0x00000020   Code   RO         3306    .text               mc_w.l(llushr.o)
    0x080002c8   0x00000024   Code   RO         3319    .text               mc_w.l(init.o)
    0x080002ec   0x0000000c   Code   RO         2644    i.BSP_SD_GetCardInfo  bsp_driver_sd.o
    0x080002f8   0x00000018   Code   RO         2645    i.BSP_SD_GetCardState  bsp_driver_sd.o
    0x08000310   0x00000034   Code   RO         2648    i.BSP_SD_Init       bsp_driver_sd.o
    0x08000344   0x0000001c   Code   RO         2651    i.BSP_SD_ReadBlocks_DMA  bsp_driver_sd.o
    0x08000360   0x0000001c   Code   RO         2653    i.BSP_SD_WriteBlocks_DMA  bsp_driver_sd.o
    0x0800037c   0x0000000c   Code   RO         2929    i.DMA2_Stream3_IRQHandler  stm32f4xx_it.o
    0x08000388   0x0000000c   Code   RO         2930    i.DMA2_Stream6_IRQHandler  stm32f4xx_it.o
    0x08000394   0x00000028   Code   RO          309    i.DMA_CalcBaseAndBitshift  stm32f4xx_hal_dma.o
    0x080003bc   0x00000054   Code   RO          310    i.DMA_CheckFifoParam  stm32f4xx_hal_dma.o
    0x08000410   0x00000028   Code   RO          311    i.DMA_SetConfig     stm32f4xx_hal_dma.o
    0x08000438   0x00000006   Code   RO         2116    i.FATFS_LinkDriver  ff_gen_drv.o
    0x0800043e   0x00000002   PAD
    0x08000440   0x00000040   Code   RO         2117    i.FATFS_LinkDriverEx  ff_gen_drv.o
    0x08000480   0x00000024   Code   RO          313    i.HAL_DMA_Abort_IT  stm32f4xx_hal_dma.o
    0x080004a4   0x000001a0   Code   RO          317    i.HAL_DMA_IRQHandler  stm32f4xx_hal_dma.o
    0x08000644   0x000000d4   Code   RO          318    i.HAL_DMA_Init      stm32f4xx_hal_dma.o
    0x08000718   0x00000078   Code   RO          322    i.HAL_DMA_Start_IT  stm32f4xx_hal_dma.o
    0x08000790   0x00000024   Code   RO         1331    i.HAL_Delay         stm32f4xx_hal.o
    0x080007b4   0x000001a4   Code   RO         1726    i.HAL_GPIO_Init     stm32f4xx_hal_gpio.o
    0x08000958   0x0000000a   Code   RO         1730    i.HAL_GPIO_WritePin  stm32f4xx_hal_gpio.o
    0x08000962   0x00000002   PAD
    0x08000964   0x0000000c   Code   RO         1337    i.HAL_GetTick       stm32f4xx_hal.o
    0x08000970   0x00000010   Code   RO         1341    i.HAL_IncTick       stm32f4xx_hal.o
    0x08000980   0x00000034   Code   RO         1342    i.HAL_Init          stm32f4xx_hal.o
    0x080009b4   0x00000040   Code   RO         1343    i.HAL_InitTick      stm32f4xx_hal.o
    0x080009f4   0x00000058   Code   RO         2975    i.HAL_MspInit       stm32f4xx_hal_msp.o
    0x08000a4c   0x00000016   Code   RO         1080    i.HAL_NVIC_EnableIRQ  stm32f4xx_hal_cortex.o
    0x08000a62   0x00000002   PAD
    0x08000a64   0x00000040   Code   RO         1086    i.HAL_NVIC_SetPriority  stm32f4xx_hal_cortex.o
    0x08000aa4   0x00000024   Code   RO         1087    i.HAL_NVIC_SetPriorityGrouping  stm32f4xx_hal_cortex.o
    0x08000ac8   0x00000430   Code   RO         1621    i.HAL_RCCEx_PeriphCLKConfig  stm32f4xx_hal_rcc_ex.o
    0x08000ef8   0x00000130   Code   RO          698    i.HAL_RCC_ClockConfig  stm32f4xx_hal_rcc.o
    0x08001028   0x0000000c   Code   RO          703    i.HAL_RCC_GetHCLKFreq  stm32f4xx_hal_rcc.o
    0x08001034   0x00000020   Code   RO          705    i.HAL_RCC_GetPCLK1Freq  stm32f4xx_hal_rcc.o
    0x08001054   0x00000020   Code   RO          706    i.HAL_RCC_GetPCLK2Freq  stm32f4xx_hal_rcc.o
    0x08001074   0x00000094   Code   RO         1625    i.HAL_RCC_GetSysClockFreq  stm32f4xx_hal_rcc_ex.o
    0x08001108   0x00000344   Code   RO         1626    i.HAL_RCC_OscConfig  stm32f4xx_hal_rcc_ex.o
    0x0800144c   0x00000002   Code   RO          800    i.HAL_SD_AbortCallback  stm32f4xx_hal_sd.o
    0x0800144e   0x00000078   Code   RO          802    i.HAL_SD_ConfigWideBusOperation  stm32f4xx_hal_sd.o
    0x080014c6   0x00000002   Code   RO          805    i.HAL_SD_ErrorCallback  stm32f4xx_hal_sd.o
    0x080014c8   0x000001da   Code   RO          807    i.HAL_SD_GetCardCSD  stm32f4xx_hal_sd.o
    0x080016a2   0x00000024   Code   RO          808    i.HAL_SD_GetCardInfo  stm32f4xx_hal_sd.o
    0x080016c6   0x0000002c   Code   RO          809    i.HAL_SD_GetCardState  stm32f4xx_hal_sd.o
    0x080016f2   0x00000002   PAD
    0x080016f4   0x000001ac   Code   RO          813    i.HAL_SD_IRQHandler  stm32f4xx_hal_sd.o
    0x080018a0   0x00000036   Code   RO          814    i.HAL_SD_Init       stm32f4xx_hal_sd.o
    0x080018d6   0x00000002   PAD
    0x080018d8   0x00000054   Code   RO          815    i.HAL_SD_InitCard   stm32f4xx_hal_sd.o
    0x0800192c   0x0000015c   Code   RO         2977    i.HAL_SD_MspInit    stm32f4xx_hal_msp.o
    0x08001a88   0x000000f4   Code   RO          819    i.HAL_SD_ReadBlocks_DMA  stm32f4xx_hal_sd.o
    0x08001b7c   0x0000000c   Code   RO         2847    i.HAL_SD_RxCpltCallback  sd_diskio.o
    0x08001b88   0x0000000c   Code   RO         2848    i.HAL_SD_TxCpltCallback  sd_diskio.o
    0x08001b94   0x000000f4   Code   RO          824    i.HAL_SD_WriteBlocks_DMA  stm32f4xx_hal_sd.o
    0x08001c88   0x00000018   Code   RO         1089    i.HAL_SYSTICK_CLKSourceConfig  stm32f4xx_hal_cortex.o
    0x08001ca0   0x00000002   Code   RO         1090    i.HAL_SYSTICK_Callback  stm32f4xx_hal_cortex.o
    0x08001ca2   0x00000028   Code   RO         1091    i.HAL_SYSTICK_Config  stm32f4xx_hal_cortex.o
    0x08001cca   0x00000008   Code   RO         1092    i.HAL_SYSTICK_IRQHandler  stm32f4xx_hal_cortex.o
    0x08001cd2   0x00000062   Code   RO         1814    i.HAL_UART_Init     stm32f4xx_hal_uart.o
    0x08001d34   0x0000004c   Code   RO         2979    i.HAL_UART_MspInit  stm32f4xx_hal_msp.o
    0x08001d80   0x000000ba   Code   RO         1822    i.HAL_UART_Transmit  stm32f4xx_hal_uart.o
    0x08001e3a   0x00000002   PAD
    0x08001e3c   0x0000001c   Code   RO         2807    i.MX_FATFS_Init     fatfs.o
    0x08001e58   0x00000118   Code   RO         2747    i.MX_GPIO_Init      main.o
    0x08001f70   0x00000020   Code   RO         1093    i.NVIC_SetPriority  stm32f4xx_hal_cortex.o
    0x08001f90   0x00000024   Code   RO          415    i.SDIO_ConfigData   stm32f4xx_ll_sdmmc.o
    0x08001fb4   0x00000008   Code   RO          419    i.SDIO_GetPowerState  stm32f4xx_ll_sdmmc.o
    0x08001fbc   0x0000000c   Code   RO          420    i.SDIO_GetResponse  stm32f4xx_ll_sdmmc.o
    0x08001fc8   0x0000000c   Code   RO         2931    i.SDIO_IRQHandler   stm32f4xx_it.o
    0x08001fd4   0x00000024   Code   RO          421    i.SDIO_Init         stm32f4xx_ll_sdmmc.o
    0x08001ff8   0x00000008   Code   RO          423    i.SDIO_PowerState_ON  stm32f4xx_ll_sdmmc.o
    0x08002000   0x00000006   Code   RO          424    i.SDIO_ReadFIFO     stm32f4xx_ll_sdmmc.o
    0x08002006   0x00000020   Code   RO          425    i.SDIO_SendCommand  stm32f4xx_ll_sdmmc.o
    0x08002026   0x0000000a   Code   RO          427    i.SDIO_WriteFIFO    stm32f4xx_ll_sdmmc.o
    0x08002030   0x00000032   Code   RO          428    i.SDMMC_CmdAppCommand  stm32f4xx_ll_sdmmc.o
    0x08002062   0x00000002   PAD
    0x08002064   0x00000034   Code   RO          429    i.SDMMC_CmdAppOperCommand  stm32f4xx_ll_sdmmc.o
    0x08002098   0x00000032   Code   RO          430    i.SDMMC_CmdBlockLength  stm32f4xx_ll_sdmmc.o
    0x080020ca   0x00000032   Code   RO          431    i.SDMMC_CmdBusWidth  stm32f4xx_ll_sdmmc.o
    0x080020fc   0x00000050   Code   RO          435    i.SDMMC_CmdGoIdleState  stm32f4xx_ll_sdmmc.o
    0x0800214c   0x00000068   Code   RO          437    i.SDMMC_CmdOperCond  stm32f4xx_ll_sdmmc.o
    0x080021b4   0x00000032   Code   RO          438    i.SDMMC_CmdReadMultiBlock  stm32f4xx_ll_sdmmc.o
    0x080021e6   0x00000032   Code   RO          439    i.SDMMC_CmdReadSingleBlock  stm32f4xx_ll_sdmmc.o
    0x08002218   0x00000032   Code   RO          442    i.SDMMC_CmdSelDesel  stm32f4xx_ll_sdmmc.o
    0x0800224a   0x0000002c   Code   RO          443    i.SDMMC_CmdSendCID  stm32f4xx_ll_sdmmc.o
    0x08002276   0x0000002c   Code   RO          444    i.SDMMC_CmdSendCSD  stm32f4xx_ll_sdmmc.o
    0x080022a2   0x00000030   Code   RO          445    i.SDMMC_CmdSendSCR  stm32f4xx_ll_sdmmc.o
    0x080022d2   0x00000032   Code   RO          446    i.SDMMC_CmdSendStatus  stm32f4xx_ll_sdmmc.o
    0x08002304   0x00000030   Code   RO          447    i.SDMMC_CmdSetRelAdd  stm32f4xx_ll_sdmmc.o
    0x08002334   0x00000034   Code   RO          449    i.SDMMC_CmdStopTransfer  stm32f4xx_ll_sdmmc.o
    0x08002368   0x00000032   Code   RO          451    i.SDMMC_CmdWriteMultiBlock  stm32f4xx_ll_sdmmc.o
    0x0800239a   0x00000032   Code   RO          452    i.SDMMC_CmdWriteSingleBlock  stm32f4xx_ll_sdmmc.o
    0x080023cc   0x0000011c   Code   RO          453    i.SDMMC_GetCmdResp1  stm32f4xx_ll_sdmmc.o
    0x080024e8   0x00000050   Code   RO          454    i.SDMMC_GetCmdResp2  stm32f4xx_ll_sdmmc.o
    0x08002538   0x00000040   Code   RO          455    i.SDMMC_GetCmdResp3  stm32f4xx_ll_sdmmc.o
    0x08002578   0x00000084   Code   RO          456    i.SDMMC_GetCmdResp6  stm32f4xx_ll_sdmmc.o
    0x080025fc   0x00000020   Code   RO         2849    i.SD_CheckStatus    sd_diskio.o
    0x0800261c   0x00000056   Code   RO          826    i.SD_DMAError       stm32f4xx_hal_sd.o
    0x08002672   0x0000003e   Code   RO          827    i.SD_DMAReceiveCplt  stm32f4xx_hal_sd.o
    0x080026b0   0x00000048   Code   RO          828    i.SD_DMARxAbort     stm32f4xx_hal_sd.o
    0x080026f8   0x0000000e   Code   RO          829    i.SD_DMATransmitCplt  stm32f4xx_hal_sd.o
    0x08002706   0x00000048   Code   RO          830    i.SD_DMATxAbort     stm32f4xx_hal_sd.o
    0x0800274e   0x000000d4   Code   RO          831    i.SD_FindSCR        stm32f4xx_hal_sd.o
    0x08002822   0x000000e6   Code   RO          832    i.SD_InitCard       stm32f4xx_hal_sd.o
    0x08002908   0x000000a2   Code   RO          833    i.SD_PowerON        stm32f4xx_hal_sd.o
    0x080029aa   0x0000004e   Code   RO          835    i.SD_WideBus_Disable  stm32f4xx_hal_sd.o
    0x080029f8   0x0000004e   Code   RO          836    i.SD_WideBus_Enable  stm32f4xx_hal_sd.o
    0x08002a46   0x00000002   PAD
    0x08002a48   0x00000020   Code   RO         2850    i.SD_initialize     sd_diskio.o
    0x08002a68   0x00000050   Code   RO         2851    i.SD_ioctl          sd_diskio.o
    0x08002ab8   0x0000006c   Code   RO         2852    i.SD_read           sd_diskio.o
    0x08002b24   0x00000004   Code   RO         2853    i.SD_status         sd_diskio.o
    0x08002b28   0x0000006c   Code   RO         2854    i.SD_write          sd_diskio.o
    0x08002b94   0x0000000e   Code   RO         2932    i.SysTick_Handler   stm32f4xx_it.o
    0x08002ba2   0x00000002   PAD
    0x08002ba4   0x000000b4   Code   RO         2748    i.SystemClock_Config  main.o
    0x08002c58   0x00000054   Code   RO         2602    i.SystemInit        system_stm32f4xx.o
    0x08002cac   0x000002ac   Code   RO         1840    i.UART_SetConfig    stm32f4xx_hal_uart.o
    0x08002f58   0x00000064   Code   RO         1842    i.UART_WaitOnFlagUntilTimeout  stm32f4xx_hal_uart.o
    0x08002fbc   0x00000002   Code   RO         2749    i._Error_Handler    main.o
    0x08002fbe   0x00000002   PAD
    0x08002fc0   0x00000020   Code   RO         3071    i.__0printf$1       mc_w.l(printf1.o)
    0x08002fe0   0x0000000e   Code   RO         3327    i.__scatterload_copy  mc_w.l(handlers.o)
    0x08002fee   0x00000002   Code   RO         3328    i.__scatterload_null  mc_w.l(handlers.o)
    0x08002ff0   0x0000000e   Code   RO         3329    i.__scatterload_zeroinit  mc_w.l(handlers.o)
    0x08002ffe   0x00000002   PAD
    0x08003000   0x00000154   Code   RO         3078    i._printf_core      mc_w.l(printf1.o)
    0x08003154   0x00000070   Code   RO         2211    i.check_fs          ff.o
    0x080031c4   0x0000005c   Code   RO         2212    i.chk_lock          ff.o
    0x08003220   0x00000020   Code   RO         2213    i.clear_lock        ff.o
    0x08003240   0x00000018   Code   RO         2215    i.clust2sect        ff.o
    0x08003258   0x000000a4   Code   RO         2216    i.create_chain      ff.o
    0x080032fc   0x000000bc   Code   RO         2217    i.create_name       ff.o
    0x080033b8   0x00000064   Code   RO         2219    i.dir_find          ff.o
    0x0800341c   0x000000f4   Code   RO         2220    i.dir_next          ff.o
    0x08003510   0x00000066   Code   RO         2222    i.dir_register      ff.o
    0x08003576   0x00000082   Code   RO         2224    i.dir_sdi           ff.o
    0x080035f8   0x00000028   Code   RO         2546    i.disk_initialize   diskio.o
    0x08003620   0x0000001c   Code   RO         2548    i.disk_read         diskio.o
    0x0800363c   0x00000018   Code   RO         2549    i.disk_status       diskio.o
    0x08003654   0x0000001c   Code   RO         2550    i.disk_write        diskio.o
    0x08003670   0x00000058   Code   RO         2232    i.f_mount           ff.o
    0x080036c8   0x0000020c   Code   RO         2233    i.f_open            ff.o
    0x080038d4   0x00000254   Code   RO         2246    i.find_volume       ff.o
    0x08003b28   0x00000074   Code   RO         2247    i.follow_path       ff.o
    0x08003b9c   0x00000018   Code   RO         2750    i.fputc             main.o
    0x08003bb4   0x000000be   Code   RO         2248    i.get_fat           ff.o
    0x08003c72   0x00000004   Code   RO         2808    i.get_fattime       fatfs.o
    0x08003c76   0x0000003c   Code   RO         2250    i.get_ldnumber      ff.o
    0x08003cb2   0x00000002   PAD
    0x08003cb4   0x00000080   Code   RO         2251    i.inc_lock          ff.o
    0x08003d34   0x00000026   Code   RO         2252    i.ld_clust          ff.o
    0x08003d5a   0x00000016   Code   RO         2253    i.ld_dword          ff.o
    0x08003d70   0x0000000a   Code   RO         2254    i.ld_word           ff.o
    0x08003d7a   0x00000002   PAD
    0x08003d7c   0x000000d8   Code   RO         2751    i.main              main.o
    0x08003e54   0x00000012   Code   RO         2255    i.mem_cpy           ff.o
    0x08003e66   0x00000002   PAD
    0x08003e68   0x0000000e   Code   RO         2256    i.mem_set           ff.o
    0x08003e76   0x00000032   Code   RO         2257    i.move_window       ff.o
    0x08003ea8   0x000000ea   Code   RO         2258    i.put_fat           ff.o
    0x08003f92   0x00000074   Code   RO         2261    i.remove_chain      ff.o
    0x08004006   0x00000028   Code   RO         2262    i.st_clust          ff.o
    0x0800402e   0x00000010   Code   RO         2263    i.st_dword          ff.o
    0x0800403e   0x00000008   Code   RO         2264    i.st_word           ff.o
    0x08004046   0x00000052   Code   RO         2266    i.sync_window       ff.o
    0x08004098   0x00000008   Data   RO          324    .constdata          stm32f4xx_hal_dma.o
    0x080040a0   0x0000009c   Data   RO         2269    .constdata          ff.o
    0x0800413c   0x00000010   Data   RO         2603    .constdata          system_stm32f4xx.o
    0x0800414c   0x00000008   Data   RO         2604    .constdata          system_stm32f4xx.o
    0x08004154   0x00000014   Data   RO         2855    .constdata          sd_diskio.o
    0x08004168   0x00000020   Data   RO         3325    Region$$Table       anon$$obj.o


    Execution Region RW_IRAM1 (Base: 0x20000000, Size: 0x00000810, Max: 0x00020000, ABSOLUTE)

    Base Addr    Size         Type   Attr      Idx    E Section Name        Object

    0x20000000   0x0000000c   Data   RW         1349    .data               stm32f4xx_hal.o
    0x2000000c   0x00000008   Data   RW         2270    .data               ff.o
    0x20000014   0x00000004   Data   RW         2605    .data               system_stm32f4xx.o
    0x20000018   0x00000005   Data   RW         2811    .data               fatfs.o
    0x2000001d   0x00000003   PAD
    0x20000020   0x0000000c   Data   RW         2856    .data               sd_diskio.o
    0x2000002c   0x00000004   Data   RW         3301    .data               mc_w.l(stdout.o)
    0x20000030   0x0000000c   Zero   RW         2120    .bss                ff_gen_drv.o
    0x2000003c   0x00000020   Zero   RW         2268    .bss                ff.o
    0x2000005c   0x000000c4   Zero   RW         2752    .bss                main.o
    0x20000120   0x00000060   Zero   RW         2753    .bss                main.o
    0x20000180   0x00000060   Zero   RW         2754    .bss                main.o
    0x200001e0   0x00000230   Zero   RW         2809    .bss                fatfs.o
    0x20000410   0x00000400   Zero   RW            1    STACK               startup_stm32f446xx.o


==============================================================================

Image component sizes


      Code (inc. data)   RO Data    RW Data    ZI Data      Debug   Object Name

       144         20          0          0          0       3530   bsp_driver_sd.o
       120         18          0          0          0       3100   diskio.o
        32         10          0          5        560       1504   fatfs.o
      3538         68        156          8         32      32260   ff.o
        70          6          0          0         12       6019   ff_gen_drv.o
       702         98          0          0        388       4172   main.o
       388         34         20         12          0       5664   sd_diskio.o
        36          8        452          0       1024        844   startup_stm32f446xx.o
       180         28          0         12          0       4645   stm32f4xx_hal.o
       228         14          0          0          0      32221   stm32f4xx_hal_cortex.o
       948         16          8          0          0       6546   stm32f4xx_hal_dma.o
         0          0          0          0          0     696576   stm32f4xx_hal_flash.o
       430         42          0          0          0       2440   stm32f4xx_hal_gpio.o
       512         70          0          0          0       2474   stm32f4xx_hal_msp.o
       380         48          0          0          0       3418   stm32f4xx_hal_rcc.o
      2056         70          0          0          0       4530   stm32f4xx_hal_rcc_ex.o
      2798         38          0          0          0      17926   stm32f4xx_hal_sd.o
      1068          8          0          0          0       4176   stm32f4xx_hal_uart.o
        50         18          0          0          0       1924   stm32f4xx_it.o
      1630         42          0          0          0      23003   stm32f4xx_ll_sdmmc.o
        84         18         24          4          0       1183   system_stm32f4xx.o

    ----------------------------------------------------------------------
     15420        674        692         44       2016     858155   Object Totals
         0          0         32          0          0          0   (incl. Generated)
        26          0          0          3          0          0   (incl. Padding)

    ----------------------------------------------------------------------

      Code (inc. data)   RO Data    RW Data    ZI Data      Debug   Library Member Name

         0          0          0          0          0          0   entry.o
         0          0          0          0          0          0   entry10a.o
         0          0          0          0          0          0   entry11a.o
         8          4          0          0          0          0   entry2.o
         4          0          0          0          0          0   entry5.o
         0          0          0          0          0          0   entry7b.o
         0          0          0          0          0          0   entry8b.o
         8          4          0          0          0          0   entry9a.o
        30          0          0          0          0          0   handlers.o
        36          8          0          0          0         68   init.o
        30          0          0          0          0         68   llshl.o
        32          0          0          0          0         68   llushr.o
       372         14          0          0          0        184   printf1.o
         0          0          0          4          0          0   stdout.o
        44          0          0          0          0         80   uidiv.o
        98          0          0          0          0         92   uldiv.o

    ----------------------------------------------------------------------
       664         30          0          4          0        560   Library Totals
         2          0          0          0          0          0   (incl. Padding)

    ----------------------------------------------------------------------

      Code (inc. data)   RO Data    RW Data    ZI Data      Debug   Library Name

       662         30          0          4          0        560   mc_w.l

    ----------------------------------------------------------------------
       664         30          0          4          0        560   Library Totals

    ----------------------------------------------------------------------

==============================================================================


      Code (inc. data)   RO Data    RW Data    ZI Data      Debug   

     16084        704        692         48       2016     844811   Grand Totals
     16084        704        692         48       2016     844811   ELF Image Totals
     16084        704        692         48          0          0   ROM Totals

==============================================================================

    Total RO  Size (Code + RO Data)                16776 (  16.38kB)
    Total RW  Size (RW Data + ZI Data)              2064 (   2.02kB)
    Total ROM Size (Code + RO Data + RW Data)      16824 (  16.43kB)

==============================================================================

