Component: ARM Compiler 5.06 (build 20) Tool: armlink [4d35a3]

==============================================================================

Section Cross References

    startup_stm32f767xx.o(RESET) refers to startup_stm32f767xx.o(STACK) for __initial_sp
    startup_stm32f767xx.o(RESET) refers to startup_stm32f767xx.o(.text) for Reset_Handler
    startup_stm32f767xx.o(RESET) refers to stm32f7xx_it.o(i.SysTick_Handler) for SysTick_Handler
    startup_stm32f767xx.o(RESET) refers to stm32f7xx_it.o(i.RCC_IRQHandler) for RCC_IRQHandler
    startup_stm32f767xx.o(RESET) refers to stm32f7xx_it.o(i.DMA1_Stream4_IRQHandler) for DMA1_Stream4_IRQHandler
    startup_stm32f767xx.o(RESET) refers to stm32f7xx_it.o(i.SDMMC1_IRQHandler) for SDMMC1_IRQHandler
    startup_stm32f767xx.o(RESET) refers to stm32f7xx_it.o(i.DMA2_Stream3_IRQHandler) for DMA2_Stream3_IRQHandler
    startup_stm32f767xx.o(RESET) refers to stm32f7xx_it.o(i.DMA2_Stream6_IRQHandler) for DMA2_Stream6_IRQHandler
    startup_stm32f767xx.o(.text) refers to system_stm32f7xx.o(i.SystemInit) for SystemInit
    startup_stm32f767xx.o(.text) refers to entry.o(.ARM.Collect$$$$00000000) for __main
    configfilemanager.o(i._ZN17ConfigFileManager10addNewFileEPc) refers to configfilemanager.o(i._ZN17ConfigFileManager24getFrequencyFromFileNameEPKc) for ConfigFileManager::getFrequencyFromFileName(const char*)
    configfilemanager.o(i._ZN17ConfigFileManager10addNewFileEPc) refers to new.o(i._Znwj) for operator new(unsigned)
    configfilemanager.o(i._ZN17ConfigFileManager10addNewFileEPc) refers to strcpy.o(.text) for strcpy
    configfilemanager.o(i._ZN17ConfigFileManager10addNewFileEPc) refers to printf8.o(i.__0sprintf$8) for __2sprintf
    configfilemanager.o(i._ZN17ConfigFileManager10addNewFileEPc) refers to wavefile.o(i._Z19ReadPcmWaveFileInfoPKcP14WAVE_FILE_INFO) for ReadPcmWaveFileInfo(const char*, WAVE_FILE_INFO*)
    configfilemanager.o(i._ZN17ConfigFileManager10addNewFileEPc) refers to engine_main.o(.data) for g_recFileManager
    configfilemanager.o(i._ZN17ConfigFileManager10initConfigEPc) refers to _scanf_str.o(.text) for _scanf_string
    configfilemanager.o(i._ZN17ConfigFileManager10initConfigEPc) refers to scanf_fp.o(.text) for _scanf_real
    configfilemanager.o(i._ZN17ConfigFileManager10initConfigEPc) refers to strcpy.o(.text) for strcpy
    configfilemanager.o(i._ZN17ConfigFileManager10initConfigEPc) refers to sdfileio.o(i._fopen_) for _fopen_
    configfilemanager.o(i._ZN17ConfigFileManager10initConfigEPc) refers to sdfileio.o(i._fgets_) for _fgets_
    configfilemanager.o(i._ZN17ConfigFileManager10initConfigEPc) refers to __0sscanf.o(.text) for __0sscanf
    configfilemanager.o(i._ZN17ConfigFileManager10initConfigEPc) refers to strcmp.o(.text) for strcmp
    configfilemanager.o(i._ZN17ConfigFileManager10initConfigEPc) refers to engine_main.o(i.setRecDirectory) for setRecDirectory
    configfilemanager.o(i._ZN17ConfigFileManager10initConfigEPc) refers to engine_main.o(i.setPortamentoDepth) for setPortamentoDepth
    configfilemanager.o(i._ZN17ConfigFileManager10initConfigEPc) refers to engine_main.o(i.setPortamentoTime) for setPortamentoTime
    configfilemanager.o(i._ZN17ConfigFileManager10initConfigEPc) refers to engine_main.o(i.setUsePortamento) for setUsePortamento
    configfilemanager.o(i._ZN17ConfigFileManager10initConfigEPc) refers to engine_main.o(i.setAttackTime) for setAttackTime
    configfilemanager.o(i._ZN17ConfigFileManager10initConfigEPc) refers to engine_main.o(i.setReleaseTime) for setReleaseTime
    configfilemanager.o(i._ZN17ConfigFileManager10initConfigEPc) refers to engine_main.o(i.setReleaseLevel) for setReleaseLevel
    configfilemanager.o(i._ZN17ConfigFileManager11initRecFileEPc) refers to strcpy.o(.text) for strcpy
    configfilemanager.o(i._ZN17ConfigFileManager11initRecFileEPc) refers to printf8.o(i.__0printf$8) for __2printf
    configfilemanager.o(i._ZN17ConfigFileManager11initRecFileEPc) refers to ff.o(i.f_opendir) for f_opendir
    configfilemanager.o(i._ZN17ConfigFileManager11initRecFileEPc) refers to ff.o(i.f_readdir) for f_readdir
    configfilemanager.o(i._ZN17ConfigFileManager11initRecFileEPc) refers to configfilemanager.o(i._ZN17ConfigFileManager10addNewFileEPc) for ConfigFileManager::addNewFile(char*)
    configfilemanager.o(i._ZN17ConfigFileManager11initRecFileEPc) refers to ff.o(i.f_closedir) for f_closedir
    configfilemanager.o(i._ZN17ConfigFileManager18selectItemWithNoteEPc) refers to configfilemanager.o(i._ZN17ConfigFileManager24getFrequencyFromFileNameEPKc) for ConfigFileManager::getFrequencyFromFileName(const char*)
    configfilemanager.o(i._ZN17ConfigFileManager18selectItemWithNoteEPc) refers to configfilemanager.o(i._ZN17ConfigFileManager23selectItemWithFrequencyEf) for ConfigFileManager::selectItemWithFrequency(float)
    configfilemanager.o(i._ZN17ConfigFileManager24getFrequencyFromFileNameEPKc) refers to strncmp.o(.text) for strncmp
[...]
    exception_dtor.o(.constdata__ZTVSt9exception) refers to exception_dtor.o(i._ZNSt9exceptionD1Ev) for std::exception::~exception()
    exception_dtor.o(.constdata__ZTVSt9exception) refers to exception_dtor.o(i._ZNSt9exceptionD0Ev) for std::exception::~exception__deallocating()
    exception_dtor.o(.constdata__ZTVSt9exception) refers to exception_what.o(i._ZNKSt9exception4whatEv) for std::exception::what() const
    exception_dtor.o(.constdata__ZTISt9exception) refers to lib_rtti_impl.o(.constdata__ZTVN10__cxxabiv117__class_type_infoE) for vtable for __cxxabiv1::__class_type_info
    exception_dtor.o(.constdata__ZTISt9exception) refers to exception_dtor.o(.constdata__ZTSSt9exception) for typeinfo name for std::exception
    lib_rtti_impl.o(.constdata__ZTVN10__cxxabiv123__fundamental_type_infoE) refers to lib_rtti_impl.o(.constdata__ZTIN10__cxxabiv123__fundamental_type_infoE) for typeinfo for __cxxabiv1::__fundamental_type_info
    lib_rtti_impl.o(.constdata__ZTVN10__cxxabiv123__fundamental_type_infoE) refers to lib_rtti_impl.o(i._ZN10__cxxabiv123__fundamental_type_infoD1Ev) for __cxxabiv1::__fundamental_type_info::~__fundamental_type_info()
    lib_rtti_impl.o(.constdata__ZTVN10__cxxabiv123__fundamental_type_infoE) refers to lib_rtti_impl.o(i._ZN10__cxxabiv123__fundamental_type_infoD0Ev) for __cxxabiv1::__fundamental_type_info::~__fundamental_type_info__deallocating()
    lib_rtti_impl.o(.constdata__ZTVN10__cxxabiv117__array_type_infoE) refers to lib_rtti_impl.o(.constdata__ZTIN10__cxxabiv117__array_type_infoE) for typeinfo for __cxxabiv1::__array_type_info
    lib_rtti_impl.o(.constdata__ZTVN10__cxxabiv117__array_type_infoE) refers to lib_rtti_impl.o(i._ZN10__cxxabiv117__array_type_infoD1Ev) for __cxxabiv1::__array_type_info::~__array_type_info()
    lib_rtti_impl.o(.constdata__ZTVN10__cxxabiv117__array_type_infoE) refers to lib_rtti_impl.o(i._ZN10__cxxabiv117__array_type_infoD0Ev) for __cxxabiv1::__array_type_info::~__array_type_info__deallocating()
    lib_rtti_impl.o(.constdata__ZTVN10__cxxabiv120__function_type_infoE) refers to lib_rtti_impl.o(.constdata__ZTIN10__cxxabiv120__function_type_infoE) for typeinfo for __cxxabiv1::__function_type_info
    lib_rtti_impl.o(.constdata__ZTVN10__cxxabiv120__function_type_infoE) refers to lib_rtti_impl.o(i._ZN10__cxxabiv120__function_type_infoD1Ev) for __cxxabiv1::__function_type_info::~__function_type_info()
    lib_rtti_impl.o(.constdata__ZTVN10__cxxabiv120__function_type_infoE) refers to lib_rtti_impl.o(i._ZN10__cxxabiv120__function_type_infoD0Ev) for __cxxabiv1::__function_type_info::~__function_type_info__deallocating()
    lib_rtti_impl.o(.constdata__ZTVN10__cxxabiv116__enum_type_infoE) refers to lib_rtti_impl.o(.constdata__ZTIN10__cxxabiv116__enum_type_infoE) for typeinfo for __cxxabiv1::__enum_type_info
    lib_rtti_impl.o(.constdata__ZTVN10__cxxabiv116__enum_type_infoE) refers to lib_rtti_impl.o(i._ZN10__cxxabiv116__enum_type_infoD1Ev) for __cxxabiv1::__enum_type_info::~__enum_type_info()
    lib_rtti_impl.o(.constdata__ZTVN10__cxxabiv116__enum_type_infoE) refers to lib_rtti_impl.o(i._ZN10__cxxabiv116__enum_type_infoD0Ev) for __cxxabiv1::__enum_type_info::~__enum_type_info__deallocating()
    lib_rtti_impl.o(.constdata__ZTVN10__cxxabiv117__class_type_infoE) refers to lib_rtti_impl.o(.constdata__ZTIN10__cxxabiv117__class_type_infoE) for typeinfo for __cxxabiv1::__class_type_info
    lib_rtti_impl.o(.constdata__ZTVN10__cxxabiv117__class_type_infoE) refers to lib_rtti_impl.o(i._ZN10__cxxabiv117__class_type_infoD1Ev) for __cxxabiv1::__class_type_info::~__class_type_info()
    lib_rtti_impl.o(.constdata__ZTVN10__cxxabiv117__class_type_infoE) refers to lib_rtti_impl.o(i._ZN10__cxxabiv117__class_type_infoD0Ev) for __cxxabiv1::__class_type_info::~__class_type_info__deallocating()
    lib_rtti_impl.o(.constdata__ZTVN10__cxxabiv120__si_class_type_infoE) refers to lib_rtti_impl.o(.constdata__ZTIN10__cxxabiv120__si_class_type_infoE) for typeinfo for __cxxabiv1::__si_class_type_info
    lib_rtti_impl.o(.constdata__ZTVN10__cxxabiv120__si_class_type_infoE) refers to lib_rtti_impl.o(i._ZN10__cxxabiv120__si_class_type_infoD1Ev) for __cxxabiv1::__si_class_type_info::~__si_class_type_info()
    lib_rtti_impl.o(.constdata__ZTVN10__cxxabiv120__si_class_type_infoE) refers to lib_rtti_impl.o(i._ZN10__cxxabiv120__si_class_type_infoD0Ev) for __cxxabiv1::__si_class_type_info::~__si_class_type_info__deallocating()
    lib_rtti_impl.o(.constdata__ZTVN10__cxxabiv121__vmi_class_type_infoE) refers to lib_rtti_impl.o(.constdata__ZTIN10__cxxabiv121__vmi_class_type_infoE) for typeinfo for __cxxabiv1::__vmi_class_type_info
    lib_rtti_impl.o(.constdata__ZTVN10__cxxabiv121__vmi_class_type_infoE) refers to lib_rtti_impl.o(i._ZN10__cxxabiv121__vmi_class_type_infoD1Ev) for __cxxabiv1::__vmi_class_type_info::~__vmi_class_type_info()
    lib_rtti_impl.o(.constdata__ZTVN10__cxxabiv121__vmi_class_type_infoE) refers to lib_rtti_impl.o(i._ZN10__cxxabiv121__vmi_class_type_infoD0Ev) for __cxxabiv1::__vmi_class_type_info::~__vmi_class_type_info__deallocating()
    lib_rtti_impl.o(.constdata__ZTVN10__cxxabiv117__pbase_type_infoE) refers to lib_rtti_impl.o(.constdata__ZTIN10__cxxabiv117__pbase_type_infoE) for typeinfo for __cxxabiv1::__pbase_type_info
    lib_rtti_impl.o(.constdata__ZTVN10__cxxabiv117__pbase_type_infoE) refers to lib_rtti_impl.o(i._ZN10__cxxabiv117__pbase_type_infoD1Ev) for __cxxabiv1::__pbase_type_info::~__pbase_type_info()
    lib_rtti_impl.o(.constdata__ZTVN10__cxxabiv117__pbase_type_infoE) refers to lib_rtti_impl.o(i._ZN10__cxxabiv117__pbase_type_infoD0Ev) for __cxxabiv1::__pbase_type_info::~__pbase_type_info__deallocating()
    lib_rtti_impl.o(.constdata__ZTVN10__cxxabiv119__pointer_type_infoE) refers to lib_rtti_impl.o(.constdata__ZTIN10__cxxabiv119__pointer_type_infoE) for typeinfo for __cxxabiv1::__pointer_type_info
    lib_rtti_impl.o(.constdata__ZTVN10__cxxabiv119__pointer_type_infoE) refers to lib_rtti_impl.o(i._ZN10__cxxabiv119__pointer_type_infoD1Ev) for __cxxabiv1::__pointer_type_info::~__pointer_type_info()
    lib_rtti_impl.o(.constdata__ZTVN10__cxxabiv119__pointer_type_infoE) refers to lib_rtti_impl.o(i._ZN10__cxxabiv119__pointer_type_infoD0Ev) for __cxxabiv1::__pointer_type_info::~__pointer_type_info__deallocating()
    lib_rtti_impl.o(.constdata__ZTVN10__cxxabiv129__pointer_to_member_type_infoE) refers to lib_rtti_impl.o(.constdata__ZTIN10__cxxabiv129__pointer_to_member_type_infoE) for typeinfo for __cxxabiv1::__pointer_to_member_type_info
    lib_rtti_impl.o(.constdata__ZTVN10__cxxabiv129__pointer_to_member_type_infoE) refers to lib_rtti_impl.o(i._ZN10__cxxabiv129__pointer_to_member_type_infoD1Ev) for __cxxabiv1::__pointer_to_member_type_info::~__pointer_to_member_type_info()
    lib_rtti_impl.o(.constdata__ZTVN10__cxxabiv129__pointer_to_member_type_infoE) refers to lib_rtti_impl.o(i._ZN10__cxxabiv129__pointer_to_member_type_infoD0Ev) for __cxxabiv1::__pointer_to_member_type_info::~__pointer_to_member_type_info__deallocating()
    lib_rtti_impl.o(.ARM.exidx) refers to lib_rtti_impl.o(i._ZNSt9type_infodlEPv) for i._ZNSt9type_infodlEPv
    lib_rtti_impl.o(.constdata__ZTIN10__cxxabiv123__fundamental_type_infoE) refers to lib_rtti_impl.o(.constdata__ZTVN10__cxxabiv120__si_class_type_infoE) for vtable for __cxxabiv1::__si_class_type_info
    lib_rtti_impl.o(.constdata__ZTIN10__cxxabiv123__fundamental_type_infoE) refers to lib_rtti_impl.o(.constdata__ZTSN10__cxxabiv123__fundamental_type_infoE) for typeinfo name for __cxxabiv1::__fundamental_type_info
    lib_rtti_impl.o(.constdata__ZTIN10__cxxabiv123__fundamental_type_infoE) refers to type_info_dtor.o(.constdata__ZTISt9type_info) for typeinfo for std::type_info
    lib_rtti_impl.o(.constdata__ZTIN10__cxxabiv117__array_type_infoE) refers to lib_rtti_impl.o(.constdata__ZTVN10__cxxabiv120__si_class_type_infoE) for vtable for __cxxabiv1::__si_class_type_info
    lib_rtti_impl.o(.constdata__ZTIN10__cxxabiv117__array_type_infoE) refers to lib_rtti_impl.o(.constdata__ZTSN10__cxxabiv117__array_type_infoE) for typeinfo name for __cxxabiv1::__array_type_info
    lib_rtti_impl.o(.constdata__ZTIN10__cxxabiv117__array_type_infoE) refers to type_info_dtor.o(.constdata__ZTISt9type_info) for typeinfo for std::type_info
    lib_rtti_impl.o(.constdata__ZTIN10__cxxabiv120__function_type_infoE) refers to lib_rtti_impl.o(.constdata__ZTVN10__cxxabiv120__si_class_type_infoE) for vtable for __cxxabiv1::__si_class_type_info
    lib_rtti_impl.o(.constdata__ZTIN10__cxxabiv120__function_type_infoE) refers to lib_rtti_impl.o(.constdata__ZTSN10__cxxabiv120__function_type_infoE) for typeinfo name for __cxxabiv1::__function_type_info
    lib_rtti_impl.o(.constdata__ZTIN10__cxxabiv120__function_type_infoE) refers to type_info_dtor.o(.constdata__ZTISt9type_info) for typeinfo for std::type_info
    lib_rtti_impl.o(.constdata__ZTIN10__cxxabiv116__enum_type_infoE) refers to lib_rtti_impl.o(.constdata__ZTVN10__cxxabiv120__si_class_type_infoE) for vtable for __cxxabiv1::__si_class_type_info
    lib_rtti_impl.o(.constdata__ZTIN10__cxxabiv116__enum_type_infoE) refers to lib_rtti_impl.o(.constdata__ZTSN10__cxxabiv116__enum_type_infoE) for typeinfo name for __cxxabiv1::__enum_type_info
    lib_rtti_impl.o(.constdata__ZTIN10__cxxabiv116__enum_type_infoE) refers to type_info_dtor.o(.constdata__ZTISt9type_info) for typeinfo for std::type_info
    lib_rtti_impl.o(.constdata__ZTIN10__cxxabiv117__class_type_infoE) refers to lib_rtti_impl.o(.constdata__ZTVN10__cxxabiv120__si_class_type_infoE) for vtable for __cxxabiv1::__si_class_type_info
    lib_rtti_impl.o(.constdata__ZTIN10__cxxabiv117__class_type_infoE) refers to lib_rtti_impl.o(.constdata__ZTSN10__cxxabiv117__class_type_infoE) for typeinfo name for __cxxabiv1::__class_type_info
    lib_rtti_impl.o(.constdata__ZTIN10__cxxabiv117__class_type_infoE) refers to type_info_dtor.o(.constdata__ZTISt9type_info) for typeinfo for std::type_info
    lib_rtti_impl.o(.constdata__ZTIN10__cxxabiv120__si_class_type_infoE) refers to lib_rtti_impl.o(.constdata__ZTVN10__cxxabiv120__si_class_type_infoE) for vtable for __cxxabiv1::__si_class_type_info
    lib_rtti_impl.o(.constdata__ZTIN10__cxxabiv120__si_class_type_infoE) refers to lib_rtti_impl.o(.constdata__ZTSN10__cxxabiv120__si_class_type_infoE) for typeinfo name for __cxxabiv1::__si_class_type_info
    lib_rtti_impl.o(.constdata__ZTIN10__cxxabiv120__si_class_type_infoE) refers to lib_rtti_impl.o(.constdata__ZTIN10__cxxabiv117__class_type_infoE) for typeinfo for __cxxabiv1::__class_type_info
    lib_rtti_impl.o(.constdata__ZTIN10__cxxabiv121__vmi_class_type_infoE) refers to lib_rtti_impl.o(.constdata__ZTVN10__cxxabiv120__si_class_type_infoE) for vtable for __cxxabiv1::__si_class_type_info
    lib_rtti_impl.o(.constdata__ZTIN10__cxxabiv121__vmi_class_type_infoE) refers to lib_rtti_impl.o(.constdata__ZTSN10__cxxabiv121__vmi_class_type_infoE) for typeinfo name for __cxxabiv1::__vmi_class_type_info
    lib_rtti_impl.o(.constdata__ZTIN10__cxxabiv121__vmi_class_type_infoE) refers to lib_rtti_impl.o(.constdata__ZTIN10__cxxabiv117__class_type_infoE) for typeinfo for __cxxabiv1::__class_type_info
    lib_rtti_impl.o(.constdata__ZTIN10__cxxabiv117__pbase_type_infoE) refers to lib_rtti_impl.o(.constdata__ZTVN10__cxxabiv120__si_class_type_infoE) for vtable for __cxxabiv1::__si_class_type_info
    lib_rtti_impl.o(.constdata__ZTIN10__cxxabiv117__pbase_type_infoE) refers to lib_rtti_impl.o(.constdata__ZTSN10__cxxabiv117__pbase_type_infoE) for typeinfo name for __cxxabiv1::__pbase_type_info
    lib_rtti_impl.o(.constdata__ZTIN10__cxxabiv117__pbase_type_infoE) refers to type_info_dtor.o(.constdata__ZTISt9type_info) for typeinfo for std::type_info
    lib_rtti_impl.o(.constdata__ZTIN10__cxxabiv119__pointer_type_infoE) refers to lib_rtti_impl.o(.constdata__ZTVN10__cxxabiv120__si_class_type_infoE) for vtable for __cxxabiv1::__si_class_type_info
    lib_rtti_impl.o(.constdata__ZTIN10__cxxabiv119__pointer_type_infoE) refers to lib_rtti_impl.o(.constdata__ZTSN10__cxxabiv119__pointer_type_infoE) for typeinfo name for __cxxabiv1::__pointer_type_info
    lib_rtti_impl.o(.constdata__ZTIN10__cxxabiv119__pointer_type_infoE) refers to lib_rtti_impl.o(.constdata__ZTIN10__cxxabiv117__pbase_type_infoE) for typeinfo for __cxxabiv1::__pbase_type_info
    lib_rtti_impl.o(.constdata__ZTIN10__cxxabiv129__pointer_to_member_type_infoE) refers to lib_rtti_impl.o(.constdata__ZTVN10__cxxabiv120__si_class_type_infoE) for vtable for __cxxabiv1::__si_class_type_info
    lib_rtti_impl.o(.constdata__ZTIN10__cxxabiv129__pointer_to_member_type_infoE) refers to lib_rtti_impl.o(.constdata__ZTSN10__cxxabiv129__pointer_to_member_type_infoE) for typeinfo name for __cxxabiv1::__pointer_to_member_type_info
    lib_rtti_impl.o(.constdata__ZTIN10__cxxabiv129__pointer_to_member_type_infoE) refers to lib_rtti_impl.o(.constdata__ZTIN10__cxxabiv117__pbase_type_infoE) for typeinfo for __cxxabiv1::__pbase_type_info
    lib_rtti_impl.o(i.__ARM_common_noexcept_landing) refers to arm_exceptions_callterm.o(.text) for __cxa_call_terminate
    lib_rtti_impl.o(.ARM.exidx) refers to lib_rtti_impl.o(i.__ARM_common_noexcept_landing) for i.__ARM_common_noexcept_landing
    type_info_dtor.o(.constdata__ZTVSt9type_info) refers to type_info_dtor.o(.constdata__ZTISt9type_info) for typeinfo for std::type_info
    type_info_dtor.o(.constdata__ZTVSt9type_info) refers to type_info_dtor.o(i._ZNSt9type_infoD1Ev) for std::type_info::~type_info()
    type_info_dtor.o(.constdata__ZTVSt9type_info) refers to type_info_dtor.o(i._ZNSt9type_infoD0Ev) for std::type_info::~type_info__deallocating()
    type_info_dtor.o(.constdata__ZTISt9type_info) refers to lib_rtti_impl.o(.constdata__ZTVN10__cxxabiv117__class_type_infoE) for vtable for __cxxabiv1::__class_type_info
    type_info_dtor.o(.constdata__ZTISt9type_info) refers to type_info_dtor.o(.constdata__ZTSSt9type_info) for typeinfo name for std::type_info


==============================================================================

Removing Unused input sections from the image.

    Removing configfilemanager.o(.rev16_text), (4 bytes).
    Removing configfilemanager.o(.revsh_text), (4 bytes).
    Removing configfilemanager.o(.rrx_text), (6 bytes).
    Removing configfilemanager.o(i._ZN17ConfigFileManager10attackTimeEv), (6 bytes).
    Removing configfilemanager.o(i._ZN17ConfigFileManager11releaseTimeEv), (6 bytes).
    Removing configfilemanager.o(i._ZN17ConfigFileManager12releaseLevelEv), (6 bytes).
    Removing configfilemanager.o(i._ZN17ConfigFileManager14portamentoFlagEv), (6 bytes).
    Removing configfilemanager.o(i._ZN17ConfigFileManager14portamentoTimeEv), (6 bytes).
    Removing configfilemanager.o(i._ZN17ConfigFileManager15portamentoDepthEv), (6 bytes).
    Removing configfilemanager.o(i._ZN17ConfigFileManager18selectItemWithNoteEPc), (18 bytes).
    Removing configfilemanager.o(.ARM.exidx), (8 bytes).
    Removing configfilemanager.o(.ARM.exidx), (8 bytes).
    Removing configfilemanager.o(.ARM.exidx), (8 bytes).
    Removing configfilemanager.o(.ARM.exidx), (8 bytes).
    Removing configfilemanager.o(.ARM.exidx), (8 bytes).
    Removing configfilemanager.o(.ARM.exidx), (8 bytes).
    Removing configfilemanager.o(.ARM.exidx), (8 bytes).
    Removing configfilemanager.o(.ARM.exidx), (8 bytes).
    Removing configfilemanager.o(.ARM.exidx), (8 bytes).
    Removing configfilemanager.o(.ARM.exidx), (8 bytes).
    Removing configfilemanager.o(.ARM.exidx), (8 bytes).
    Removing configfilemanager.o(.ARM.exidx), (8 bytes).
    Removing configfilemanager.o(.ARM.exidx), (8 bytes).
    Removing configfilemanager.o(.ARM.exidx), (8 bytes).
    Removing configfilemanager.o(.ARM.exidx), (8 bytes).
    Removing configfilemanager.o(.ARM.exidx), (8 bytes).
    Removing egdelay.o(.ARM.exidx), (8 bytes).
    Removing egdelay.o(.ARM.exidx), (8 bytes).
    Removing egdelay.o(.ARM.exidx), (8 bytes).
    Removing egdelay.o(.ARM.exidx), (8 bytes).
    Removing egdelay.o(.ARM.exidx), (8 bytes).
    Removing engine_main.o(.rev16_text), (4 bytes).
    Removing engine_main.o(.revsh_text), (4 bytes).
    Removing engine_main.o(.rrx_text), (6 bytes).
    Removing engine_main.o(i.increaseVolumn), (60 bytes).
    Removing engine_main.o(i.portamentoDepth), (12 bytes).
    Removing engine_main.o(i.portamentoTime), (12 bytes).
    Removing engine_main.o(.ARM.exidx), (8 bytes).
    Removing engine_main.o(.ARM.exidx), (8 bytes).
    Removing engine_main.o(.ARM.exidx), (8 bytes).
    Removing engine_main.o(.ARM.exidx), (8 bytes).
    Removing engine_main.o(.ARM.exidx), (8 bytes).
    Removing engine_main.o(.ARM.exidx), (8 bytes).
    Removing engine_main.o(.ARM.exidx), (8 bytes).
    Removing engine_main.o(.ARM.exidx), (8 bytes).
    Removing engine_main.o(.ARM.exidx), (8 bytes).
    Removing engine_main.o(.ARM.exidx), (8 bytes).
    Removing engine_main.o(.ARM.exidx), (8 bytes).
    Removing engine_main.o(.ARM.exidx), (8 bytes).
    Removing engine_main.o(.ARM.exidx), (8 bytes).
    Removing engine_main.o(.ARM.exidx), (8 bytes).
    Removing engine_main.o(.ARM.exidx), (8 bytes).
    Removing engine_main.o(.ARM.exidx), (8 bytes).
    Removing engine_main.o(.ARM.exidx), (8 bytes).
    Removing engine_main.o(.ARM.exidx), (8 bytes).
    Removing engine_main.o(.ARM.exidx), (8 bytes).
    Removing engine_main.o(.ARM.exidx), (8 bytes).
    Removing engine_main.o(.ARM.exidx), (8 bytes).
    Removing engine_main.o(.ARM.exidx), (8 bytes).
    Removing engine_main.o(.ARM.exidx), (8 bytes).
    Removing engine_main.o(.ARM.exidx), (8 bytes).
    Removing engine_main.o(.ARM.exidx), (8 bytes).
    Removing engine_main.o(.ARM.exidx), (8 bytes).
    Removing engine_main.o(.ARM.exidx), (8 bytes).
    Removing engine_main.o(.ARM.exidx), (8 bytes).
    Removing engine_main.o(.ARM.exidx), (8 bytes).
    Removing engine_main.o(.ARM.exidx), (8 bytes).
    Removing madsr.o(i._ZN5MADSR11enterDecay1Ev), (52 bytes).
    Removing madsr.o(i._ZN5MADSR5stageEv), (4 bytes).
    Removing madsr.o(i._ZN5MADSR8getDeltaEv), (6 bytes).
    Removing madsr.o(.ARM.exidx), (8 bytes).
    Removing madsr.o(.ARM.exidx), (8 bytes).
    Removing madsr.o(.ARM.exidx), (8 bytes).
    Removing madsr.o(.ARM.exidx), (8 bytes).
    Removing madsr.o(.ARM.exidx), (8 bytes).
    Removing madsr.o(.ARM.exidx), (8 bytes).
    Removing madsr.o(.ARM.exidx), (8 bytes).
    Removing madsr.o(.ARM.exidx), (8 bytes).
    Removing madsr.o(.ARM.exidx), (8 bytes).
    Removing madsr.o(.ARM.exidx), (8 bytes).
    Removing madsr.o(.ARM.exidx), (8 bytes).
    Removing madsr.o(.ARM.exidx), (8 bytes).
    Removing madsr.o(.ARM.exidx), (8 bytes).
    Removing madsr.o(.ARM.exidx), (8 bytes).
    Removing madsr.o(.ARM.exidx), (8 bytes).
    Removing madsr.o(.ARM.exidx), (8 bytes).
    Removing madsr.o(.ARM.exidx), (8 bytes).
    Removing sdfileio.o(.rev16_text), (4 bytes).
    Removing sdfileio.o(.revsh_text), (4 bytes).
    Removing sdfileio.o(.rrx_text), (6 bytes).
    Removing sdfileio.o(i._fwrite_), (68 bytes).
    Removing sdfileio.o(i._getchar_), (68 bytes).
    Removing sdfileio.o(.ARM.exidx), (8 bytes).
    Removing sdfileio.o(.ARM.exidx), (8 bytes).
    Removing sdfileio.o(.ARM.exidx), (8 bytes).
    Removing sdfileio.o(.ARM.exidx), (8 bytes).
    Removing sdfileio.o(.ARM.exidx), (8 bytes).
    Removing sdfileio.o(.ARM.exidx), (8 bytes).
    Removing sdfileio.o(.ARM.exidx), (8 bytes).
    Removing sdfileio.o(.ARM.exidx), (8 bytes).
    Removing sdtest.o(.rev16_text), (4 bytes).
    Removing sdtest.o(.revsh_text), (4 bytes).
    Removing sdtest.o(.rrx_text), (6 bytes).
    Removing sdtest.o(i.SDTestStart), (224 bytes).
    Removing sdtest.o(i._Z10readEventsv), (24 bytes).
    Removing sdtest.o(i._Z6getintv), (56 bytes).
    Removing sdtest.o(i._Z8addEventP5Event), (16 bytes).
    Removing sdtest.o(i._Z9readEventv), (74 bytes).
    Removing sdtest.o(.ARM.exidx), (8 bytes).
    Removing sdtest.o(.ARM.exidx), (8 bytes).
    Removing sdtest.o(.ARM.exidx), (8 bytes).
    Removing sdtest.o(.ARM.exidx), (8 bytes).
    Removing sdtest.o(.ARM.exidx), (8 bytes).
    Removing sdtest.o(.bss), (4096 bytes).
    Removing sdtest.o(.data), (12 bytes).
    Removing voice.o(.rev16_text), (4 bytes).
    Removing voice.o(.revsh_text), (4 bytes).
    Removing voice.o(.rrx_text), (6 bytes).
    Removing voice.o(i._ZN5Voice5stageEv), (4 bytes).
    Removing voice.o(.ARM.exidx), (8 bytes).
    Removing voice.o(.ARM.exidx), (8 bytes).
    Removing voice.o(.ARM.exidx), (8 bytes).
    Removing voice.o(.ARM.exidx), (8 bytes).
    Removing voice.o(.ARM.exidx), (8 bytes).
    Removing voice.o(.ARM.exidx), (8 bytes).
    Removing voice.o(.ARM.exidx), (8 bytes).
    Removing voice.o(.ARM.exidx), (8 bytes).
    Removing voice.o(.ARM.exidx), (8 bytes).
    Removing voice.o(.ARM.exidx), (8 bytes).
    Removing wavefile.o(.rev16_text), (4 bytes).
    Removing wavefile.o(.revsh_text), (4 bytes).
    Removing wavefile.o(.rrx_text), (6 bytes).
    Removing wavefile.o(i._Z15ByteDataToFloatPhPPfii), (124 bytes).
    Removing wavefile.o(i._Z15FloatDataToBytePPfPhii), (216 bytes).
    Removing wavefile.o(i._Z16Bit24DataToFloatPhPPfii), (82 bytes).
    Removing wavefile.o(i._Z16FloatDataToBit24PPfPhii), (82 bytes).
    Removing wavefile.o(i._Z16FloatDataToFloatPfPS_ii), (62 bytes).
    Removing wavefile.o(i._Z16FloatDataToShortPPfPsii), (86 bytes).
    Removing wavefile.o(i._Z16Int32DataToFloatPiPPfii), (112 bytes).
    Removing wavefile.o(i._Z16ShortDataToFloatPsPPfiib), (124 bytes).
    Removing wavefile.o(i._ZN14WaveFileWriter10AppendDataEPvi), (56 bytes).
    Removing wavefile.o(i._ZN14WaveFileWriter6CreateEPKciii), (68 bytes).
    Removing wavefile.o(i._ZN14WaveFileWriter6FinishEv), (68 bytes).
    Removing wavefile.o(i._ZN14WaveFileWriter7_CreateEP3FILiii), (168 bytes).
    Removing wavefile.o(i._ZN14WaveFileWriterC1Ev), (20 bytes).
    Removing wavefile.o(i._ZN14WaveFileWriterD1Ev), (20 bytes).
    Removing wavefile.o(.ARM.exidx), (8 bytes).
    Removing wavefile.o(.ARM.exidx), (8 bytes).
    Removing wavefile.o(.ARM.exidx), (8 bytes).
    Removing wavefile.o(.ARM.exidx), (8 bytes).
    Removing wavefile.o(.ARM.exidx), (8 bytes).
    Removing wavefile.o(.ARM.exidx), (8 bytes).
    Removing wavefile.o(.ARM.exidx), (8 bytes).
    Removing wavefile.o(.ARM.exidx), (8 bytes).
    Removing wavefile.o(.ARM.exidx), (8 bytes).
    Removing wavefile.o(.ARM.exidx), (8 bytes).
    Removing wavefile.o(.ARM.exidx), (8 bytes).
    Removing wavefile.o(.ARM.exidx), (8 bytes).
    Removing wavefile.o(.ARM.exidx), (8 bytes).
    Removing wavefile.o(.ARM.exidx), (8 bytes).
    Removing wavefile.o(.ARM.exidx), (8 bytes).
    Removing wavefile.o(.ARM.exidx), (8 bytes).
    Removing mpr121.o(.rev16_text), (4 bytes).
    Removing mpr121.o(.revsh_text), (4 bytes).
    Removing mpr121.o(.rrx_text), (6 bytes).
    Removing mpr121.o(i.TestMpr121), (96 bytes).
    Removing wave_genout.o(.rev16_text), (4 bytes).
    Removing wave_genout.o(.revsh_text), (4 bytes).
    Removing wave_genout.o(.rrx_text), (6 bytes).
    Removing wm8978.o(.rev16_text), (4 bytes).
    Removing wm8978.o(.revsh_text), (4 bytes).
    Removing wm8978.o(.rrx_text), (6 bytes).
    Removing wm8978.o(i.WM8978_MIC_Gain), (28 bytes).
    Removing wm8978.o(i.WM8978_Read_Reg), (12 bytes).
    Removing stm32f7xx_hal_msp.o(.rev16_text), (4 bytes).
    Removing stm32f7xx_hal_msp.o(.revsh_text), (4 bytes).
    Removing stm32f7xx_hal_msp.o(.rrx_text), (6 bytes).
    Removing stm32f7xx_hal_msp.o(i.HAL_ADC_MspDeInit), (40 bytes).
    Removing stm32f7xx_hal_msp.o(i.HAL_I2C_MspDeInit), (72 bytes).
    Removing stm32f7xx_hal_msp.o(i.HAL_I2S_MspDeInit), (68 bytes).
    Removing stm32f7xx_hal_msp.o(i.HAL_SD_MspDeInit), (80 bytes).
    Removing stm32f7xx_hal_msp.o(i.HAL_UART_MspDeInit), (44 bytes).
    Removing sd_diskio.o(.rev16_text), (4 bytes).
    Removing sd_diskio.o(.revsh_text), (4 bytes).
    Removing sd_diskio.o(.rrx_text), (6 bytes).
    Removing sd_diskio.o(i.BSP_SD_ReadCpltCallback), (12 bytes).
    Removing sd_diskio.o(i.BSP_SD_WriteCpltCallback), (12 bytes).
    Removing bsp_driver_sd.o(.rev16_text), (4 bytes).
    Removing bsp_driver_sd.o(.revsh_text), (4 bytes).
    Removing bsp_driver_sd.o(.rrx_text), (6 bytes).
    Removing bsp_driver_sd.o(i.BSP_SD_Erase), (28 bytes).
    Removing bsp_driver_sd.o(i.BSP_SD_ITConfig), (4 bytes).
    Removing bsp_driver_sd.o(i.BSP_SD_IsDetected), (14 bytes).
    Removing bsp_driver_sd.o(i.BSP_SD_ReadBlocks), (32 bytes).
    Removing bsp_driver_sd.o(i.BSP_SD_WriteBlocks), (32 bytes).
    Removing fatfs.o(.rev16_text), (4 bytes).
    Removing fatfs.o(.revsh_text), (4 bytes).
    Removing fatfs.o(.rrx_text), (6 bytes).
    Removing fatfs.o(.bss), (556 bytes).
    Removing stm32f7xx_it.o(.rev16_text), (4 bytes).
    Removing stm32f7xx_it.o(.revsh_text), (4 bytes).
    Removing stm32f7xx_it.o(.rrx_text), (6 bytes).
    Removing main.o(.rev16_text), (4 bytes).
    Removing main.o(.revsh_text), (4 bytes).
    Removing main.o(.rrx_text), (6 bytes).
    Removing system_stm32f7xx.o(.rev16_text), (4 bytes).
    Removing system_stm32f7xx.o(.revsh_text), (4 bytes).
    Removing system_stm32f7xx.o(.rrx_text), (6 bytes).
    Removing system_stm32f7xx.o(i.SystemCoreClockUpdate), (104 bytes).
    Removing stm32f7xx_hal_cortex.o(.rev16_text), (4 bytes).
    Removing stm32f7xx_hal_cortex.o(.revsh_text), (4 bytes).
    Removing stm32f7xx_hal_cortex.o(.rrx_text), (6 bytes).
    Removing stm32f7xx_hal_cortex.o(i.HAL_MPU_ConfigRegion), (92 bytes).
    Removing stm32f7xx_hal_cortex.o(i.HAL_MPU_Disable), (28 bytes).
    Removing stm32f7xx_hal_cortex.o(i.HAL_MPU_Enable), (36 bytes).
    Removing stm32f7xx_hal_cortex.o(i.HAL_NVIC_ClearPendingIRQ), (22 bytes).
    Removing stm32f7xx_hal_cortex.o(i.HAL_NVIC_DisableIRQ), (22 bytes).
    Removing stm32f7xx_hal_cortex.o(i.HAL_NVIC_GetActive), (32 bytes).
    Removing stm32f7xx_hal_cortex.o(i.HAL_NVIC_GetPendingIRQ), (32 bytes).
    Removing stm32f7xx_hal_cortex.o(i.HAL_NVIC_GetPriority), (82 bytes).
    Removing stm32f7xx_hal_cortex.o(i.HAL_NVIC_GetPriorityGrouping), (16 bytes).
    Removing stm32f7xx_hal_cortex.o(i.HAL_NVIC_SetPendingIRQ), (22 bytes).
    Removing stm32f7xx_hal_cortex.o(i.HAL_NVIC_SystemReset), (36 bytes).
    Removing stm32f7xx_hal_dma_ex.o(.rev16_text), (4 bytes).
    Removing stm32f7xx_hal_dma_ex.o(.revsh_text), (4 bytes).
    Removing stm32f7xx_hal_dma_ex.o(.rrx_text), (6 bytes).
    Removing stm32f7xx_hal_dma_ex.o(i.DMA_MultiBufferSetConfig), (30 bytes).
    Removing stm32f7xx_hal_dma_ex.o(i.HAL_DMAEx_ChangeMemory), (14 bytes).
    Removing stm32f7xx_hal_dma_ex.o(i.HAL_DMAEx_MultiBufferStart), (100 bytes).
    Removing stm32f7xx_hal_dma_ex.o(i.HAL_DMAEx_MultiBufferStart_IT), (2428 bytes).
    Removing stm32f7xx_hal.o(.rev16_text), (4 bytes).
    Removing stm32f7xx_hal.o(.revsh_text), (4 bytes).
    Removing stm32f7xx_hal.o(.rrx_text), (6 bytes).
    Removing stm32f7xx_hal.o(i.HAL_DBGMCU_DisableDBGSleepMode), (16 bytes).
    Removing stm32f7xx_hal.o(i.HAL_DBGMCU_DisableDBGStandbyMode), (16 bytes).
    Removing stm32f7xx_hal.o(i.HAL_DBGMCU_DisableDBGStopMode), (16 bytes).
    Removing stm32f7xx_hal.o(i.HAL_DBGMCU_EnableDBGSleepMode), (16 bytes).
    Removing stm32f7xx_hal.o(i.HAL_DBGMCU_EnableDBGStandbyMode), (16 bytes).
    Removing stm32f7xx_hal.o(i.HAL_DBGMCU_EnableDBGStopMode), (16 bytes).
    Removing stm32f7xx_hal.o(i.HAL_DeInit), (52 bytes).
    Removing stm32f7xx_hal.o(i.HAL_DisableCompensationCell), (16 bytes).
    Removing stm32f7xx_hal.o(i.HAL_DisableFMCMemorySwapping), (16 bytes).
    Removing stm32f7xx_hal.o(i.HAL_DisableMemorySwappingBank), (16 bytes).
    Removing stm32f7xx_hal.o(i.HAL_EnableCompensationCell), (16 bytes).
    Removing stm32f7xx_hal.o(i.HAL_EnableFMCMemorySwapping), (16 bytes).
    Removing stm32f7xx_hal.o(i.HAL_EnableMemorySwappingBank), (16 bytes).
    Removing stm32f7xx_hal.o(i.HAL_GetDEVID), (16 bytes).
    Removing stm32f7xx_hal.o(i.HAL_GetHalVersion), (8 bytes).
    Removing stm32f7xx_hal.o(i.HAL_GetREVID), (12 bytes).
    Removing stm32f7xx_hal.o(i.HAL_GetTickFreq), (12 bytes).
    Removing stm32f7xx_hal.o(i.HAL_GetTickPrio), (12 bytes).
    Removing stm32f7xx_hal.o(i.HAL_GetUIDw0), (12 bytes).
    Removing stm32f7xx_hal.o(i.HAL_GetUIDw1), (12 bytes).
    Removing stm32f7xx_hal.o(i.HAL_GetUIDw2), (12 bytes).
    Removing stm32f7xx_hal.o(i.HAL_MspDeInit), (2 bytes).
    Removing stm32f7xx_hal.o(i.HAL_MspInit), (2 bytes).
    Removing stm32f7xx_hal.o(i.HAL_ResumeTick), (14 bytes).
    Removing stm32f7xx_hal.o(i.HAL_SetTickFreq), (32 bytes).
    Removing stm32f7xx_hal.o(i.HAL_SuspendTick), (14 bytes).
    Removing stm32f7xx_hal_uart.o(.rev16_text), (4 bytes).
    Removing stm32f7xx_hal_uart.o(.revsh_text), (4 bytes).
    Removing stm32f7xx_hal_uart.o(.rrx_text), (6 bytes).
    Removing stm32f7xx_hal_uart.o(i.HAL_HalfDuplex_EnableReceiver), (62 bytes).
    Removing stm32f7xx_hal_uart.o(i.HAL_HalfDuplex_EnableTransmitter), (62 bytes).
    Removing stm32f7xx_hal_uart.o(i.HAL_HalfDuplex_Init), (116 bytes).
    Removing stm32f7xx_hal_uart.o(i.HAL_LIN_Init), (130 bytes).
    Removing stm32f7xx_hal_uart.o(i.HAL_LIN_SendBreak), (50 bytes).
    Removing stm32f7xx_hal_uart.o(i.HAL_MultiProcessorEx_AddressLength_Set), (48 bytes).
    Removing stm32f7xx_hal_uart.o(i.HAL_MultiProcessor_DisableMuteMode), (44 bytes).
    Removing stm32f7xx_hal_uart.o(i.HAL_MultiProcessor_EnableMuteMode), (44 bytes).
    Removing stm32f7xx_hal_uart.o(i.HAL_MultiProcessor_EnterMuteMode), (12 bytes).
    Removing stm32f7xx_hal_uart.o(i.HAL_MultiProcessor_Init), (138 bytes).
    Removing stm32f7xx_hal_uart.o(i.HAL_RS485Ex_Init), (140 bytes).
    Removing stm32f7xx_hal_uart.o(i.HAL_UART_DMAPause), (98 bytes).
    Removing stm32f7xx_hal_uart.o(i.HAL_UART_DMAResume), (102 bytes).
    Removing stm32f7xx_hal_uart.o(i.HAL_UART_DMAStop), (84 bytes).
    Removing stm32f7xx_hal_uart.o(i.HAL_UART_DeInit), (64 bytes).
    Removing stm32f7xx_hal_uart.o(i.HAL_UART_ErrorCallback), (2 bytes).
    Removing stm32f7xx_hal_uart.o(i.HAL_UART_GetError), (4 bytes).
    Removing stm32f7xx_hal_uart.o(i.HAL_UART_GetState), (12 bytes).
    Removing stm32f7xx_hal_uart.o(i.HAL_UART_IRQHandler), (376 bytes).
    Removing stm32f7xx_hal_uart.o(i.HAL_UART_MspDeInit), (2 bytes).
    Removing stm32f7xx_hal_uart.o(i.HAL_UART_MspInit), (2 bytes).
    Removing stm32f7xx_hal_uart.o(i.HAL_UART_Receive), (232 bytes).
    Removing stm32f7xx_hal_uart.o(i.HAL_UART_Receive_DMA), (148 bytes).
    Removing stm32f7xx_hal_uart.o(i.HAL_UART_Receive_IT), (142 bytes).
    Removing stm32f7xx_hal_uart.o(i.HAL_UART_RxCpltCallback), (2 bytes).
    Removing stm32f7xx_hal_uart.o(i.HAL_UART_RxHalfCpltCallback), (2 bytes).
    Removing stm32f7xx_hal_uart.o(i.HAL_UART_Transmit_DMA), (140 bytes).
    Removing stm32f7xx_hal_uart.o(i.HAL_UART_Transmit_IT), (66 bytes).
    Removing stm32f7xx_hal_uart.o(i.HAL_UART_TxCpltCallback), (2 bytes).
    Removing stm32f7xx_hal_uart.o(i.HAL_UART_TxHalfCpltCallback), (2 bytes).
    Removing stm32f7xx_hal_uart.o(i.UART_DMAAbortOnError), (20 bytes).
    Removing stm32f7xx_hal_uart.o(i.UART_DMAError), (74 bytes).
    Removing stm32f7xx_hal_uart.o(i.UART_DMAReceiveCplt), (60 bytes).
    Removing stm32f7xx_hal_uart.o(i.UART_DMARxHalfCplt), (10 bytes).
    Removing stm32f7xx_hal_uart.o(i.UART_DMATransmitCplt), (46 bytes).
    Removing stm32f7xx_hal_uart.o(i.UART_DMATxHalfCplt), (10 bytes).
    Removing stm32f7xx_hal_uart.o(i.UART_EndRxTransfer), (28 bytes).
    Removing stm32f7xx_hal_uart.o(i.UART_EndTxTransfer), (18 bytes).
    Removing stm32f7xx_hal_uart.o(i.UART_Receive_IT), (120 bytes).
    Removing stm32f7xx_hal_rcc_ex.o(.rev16_text), (4 bytes).
    Removing stm32f7xx_hal_rcc_ex.o(.revsh_text), (4 bytes).
    Removing stm32f7xx_hal_rcc_ex.o(.rrx_text), (6 bytes).
    Removing stm32f7xx_hal_rcc_ex.o(i.HAL_RCCEx_DisablePLLI2S), (48 bytes).
    Removing stm32f7xx_hal_rcc_ex.o(i.HAL_RCCEx_DisablePLLSAI), (52 bytes).
    Removing stm32f7xx_hal_rcc_ex.o(i.HAL_RCCEx_EnablePLLI2S), (112 bytes).
    Removing stm32f7xx_hal_rcc_ex.o(i.HAL_RCCEx_EnablePLLSAI), (120 bytes).
    Removing stm32f7xx_hal_rcc_ex.o(i.HAL_RCCEx_GetPeriphCLKConfig), (336 bytes).
    Removing stm32f7xx_hal_rcc_ex.o(i.HAL_RCCEx_GetPeriphCLKFreq), (192 bytes).
    Removing stm32f7xx_hal_rcc.o(.rev16_text), (4 bytes).
    Removing stm32f7xx_hal_rcc.o(.revsh_text), (4 bytes).
    Removing stm32f7xx_hal_rcc.o(.rrx_text), (6 bytes).
    Removing stm32f7xx_hal_rcc.o(i.HAL_RCC_CSSCallback), (2 bytes).
    Removing stm32f7xx_hal_rcc.o(i.HAL_RCC_DeInit), (320 bytes).
    Removing stm32f7xx_hal_rcc.o(i.HAL_RCC_DisableCSS), (16 bytes).
    Removing stm32f7xx_hal_rcc.o(i.HAL_RCC_EnableCSS), (16 bytes).
    Removing stm32f7xx_hal_rcc.o(i.HAL_RCC_GetClockConfig), (64 bytes).
    Removing stm32f7xx_hal_rcc.o(i.HAL_RCC_GetOscConfig), (196 bytes).
    Removing stm32f7xx_hal_rcc.o(i.HAL_RCC_MCOConfig), (148 bytes).
    Removing stm32f7xx_hal_rcc.o(i.HAL_RCC_NMI_IRQHandler), (28 bytes).
    Removing stm32f7xx_hal_i2c_ex.o(.rev16_text), (4 bytes).
    Removing stm32f7xx_hal_i2c_ex.o(.revsh_text), (4 bytes).
    Removing stm32f7xx_hal_i2c_ex.o(.rrx_text), (6 bytes).
    Removing stm32f7xx_hal_i2c_ex.o(i.HAL_I2CEx_DisableFastModePlus), (40 bytes).
    Removing stm32f7xx_hal_i2c_ex.o(i.HAL_I2CEx_EnableFastModePlus), (40 bytes).
    Removing stm32f7xx_hal_tim_ex.o(.rev16_text), (4 bytes).
    Removing stm32f7xx_hal_tim_ex.o(.revsh_text), (4 bytes).
    Removing stm32f7xx_hal_tim_ex.o(.rrx_text), (6 bytes).
    Removing stm32f7xx_ll_sdmmc.o(.rev16_text), (4 bytes).
    Removing stm32f7xx_ll_sdmmc.o(.revsh_text), (4 bytes).
    Removing stm32f7xx_ll_sdmmc.o(.rrx_text), (6 bytes).
    Removing stm32f7xx_ll_sdmmc.o(i.SDMMC_CmdErase), (48 bytes).
    Removing stm32f7xx_ll_sdmmc.o(i.SDMMC_CmdEraseEndAdd), (50 bytes).
    Removing stm32f7xx_ll_sdmmc.o(i.SDMMC_CmdEraseStartAdd), (50 bytes).
    Removing stm32f7xx_ll_sdmmc.o(i.SDMMC_CmdOpCondition), (44 bytes).
    Removing stm32f7xx_ll_sdmmc.o(i.SDMMC_CmdSDEraseEndAdd), (50 bytes).
    Removing stm32f7xx_ll_sdmmc.o(i.SDMMC_CmdSDEraseStartAdd), (50 bytes).
    Removing stm32f7xx_ll_sdmmc.o(i.SDMMC_CmdStatusRegister), (48 bytes).
    Removing stm32f7xx_ll_sdmmc.o(i.SDMMC_CmdSwitch), (50 bytes).
    Removing stm32f7xx_ll_sdmmc.o(i.SDMMC_GetCommandResponse), (6 bytes).
    Removing stm32f7xx_ll_sdmmc.o(i.SDMMC_GetDataCounter), (4 bytes).
    Removing stm32f7xx_ll_sdmmc.o(i.SDMMC_GetFIFOCount), (6 bytes).
    Removing stm32f7xx_ll_sdmmc.o(i.SDMMC_PowerState_OFF), (8 bytes).
    Removing stm32f7xx_ll_sdmmc.o(i.SDMMC_SetSDMMCReadWaitMode), (14 bytes).
    Removing stm32f7xx_hal_sd.o(.rev16_text), (4 bytes).
    Removing stm32f7xx_hal_sd.o(.revsh_text), (4 bytes).
    Removing stm32f7xx_hal_sd.o(.rrx_text), (6 bytes).
    Removing stm32f7xx_hal_sd.o(i.HAL_SD_Abort), (94 bytes).
    Removing stm32f7xx_hal_sd.o(i.HAL_SD_Abort_IT), (140 bytes).
    Removing stm32f7xx_hal_sd.o(i.HAL_SD_DeInit), (38 bytes).
    Removing stm32f7xx_hal_sd.o(i.HAL_SD_Erase), (182 bytes).
    Removing stm32f7xx_hal_sd.o(i.HAL_SD_GetCardCID), (178 bytes).
    Removing stm32f7xx_hal_sd.o(i.HAL_SD_GetCardStatus), (184 bytes).
    Removing stm32f7xx_hal_sd.o(i.HAL_SD_GetError), (4 bytes).
    Removing stm32f7xx_hal_sd.o(i.HAL_SD_GetState), (6 bytes).
    Removing stm32f7xx_hal_sd.o(i.HAL_SD_MspDeInit), (2 bytes).
    Removing stm32f7xx_hal_sd.o(i.HAL_SD_MspInit), (2 bytes).
    Removing stm32f7xx_hal_sd.o(i.HAL_SD_ReadBlocks), (432 bytes).
    Removing stm32f7xx_hal_sd.o(i.HAL_SD_ReadBlocks_IT), (190 bytes).
    Removing stm32f7xx_hal_sd.o(i.HAL_SD_RxCpltCallback), (2 bytes).
    Removing stm32f7xx_hal_sd.o(i.HAL_SD_TxCpltCallback), (2 bytes).
    Removing stm32f7xx_hal_sd.o(i.HAL_SD_WriteBlocks), (418 bytes).
    Removing stm32f7xx_hal_sd.o(i.HAL_SD_WriteBlocks_IT), (202 bytes).
    Removing stm32f7xx_hal_sd.o(i.SD_SendSDStatus), (232 bytes).
    Removing stm32f7xx_hal_flash.o(.rev16_text), (4 bytes).
    Removing stm32f7xx_hal_flash.o(.revsh_text), (4 bytes).
    Removing stm32f7xx_hal_flash.o(.rrx_text), (6 bytes).
    Removing stm32f7xx_hal_flash.o(i.FLASH_Program_Byte), (36 bytes).
    Removing stm32f7xx_hal_flash.o(i.FLASH_Program_DoubleWord), (44 bytes).
    Removing stm32f7xx_hal_flash.o(i.FLASH_Program_HalfWord), (40 bytes).
    Removing stm32f7xx_hal_flash.o(i.FLASH_Program_Word), (40 bytes).
    Removing stm32f7xx_hal_flash.o(i.FLASH_SetErrorCode), (88 bytes).
    Removing stm32f7xx_hal_flash.o(i.FLASH_WaitForLastOperation), (84 bytes).
    Removing stm32f7xx_hal_flash.o(i.HAL_FLASH_EndOfOperationCallback), (2 bytes).
    Removing stm32f7xx_hal_flash.o(i.HAL_FLASH_GetError), (12 bytes).
    Removing stm32f7xx_hal_flash.o(i.HAL_FLASH_IRQHandler), (248 bytes).
    Removing stm32f7xx_hal_flash.o(i.HAL_FLASH_Lock), (20 bytes).
    Removing stm32f7xx_hal_flash.o(i.HAL_FLASH_OB_Launch), (24 bytes).
    Removing stm32f7xx_hal_flash.o(i.HAL_FLASH_OB_Lock), (20 bytes).
    Removing stm32f7xx_hal_flash.o(i.HAL_FLASH_OB_Unlock), (40 bytes).
    Removing stm32f7xx_hal_flash.o(i.HAL_FLASH_OperationErrorCallback), (2 bytes).
    Removing stm32f7xx_hal_flash.o(i.HAL_FLASH_Program), (132 bytes).
    Removing stm32f7xx_hal_flash.o(i.HAL_FLASH_Program_IT), (132 bytes).
    Removing stm32f7xx_hal_flash.o(i.HAL_FLASH_Unlock), (48 bytes).
    Removing stm32f7xx_hal_flash.o(.bss), (28 bytes).
    Removing stm32f7xx_hal_gpio.o(.rev16_text), (4 bytes).
    Removing stm32f7xx_hal_gpio.o(.revsh_text), (4 bytes).
    Removing stm32f7xx_hal_gpio.o(.rrx_text), (6 bytes).
    Removing stm32f7xx_hal_gpio.o(i.HAL_GPIO_DeInit), (340 bytes).
    Removing stm32f7xx_hal_gpio.o(i.HAL_GPIO_EXTI_Callback), (2 bytes).
    Removing stm32f7xx_hal_gpio.o(i.HAL_GPIO_EXTI_IRQHandler), (24 bytes).
    Removing stm32f7xx_hal_gpio.o(i.HAL_GPIO_LockPin), (34 bytes).
    Removing stm32f7xx_hal_gpio.o(i.HAL_GPIO_ReadPin), (10 bytes).
    Removing stm32f7xx_hal_gpio.o(i.HAL_GPIO_TogglePin), (8 bytes).
    Removing stm32f7xx_hal_i2s.o(.rev16_text), (4 bytes).
    Removing stm32f7xx_hal_i2s.o(.revsh_text), (4 bytes).
    Removing stm32f7xx_hal_i2s.o(.rrx_text), (6 bytes).
    Removing stm32f7xx_hal_i2s.o(i.HAL_I2S_DMAPause), (88 bytes).
    Removing stm32f7xx_hal_i2s.o(i.HAL_I2S_DMAResume), (82 bytes).
    Removing stm32f7xx_hal_i2s.o(i.HAL_I2S_DMAStop), (106 bytes).
    Removing stm32f7xx_hal_i2s.o(i.HAL_I2S_DeInit), (36 bytes).
    Removing stm32f7xx_hal_i2s.o(i.HAL_I2S_GetError), (4 bytes).
    Removing stm32f7xx_hal_i2s.o(i.HAL_I2S_GetState), (6 bytes).
    Removing stm32f7xx_hal_i2s.o(i.HAL_I2S_IRQHandler), (220 bytes).
    Removing stm32f7xx_hal_i2s.o(i.HAL_I2S_MspDeInit), (2 bytes).
    Removing stm32f7xx_hal_i2s.o(i.HAL_I2S_MspInit), (2 bytes).
    Removing stm32f7xx_hal_i2s.o(i.HAL_I2S_Receive), (228 bytes).
    Removing stm32f7xx_hal_i2s.o(i.HAL_I2S_Receive_DMA), (192 bytes).
    Removing stm32f7xx_hal_i2s.o(i.HAL_I2S_Receive_IT), (116 bytes).
    Removing stm32f7xx_hal_i2s.o(i.HAL_I2S_RxCpltCallback), (2 bytes).
    Removing stm32f7xx_hal_i2s.o(i.HAL_I2S_RxHalfCpltCallback), (2 bytes).
    Removing stm32f7xx_hal_i2s.o(i.HAL_I2S_Transmit), (248 bytes).
    Removing stm32f7xx_hal_i2s.o(i.HAL_I2S_Transmit_IT), (116 bytes).
    Removing stm32f7xx_hal_i2s.o(i.HAL_I2S_TxCpltCallback), (2 bytes).
    Removing stm32f7xx_hal_i2s.o(i.HAL_I2S_TxHalfCpltCallback), (2 bytes).
    Removing stm32f7xx_hal_i2s.o(i.I2S_DMARxCplt), (50 bytes).
    Removing stm32f7xx_hal_i2s.o(i.I2S_DMARxHalfCplt), (10 bytes).
    Removing stm32f7xx_hal_i2s.o(i.I2S_WaitFlagStateUntilTimeout), (106 bytes).
    Removing stm32f7xx_hal_flash_ex.o(.rev16_text), (4 bytes).
    Removing stm32f7xx_hal_flash_ex.o(.revsh_text), (4 bytes).
    Removing stm32f7xx_hal_flash_ex.o(.rrx_text), (6 bytes).
    Removing stm32f7xx_hal_flash_ex.o(i.FLASH_Erase_Sector), (92 bytes).
    Removing stm32f7xx_hal_flash_ex.o(i.FLASH_MassErase), (68 bytes).
    Removing stm32f7xx_hal_flash_ex.o(i.FLASH_OB_BootAddressConfig), (48 bytes).
    Removing stm32f7xx_hal_flash_ex.o(i.FLASH_OB_GetBootAddress), (20 bytes).
    Removing stm32f7xx_hal_flash_ex.o(i.HAL_FLASHEx_Erase), (144 bytes).
    Removing stm32f7xx_hal_flash_ex.o(i.HAL_FLASHEx_Erase_IT), (104 bytes).
    Removing stm32f7xx_hal_flash_ex.o(i.HAL_FLASHEx_OBGetConfig), (84 bytes).
    Removing stm32f7xx_hal_flash_ex.o(i.HAL_FLASHEx_OBProgram), (256 bytes).
    Removing stm32f7xx_hal_pwr_ex.o(.rev16_text), (4 bytes).
    Removing stm32f7xx_hal_pwr_ex.o(.revsh_text), (4 bytes).
    Removing stm32f7xx_hal_pwr_ex.o(.rrx_text), (6 bytes).
    Removing stm32f7xx_hal_pwr_ex.o(i.HAL_PWREx_ControlVoltageScaling), (176 bytes).
    Removing stm32f7xx_hal_pwr_ex.o(i.HAL_PWREx_DisableBkUpReg), (64 bytes).
    Removing stm32f7xx_hal_pwr_ex.o(i.HAL_PWREx_DisableFlashPowerDown), (16 bytes).
    Removing stm32f7xx_hal_pwr_ex.o(i.HAL_PWREx_DisableLowRegulatorLowVoltage), (16 bytes).
    Removing stm32f7xx_hal_pwr_ex.o(i.HAL_PWREx_DisableMainRegulatorLowVoltage), (16 bytes).
    Removing stm32f7xx_hal_pwr_ex.o(i.HAL_PWREx_DisableOverDrive), (108 bytes).
    Removing stm32f7xx_hal_pwr_ex.o(i.HAL_PWREx_EnableBkUpReg), (64 bytes).
    Removing stm32f7xx_hal_pwr_ex.o(i.HAL_PWREx_EnableFlashPowerDown), (16 bytes).
    Removing stm32f7xx_hal_pwr_ex.o(i.HAL_PWREx_EnableLowRegulatorLowVoltage), (16 bytes).
    Removing stm32f7xx_hal_pwr_ex.o(i.HAL_PWREx_EnableMainRegulatorLowVoltage), (16 bytes).
    Removing stm32f7xx_hal_pwr_ex.o(i.HAL_PWREx_EnterUnderDriveSTOPMode), (144 bytes).
    Removing stm32f7xx_hal_pwr_ex.o(i.HAL_PWREx_GetVoltageRange), (16 bytes).
    Removing stm32f7xx_hal_dma.o(.rev16_text), (4 bytes).
    Removing stm32f7xx_hal_dma.o(.revsh_text), (4 bytes).
    Removing stm32f7xx_hal_dma.o(.rrx_text), (6 bytes).
    Removing stm32f7xx_hal_dma.o(i.HAL_DMA_Abort), (146 bytes).
    Removing stm32f7xx_hal_dma.o(i.HAL_DMA_DeInit), (98 bytes).
    Removing stm32f7xx_hal_dma.o(i.HAL_DMA_GetState), (6 bytes).
    Removing stm32f7xx_hal_dma.o(i.HAL_DMA_PollForTransfer), (292 bytes).
    Removing stm32f7xx_hal_dma.o(i.HAL_DMA_RegisterCallback), (80 bytes).
    Removing stm32f7xx_hal_dma.o(i.HAL_DMA_Start), (74 bytes).
    Removing stm32f7xx_hal_dma.o(i.HAL_DMA_UnRegisterCallback), (96 bytes).
    Removing stm32f7xx_hal_tim.o(.rev16_text), (4 bytes).
    Removing stm32f7xx_hal_tim.o(.revsh_text), (4 bytes).
    Removing stm32f7xx_hal_tim.o(.rrx_text), (6 bytes).
    Removing stm32f7xx_hal_pwr.o(.rev16_text), (4 bytes).
    Removing stm32f7xx_hal_pwr.o(.revsh_text), (4 bytes).
    Removing stm32f7xx_hal_pwr.o(.rrx_text), (6 bytes).
    Removing stm32f7xx_hal_pwr.o(i.HAL_PWR_ConfigPVD), (124 bytes).
    Removing stm32f7xx_hal_pwr.o(i.HAL_PWR_DeInit), (24 bytes).
    Removing stm32f7xx_hal_pwr.o(i.HAL_PWR_DisableBkUpAccess), (16 bytes).
    Removing stm32f7xx_hal_pwr.o(i.HAL_PWR_DisablePVD), (16 bytes).
    Removing stm32f7xx_hal_pwr.o(i.HAL_PWR_DisableSEVOnPend), (16 bytes).
    Removing stm32f7xx_hal_pwr.o(i.HAL_PWR_DisableSleepOnExit), (16 bytes).
    Removing stm32f7xx_hal_pwr.o(i.HAL_PWR_DisableWakeUpPin), (16 bytes).
    Removing stm32f7xx_hal_pwr.o(i.HAL_PWR_EnableBkUpAccess), (16 bytes).
    Removing stm32f7xx_hal_pwr.o(i.HAL_PWR_EnablePVD), (16 bytes).
    Removing stm32f7xx_hal_pwr.o(i.HAL_PWR_EnableSEVOnPend), (16 bytes).
    Removing stm32f7xx_hal_pwr.o(i.HAL_PWR_EnableSleepOnExit), (16 bytes).
    Removing stm32f7xx_hal_pwr.o(i.HAL_PWR_EnableWakeUpPin), (28 bytes).
    Removing stm32f7xx_hal_pwr.o(i.HAL_PWR_EnterSLEEPMode), (40 bytes).
    Removing stm32f7xx_hal_pwr.o(i.HAL_PWR_EnterSTANDBYMode), (32 bytes).
    Removing stm32f7xx_hal_pwr.o(i.HAL_PWR_EnterSTOPMode), (64 bytes).
    Removing stm32f7xx_hal_pwr.o(i.HAL_PWR_PVDCallback), (2 bytes).
    Removing stm32f7xx_hal_pwr.o(i.HAL_PWR_PVD_IRQHandler), (28 bytes).
    Removing stm32f7xx_hal_i2c.o(.rev16_text), (4 bytes).
    Removing stm32f7xx_hal_i2c.o(.revsh_text), (4 bytes).
    Removing stm32f7xx_hal_i2c.o(.rrx_text), (6 bytes).
    Removing stm32f7xx_hal_i2c.o(i.HAL_I2C_AbortCpltCallback), (2 bytes).
    Removing stm32f7xx_hal_i2c.o(i.HAL_I2C_AddrCallback), (2 bytes).
    Removing stm32f7xx_hal_i2c.o(i.HAL_I2C_DeInit), (52 bytes).
    Removing stm32f7xx_hal_i2c.o(i.HAL_I2C_DisableListen_IT), (54 bytes).
    Removing stm32f7xx_hal_i2c.o(i.HAL_I2C_ER_IRQHandler), (98 bytes).
    Removing stm32f7xx_hal_i2c.o(i.HAL_I2C_EV_IRQHandler), (16 bytes).
    Removing stm32f7xx_hal_i2c.o(i.HAL_I2C_EnableListen_IT), (40 bytes).
    Removing stm32f7xx_hal_i2c.o(i.HAL_I2C_ErrorCallback), (2 bytes).
    Removing stm32f7xx_hal_i2c.o(i.HAL_I2C_GetError), (4 bytes).
    Removing stm32f7xx_hal_i2c.o(i.HAL_I2C_GetMode), (6 bytes).
    Removing stm32f7xx_hal_i2c.o(i.HAL_I2C_GetState), (6 bytes).
    Removing stm32f7xx_hal_i2c.o(i.HAL_I2C_ListenCpltCallback), (2 bytes).
    Removing stm32f7xx_hal_i2c.o(i.HAL_I2C_MasterRxCpltCallback), (2 bytes).
    Removing stm32f7xx_hal_i2c.o(i.HAL_I2C_MasterTxCpltCallback), (2 bytes).
    Removing stm32f7xx_hal_i2c.o(i.HAL_I2C_Master_Abort_IT), (96 bytes).
    Removing stm32f7xx_hal_i2c.o(i.HAL_I2C_Master_Receive), (304 bytes).
    Removing stm32f7xx_hal_i2c.o(i.HAL_I2C_Master_Receive_DMA), (244 bytes).
    Removing stm32f7xx_hal_i2c.o(i.HAL_I2C_Master_Receive_IT), (132 bytes).
    Removing stm32f7xx_hal_i2c.o(i.HAL_I2C_Master_Sequential_Receive_IT), (124 bytes).
    Removing stm32f7xx_hal_i2c.o(i.HAL_I2C_Master_Sequential_Transmit_IT), (124 bytes).
    Removing stm32f7xx_hal_i2c.o(i.HAL_I2C_Master_Transmit), (300 bytes).
    Removing stm32f7xx_hal_i2c.o(i.HAL_I2C_Master_Transmit_DMA), (248 bytes).
    Removing stm32f7xx_hal_i2c.o(i.HAL_I2C_Master_Transmit_IT), (132 bytes).
    Removing stm32f7xx_hal_i2c.o(i.HAL_I2C_MemRxCpltCallback), (2 bytes).
    Removing stm32f7xx_hal_i2c.o(i.HAL_I2C_MemTxCpltCallback), (2 bytes).
    Removing stm32f7xx_hal_i2c.o(i.HAL_I2C_Mem_Read_DMA), (256 bytes).
    Removing stm32f7xx_hal_i2c.o(i.HAL_I2C_Mem_Read_IT), (196 bytes).
    Removing stm32f7xx_hal_i2c.o(i.HAL_I2C_Mem_Write_DMA), (252 bytes).
    Removing stm32f7xx_hal_i2c.o(i.HAL_I2C_Mem_Write_IT), (192 bytes).
    Removing stm32f7xx_hal_i2c.o(i.HAL_I2C_MspDeInit), (2 bytes).
    Removing stm32f7xx_hal_i2c.o(i.HAL_I2C_MspInit), (2 bytes).
    Removing stm32f7xx_hal_i2c.o(i.HAL_I2C_SlaveRxCpltCallback), (2 bytes).
    Removing stm32f7xx_hal_i2c.o(i.HAL_I2C_SlaveTxCpltCallback), (2 bytes).
    Removing stm32f7xx_hal_i2c.o(i.HAL_I2C_Slave_Receive), (312 bytes).
    Removing stm32f7xx_hal_i2c.o(i.HAL_I2C_Slave_Receive_DMA), (164 bytes).
    Removing stm32f7xx_hal_i2c.o(i.HAL_I2C_Slave_Receive_IT), (92 bytes).
    Removing stm32f7xx_hal_i2c.o(i.HAL_I2C_Slave_Sequential_Receive_IT), (152 bytes).
    Removing stm32f7xx_hal_i2c.o(i.HAL_I2C_Slave_Sequential_Transmit_IT), (152 bytes).
    Removing stm32f7xx_hal_i2c.o(i.HAL_I2C_Slave_Transmit), (316 bytes).
    Removing stm32f7xx_hal_i2c.o(i.HAL_I2C_Slave_Transmit_DMA), (156 bytes).
    Removing stm32f7xx_hal_i2c.o(i.HAL_I2C_Slave_Transmit_IT), (92 bytes).
    Removing stm32f7xx_hal_i2c.o(i.I2C_DMAAbort), (50 bytes).
    Removing stm32f7xx_hal_i2c.o(i.I2C_DMAError), (18 bytes).
    Removing stm32f7xx_hal_i2c.o(i.I2C_DMAMasterReceiveCplt), (66 bytes).
    Removing stm32f7xx_hal_i2c.o(i.I2C_DMAMasterTransmitCplt), (66 bytes).
    Removing stm32f7xx_hal_i2c.o(i.I2C_DMASlaveReceiveCplt), (2 bytes).
    Removing stm32f7xx_hal_i2c.o(i.I2C_DMASlaveTransmitCplt), (2 bytes).
    Removing stm32f7xx_hal_i2c.o(i.I2C_Disable_IRQ), (88 bytes).
    Removing stm32f7xx_hal_i2c.o(i.I2C_Enable_IRQ), (96 bytes).
    Removing stm32f7xx_hal_i2c.o(i.I2C_ITAddrCplt), (136 bytes).
    Removing stm32f7xx_hal_i2c.o(i.I2C_ITError), (224 bytes).
    Removing stm32f7xx_hal_i2c.o(i.I2C_ITListenCplt), (96 bytes).
    Removing stm32f7xx_hal_i2c.o(i.I2C_ITMasterCplt), (180 bytes).
    Removing stm32f7xx_hal_i2c.o(i.I2C_ITMasterSequentialCplt), (80 bytes).
    Removing stm32f7xx_hal_i2c.o(i.I2C_ITSlaveCplt), (240 bytes).
    Removing stm32f7xx_hal_i2c.o(i.I2C_ITSlaveSequentialCplt), (84 bytes).
    Removing stm32f7xx_hal_i2c.o(i.I2C_Master_ISR_DMA), (196 bytes).
    Removing stm32f7xx_hal_i2c.o(i.I2C_Master_ISR_IT), (288 bytes).
    Removing stm32f7xx_hal_i2c.o(i.I2C_Slave_ISR_DMA), (106 bytes).
    Removing stm32f7xx_hal_i2c.o(i.I2C_Slave_ISR_IT), (276 bytes).
    Removing stm32f7xx_hal_i2c.o(i.I2C_WaitOnRXNEFlagUntilTimeout), (140 bytes).
    Removing stm32f7xx_hal_adc.o(.rev16_text), (4 bytes).
    Removing stm32f7xx_hal_adc.o(.revsh_text), (4 bytes).
    Removing stm32f7xx_hal_adc.o(.rrx_text), (6 bytes).
    Removing stm32f7xx_hal_adc.o(i.ADC_DMAConvCplt), (98 bytes).
    Removing stm32f7xx_hal_adc.o(i.ADC_DMAError), (22 bytes).
    Removing stm32f7xx_hal_adc.o(i.ADC_DMAHalfConvCplt), (10 bytes).
    Removing stm32f7xx_hal_adc.o(i.HAL_ADC_AnalogWDGConfig), (112 bytes).
    Removing stm32f7xx_hal_adc.o(i.HAL_ADC_ConvCpltCallback), (2 bytes).
    Removing stm32f7xx_hal_adc.o(i.HAL_ADC_ConvHalfCpltCallback), (2 bytes).
    Removing stm32f7xx_hal_adc.o(i.HAL_ADC_DeInit), (58 bytes).
    Removing stm32f7xx_hal_adc.o(i.HAL_ADC_ErrorCallback), (2 bytes).
    Removing stm32f7xx_hal_adc.o(i.HAL_ADC_GetError), (4 bytes).
    Removing stm32f7xx_hal_adc.o(i.HAL_ADC_GetState), (4 bytes).
    Removing stm32f7xx_hal_adc.o(i.HAL_ADC_IRQHandler), (316 bytes).
    Removing stm32f7xx_hal_adc.o(i.HAL_ADC_LevelOutOfWindowCallback), (2 bytes).
    Removing stm32f7xx_hal_adc.o(i.HAL_ADC_MspDeInit), (2 bytes).
    Removing stm32f7xx_hal_adc.o(i.HAL_ADC_MspInit), (2 bytes).
    Removing stm32f7xx_hal_adc.o(i.HAL_ADC_PollForEvent), (108 bytes).
    Removing stm32f7xx_hal_adc.o(i.HAL_ADC_Start_DMA), (252 bytes).
    Removing stm32f7xx_hal_adc.o(i.HAL_ADC_Start_IT), (196 bytes).
    Removing stm32f7xx_hal_adc.o(i.HAL_ADC_Stop), (60 bytes).
    Removing stm32f7xx_hal_adc.o(i.HAL_ADC_Stop_DMA), (88 bytes).
    Removing stm32f7xx_hal_adc.o(i.HAL_ADC_Stop_IT), (72 bytes).
    Removing stm32f7xx_hal_adc_ex.o(.rev16_text), (4 bytes).
    Removing stm32f7xx_hal_adc_ex.o(.revsh_text), (4 bytes).
    Removing stm32f7xx_hal_adc_ex.o(.rrx_text), (6 bytes).
    Removing stm32f7xx_hal_adc_ex.o(i.ADC_MultiModeDMAConvCplt), (90 bytes).
    Removing stm32f7xx_hal_adc_ex.o(i.ADC_MultiModeDMAError), (18 bytes).
    Removing stm32f7xx_hal_adc_ex.o(i.ADC_MultiModeDMAHalfConvCplt), (6 bytes).
    Removing stm32f7xx_hal_adc_ex.o(i.HAL_ADCEx_InjectedConfigChannel), (452 bytes).
    Removing stm32f7xx_hal_adc_ex.o(i.HAL_ADCEx_InjectedConvCpltCallback), (2 bytes).
    Removing stm32f7xx_hal_adc_ex.o(i.HAL_ADCEx_InjectedGetValue), (62 bytes).
    Removing stm32f7xx_hal_adc_ex.o(i.HAL_ADCEx_InjectedPollForConversion), (136 bytes).
    Removing stm32f7xx_hal_adc_ex.o(i.HAL_ADCEx_InjectedStart), (204 bytes).
    Removing stm32f7xx_hal_adc_ex.o(i.HAL_ADCEx_InjectedStart_IT), (220 bytes).
    Removing stm32f7xx_hal_adc_ex.o(i.HAL_ADCEx_InjectedStop), (84 bytes).
    Removing stm32f7xx_hal_adc_ex.o(i.HAL_ADCEx_InjectedStop_IT), (92 bytes).
    Removing stm32f7xx_hal_adc_ex.o(i.HAL_ADCEx_MultiModeConfigChannel), (108 bytes).
    Removing stm32f7xx_hal_adc_ex.o(i.HAL_ADCEx_MultiModeGetValue), (12 bytes).
    Removing stm32f7xx_hal_adc_ex.o(i.HAL_ADCEx_MultiModeStart_DMA), (256 bytes).
    Removing stm32f7xx_hal_adc_ex.o(i.HAL_ADCEx_MultiModeStop_DMA), (100 bytes).
    Removing ff.o(.rev16_text), (4 bytes).
    Removing ff.o(.revsh_text), (4 bytes).
    Removing ff.o(.rrx_text), (6 bytes).
    Removing ff.o(i.dir_remove), (30 bytes).
    Removing ff.o(i.f_getfree), (210 bytes).
    Removing ff.o(i.f_mkdir), (336 bytes).
    Removing ff.o(i.f_mkfs), (1368 bytes).
    Removing ff.o(i.f_putc), (30 bytes).
    Removing ff.o(i.f_puts), (38 bytes).
    Removing ff.o(i.f_rename), (246 bytes).
    Removing ff.o(i.f_stat), (60 bytes).
    Removing ff.o(i.f_truncate), (162 bytes).
    Removing ff.o(i.f_unlink), (146 bytes).
    Removing ff_gen_drv.o(.rev16_text), (4 bytes).
    Removing ff_gen_drv.o(.revsh_text), (4 bytes).
    Removing ff_gen_drv.o(.rrx_text), (6 bytes).
    Removing ff_gen_drv.o(i.FATFS_GetAttachedDriversNbr), (12 bytes).
    Removing ff_gen_drv.o(i.FATFS_UnLinkDriver), (6 bytes).
    Removing ff_gen_drv.o(i.FATFS_UnLinkDriverEx), (52 bytes).
    Removing syscall.o(.rev16_text), (4 bytes).
    Removing syscall.o(.revsh_text), (4 bytes).
    Removing syscall.o(.rrx_text), (6 bytes).
    Removing diskio.o(.rev16_text), (4 bytes).
    Removing diskio.o(.revsh_text), (4 bytes).
    Removing diskio.o(.rrx_text), (6 bytes).
    Removing diskio.o(i.get_fattime), (4 bytes).
    Removing dadd.o(.text), (334 bytes).
    Removing dfixul.o(.text), (48 bytes).
    Removing cdrcmple.o(.text), (48 bytes).
    Removing madsr.o(.ARM.exidx), (8 bytes).
    Removing sdtest.o(i._ZN5EventC1Eii8KeyEvent), (14 bytes).
    Removing sdtest.o(.ARM.exidx), (8 bytes).
    Removing voice.o(.ARM.exidx), (8 bytes).
    Removing voice.o(.ARM.exidx), (8 bytes).
    Removing wavefile.o(.constdata__ZZN8WaveHeadC1EjiiiEs), (5 bytes).
    Removing wavefile.o(.constdata__ZZN8WaveHeadC1EjiiiEs_0), (5 bytes).
    Removing wavefile.o(.constdata__ZZN8WaveHeadC1EjiiiEs_1), (5 bytes).
    Removing wavefile.o(.constdata__ZZN8WaveHeadC1EjiiiEs_2), (5 bytes).
    Removing wavefile.o(i._Z11float2shortf), (64 bytes).
    Removing wavefile.o(.ARM.exidx), (8 bytes).
    Removing wavefile.o(i._Z12Bit24ToFloatPKhPf), (40 bytes).
    Removing wavefile.o(.ARM.exidx), (8 bytes).
    Removing wavefile.o(i._Z12FloatToBit24PfPh), (84 bytes).
    Removing wavefile.o(.ARM.exidx), (8 bytes).

627 unused section(s) (total 38642 bytes) removed from the image.

==============================================================================

Memory Map of the image

  Image Entry point : 0x00000000

  Load Region LR_IROM1 (Base: 0x08000000, Size: 0x0000a740, Max: 0x00200000, ABSOLUTE)

    Execution Region ER_IROM1 (Base: 0x08000000, Size: 0x0000a634, Max: 0x00200000, ABSOLUTE)

    Base Addr    Size         Type   Attr      Idx    E Section Name        Object

    0x08000000   0x000001f8   Data   RO            3    RESET               startup_stm32f767xx.o
    0x080001f8   0x00000000   Code   RO         5365  * .ARM.Collect$$$$00000000  mc_w.l(entry.o)
    0x080001f8   0x00000004   Code   RO         5730    .ARM.Collect$$$$00000001  mc_w.l(entry2.o)
    0x080001fc   0x00000004   Code   RO         5733    .ARM.Collect$$$$00000004  mc_w.l(entry5.o)
    0x08000200   0x00000000   Code   RO         5735    .ARM.Collect$$$$00000008  mc_w.l(entry7b.o)
    0x08000200   0x00000004   Code   RO         5736    .ARM.Collect$$$$00000009  mc_w.l(entry8a.o)
    0x08000204   0x00000000   Code   RO         5737    .ARM.Collect$$$$0000000A  mc_w.l(entry8b.o)
    0x08000204   0x00000008   Code   RO         5738    .ARM.Collect$$$$0000000B  mc_w.l(entry9a.o)
    0x0800020c   0x00000000   Code   RO         5740    .ARM.Collect$$$$0000000D  mc_w.l(entry10a.o)
    0x0800020c   0x00000000   Code   RO         5742    .ARM.Collect$$$$0000000F  mc_w.l(entry11a.o)
    0x0800020c   0x00000004   Code   RO         5731    .ARM.Collect$$$$00002712  mc_w.l(entry2.o)
    0x08000210   0x00000024   Code   RO            4    .text               startup_stm32f767xx.o
    0x08000234   0x00000062   Code   RO         5368    .text               mc_w.l(uldiv.o)
    0x08000296   0x00000024   Code   RO         5370    .text               mc_w.l(memcpya.o)
    0x080002ba   0x00000024   Code   RO         5372    .text               mc_w.l(memseta.o)
    0x080002de   0x0000001c   Code   RO         5374    .text               mc_w.l(strcmp.o)
    0x080002fa   0x00000012   Code   RO         5376    .text               mc_w.l(strcpy.o)
    0x0800030c   0x0000001e   Code   RO         5378    .text               mc_w.l(strncmp.o)
    0x0800032a   0x00000002   PAD
    0x0800032c   0x00000038   Code   RO         5643    .text               mc_w.l(__0sscanf.o)
    0x08000364   0x000000e0   Code   RO         5645    .text               mc_w.l(_scanf_str.o)
    0x08000444   0x00000338   Code   RO         5647    .text               mc_w.l(scanf_fp.o)
    0x0800077c   0x0000001a   Code   RO         5651    .text               mc_w.l(atoi.o)
    0x08000796   0x00000002   PAD
    0x08000798   0x00000020   Code   RO         5656    .text               mc_w.l(cpp_init.o)
    0x080007b8   0x00000004   Code   RO         5661    .text               cpprt_w.l(arm_newhandler_noexceptions.o)
    0x080007bc   0x0000001e   Code   RO         5747    .text               mc_w.l(llshl.o)
    0x080007da   0x00000020   Code   RO         5749    .text               mc_w.l(llushr.o)
    0x080007fa   0x00000002   PAD
    0x080007fc   0x00000028   Code   RO         5786    .text               mc_w.l(scanf_char.o)
    0x08000824   0x00000040   Code   RO         5788    .text               mc_w.l(_sgetc.o)
    0x08000864   0x00000070   Code   RO         5790    .text               mc_w.l(strtol.o)
    0x080008d4   0x00000000   Code   RO         5792    .text               mc_w.l(iusefp.o)
    0x080008d4   0x00000014   Code   RO         5793    .text               mc_w.l(cpp_memory.o)
    0x080008e8   0x000000e4   Code   RO         5798    .text               mf_w.l(dmul.o)
    0x080009cc   0x000000de   Code   RO         5800    .text               mf_w.l(ddiv.o)
    0x08000aaa   0x0000002e   Code   RO         5802    .text               mf_w.l(dscalb.o)
    0x08000ad8   0x00000018   Code   RO         5804    .text               mf_w.l(dfltul.o)
    0x08000af0   0x00000038   Code   RO         5810    .text               mf_w.l(d2f.o)
    0x08000b28   0x00000004   Code   RO         5812    .text               mf_w.l(fpstat.o)
    0x08000b2c   0x0000001a   Code   RO         5933    .text               cpprt_w.l(arm_exceptions_terminate.o)
    0x08000b46   0x00000002   PAD
    0x08000b48   0x00000024   Code   RO         5939    .text               mc_w.l(init.o)
    0x08000b6c   0x00000008   Code   RO         5945    .text               mc_w.l(ctype_o.o)
    0x08000b74   0x00000012   Code   RO         5967    .text               mc_w.l(isspace_o.o)
    0x08000b86   0x00000002   PAD
    0x08000b88   0x0000032c   Code   RO         5975    .text               mc_w.l(_scanf.o)
    0x08000eb4   0x0000009e   Code   RO         5977    .text               mc_w.l(_strtoul.o)
    0x08000f52   0x0000006e   Code   RO         5979    .text               mf_w.l(fepilogue.o)
    0x08000fc0   0x000000ba   Code   RO         5981    .text               mf_w.l(depilogue.o)
    0x0800107a   0x00000002   PAD
    0x0800107c   0x00000050   Code   RO         5999    .text               cpprt_w.l(arm_exceptions_globs.o)
    0x080010cc   0x0000001c   Code   RO         6014    .text               mc_w.l(_chval.o)
    0x080010e8   0x0000003c   Code   RO         6019    .text               cpprt_w.l(arm_exceptions_mem.o)
    0x08001124   0x00000134   Code   RO         4603    i.ADC_Init          stm32f7xx_hal_adc.o
    0x08001258   0x0000000c   Code   RO         1725    i.BSP_SD_GetCardInfo  bsp_driver_sd.o
    0x08001264   0x00000018   Code   RO         1726    i.BSP_SD_GetCardState  bsp_driver_sd.o
    0x0800127c   0x00000034   Code   RO         1728    i.BSP_SD_Init       bsp_driver_sd.o
    0x080012b0   0x0000001c   Code   RO         1731    i.BSP_SD_ReadBlocks_DMA  bsp_driver_sd.o
    0x080012cc   0x0000001c   Code   RO         1733    i.BSP_SD_WriteBlocks_DMA  bsp_driver_sd.o
    0x080012e8   0x0000000c   Code   RO         1840    i.DMA1_Stream4_IRQHandler  stm32f7xx_it.o
    0x080012f4   0x0000000c   Code   RO         1841    i.DMA2_Stream3_IRQHandler  stm32f7xx_it.o
    0x08001300   0x0000000c   Code   RO         1842    i.DMA2_Stream6_IRQHandler  stm32f7xx_it.o
    0x0800130c   0x00000028   Code   RO         3928    i.DMA_CalcBaseAndBitshift  stm32f7xx_hal_dma.o
    0x08001334   0x00000054   Code   RO         3929    i.DMA_CheckFifoParam  stm32f7xx_hal_dma.o
    0x08001388   0x00000028   Code   RO         3930    i.DMA_SetConfig     stm32f7xx_hal_dma.o
    0x080013b0   0x00000006   Code   RO         5190    i.FATFS_LinkDriver  ff_gen_drv.o
    0x080013b6   0x00000002   PAD
    0x080013b8   0x00000040   Code   RO         5191    i.FATFS_LinkDriverEx  ff_gen_drv.o
    0x080013f8   0x00000020   Code   RO         1357    i.FillWaveDataBuf   wave_genout.o
    0x08001418   0x00000164   Code   RO         4605    i.HAL_ADC_ConfigChannel  stm32f7xx_hal_adc.o
    0x0800157c   0x00000006   Code   RO         4612    i.HAL_ADC_GetValue  stm32f7xx_hal_adc.o
    0x08001582   0x00000054   Code   RO         4614    i.HAL_ADC_Init      stm32f7xx_hal_adc.o
    0x080015d6   0x00000002   PAD
    0x080015d8   0x00000040   Code   RO         1553    i.HAL_ADC_MspInit   stm32f7xx_hal_msp.o
    0x08001618   0x000000a0   Code   RO         4618    i.HAL_ADC_PollForConversion  stm32f7xx_hal_adc.o
    0x080016b8   0x000000b8   Code   RO         4620    i.HAL_ADC_Start     stm32f7xx_hal_adc.o
    0x08001770   0x00000024   Code   RO         3932    i.HAL_DMA_Abort_IT  stm32f7xx_hal_dma.o
    0x08001794   0x00000004   Code   RO         3934    i.HAL_DMA_GetError  stm32f7xx_hal_dma.o
    0x08001798   0x000001a0   Code   RO         3936    i.HAL_DMA_IRQHandler  stm32f7xx_hal_dma.o
    0x08001938   0x000000e4   Code   RO         3937    i.HAL_DMA_Init      stm32f7xx_hal_dma.o
    0x08001a1c   0x0000007a   Code   RO         3941    i.HAL_DMA_Start_IT  stm32f7xx_hal_dma.o
    0x08001a96   0x00000002   PAD
    0x08001a98   0x00000024   Code   RO         2210    i.HAL_Delay         stm32f7xx_hal.o
    0x08001abc   0x000001d8   Code   RO         3531    i.HAL_GPIO_Init     stm32f7xx_hal_gpio.o
    0x08001c94   0x0000000a   Code   RO         3535    i.HAL_GPIO_WritePin  stm32f7xx_hal_gpio.o
    0x08001c9e   0x00000002   PAD
    0x08001ca0   0x0000000c   Code   RO         2220    i.HAL_GetTick       stm32f7xx_hal.o
    0x08001cac   0x00000058   Code   RO         2851    i.HAL_I2CEx_ConfigAnalogFilter  stm32f7xx_hal_i2c_ex.o
    0x08001d04   0x00000054   Code   RO         2852    i.HAL_I2CEx_ConfigDigitalFilter  stm32f7xx_hal_i2c_ex.o
    0x08001d58   0x000000b8   Code   RO         4183    i.HAL_I2C_Init      stm32f7xx_hal_i2c.o
    0x08001e10   0x00000120   Code   RO         4184    i.HAL_I2C_IsDeviceReady  stm32f7xx_hal_i2c.o
    0x08001f30   0x00000170   Code   RO         4199    i.HAL_I2C_Mem_Read  stm32f7xx_hal_i2c.o
    0x080020a0   0x00000168   Code   RO         4202    i.HAL_I2C_Mem_Write  stm32f7xx_hal_i2c.o
    0x08002208   0x00000078   Code   RO         1555    i.HAL_I2C_MspInit   stm32f7xx_hal_msp.o
    0x08002280   0x00000002   Code   RO         3598    i.HAL_I2S_ErrorCallback  stm32f7xx_hal_i2s.o
    0x08002282   0x00000002   PAD
    0x08002284   0x0000011c   Code   RO         3602    i.HAL_I2S_Init      stm32f7xx_hal_i2s.o
    0x080023a0   0x000000c4   Code   RO         1557    i.HAL_I2S_MspInit   stm32f7xx_hal_msp.o
    0x08002464   0x000000ac   Code   RO         3611    i.HAL_I2S_Transmit_DMA  stm32f7xx_hal_i2s.o
    0x08002510   0x0000000c   Code   RO         1358    i.HAL_I2S_TxCpltCallback  wave_genout.o
    0x0800251c   0x0000000c   Code   RO         1359    i.HAL_I2S_TxHalfCpltCallback  wave_genout.o
    0x08002528   0x00000010   Code   RO         2226    i.HAL_IncTick       stm32f7xx_hal.o
    0x08002538   0x00000016   Code   RO         2227    i.HAL_Init          stm32f7xx_hal.o
    0x0800254e   0x00000002   PAD
    0x08002550   0x00000040   Code   RO         2228    i.HAL_InitTick      stm32f7xx_hal.o
    0x08002590   0x00000068   Code   RO         1558    i.HAL_MspInit       stm32f7xx_hal_msp.o
    0x080025f8   0x00000016   Code   RO         2032    i.HAL_NVIC_EnableIRQ  stm32f7xx_hal_cortex.o
    0x0800260e   0x00000002   PAD
    0x08002610   0x00000040   Code   RO         2038    i.HAL_NVIC_SetPriority  stm32f7xx_hal_cortex.o
    0x08002650   0x00000024   Code   RO         2039    i.HAL_NVIC_SetPriorityGrouping  stm32f7xx_hal_cortex.o
    0x08002674   0x0000006c   Code   RO         3842    i.HAL_PWREx_EnableOverDrive  stm32f7xx_hal_pwr_ex.o
    0x080026e0   0x0000053c   Code   RO         2695    i.HAL_RCCEx_PeriphCLKConfig  stm32f7xx_hal_rcc_ex.o
    0x08002c1c   0x0000012c   Code   RO         2750    i.HAL_RCC_ClockConfig  stm32f7xx_hal_rcc.o
    0x08002d48   0x0000000c   Code   RO         2755    i.HAL_RCC_GetHCLKFreq  stm32f7xx_hal_rcc.o
    0x08002d54   0x00000020   Code   RO         2757    i.HAL_RCC_GetPCLK1Freq  stm32f7xx_hal_rcc.o
    0x08002d74   0x00000020   Code   RO         2758    i.HAL_RCC_GetPCLK2Freq  stm32f7xx_hal_rcc.o
    0x08002d94   0x0000004c   Code   RO         2759    i.HAL_RCC_GetSysClockFreq  stm32f7xx_hal_rcc.o
    0x08002de0   0x0000033c   Code   RO         2762    i.HAL_RCC_OscConfig  stm32f7xx_hal_rcc.o
    0x0800311c   0x00000002   Code   RO         3176    i.HAL_SD_AbortCallback  stm32f7xx_hal_sd.o
    0x0800311e   0x00000078   Code   RO         3178    i.HAL_SD_ConfigWideBusOperation  stm32f7xx_hal_sd.o
    0x08003196   0x00000002   Code   RO         3181    i.HAL_SD_ErrorCallback  stm32f7xx_hal_sd.o
    0x08003198   0x000001fa   Code   RO         3183    i.HAL_SD_GetCardCSD  stm32f7xx_hal_sd.o
    0x08003392   0x00000024   Code   RO         3184    i.HAL_SD_GetCardInfo  stm32f7xx_hal_sd.o
    0x080033b6   0x0000002c   Code   RO         3185    i.HAL_SD_GetCardState  stm32f7xx_hal_sd.o
    0x080033e2   0x00000002   PAD
    0x080033e4   0x000001a8   Code   RO         3189    i.HAL_SD_IRQHandler  stm32f7xx_hal_sd.o
    0x0800358c   0x00000036   Code   RO         3190    i.HAL_SD_Init       stm32f7xx_hal_sd.o
    0x080035c2   0x0000005c   Code   RO         3191    i.HAL_SD_InitCard   stm32f7xx_hal_sd.o
    0x0800361e   0x00000002   PAD
    0x08003620   0x00000170   Code   RO         1560    i.HAL_SD_MspInit    stm32f7xx_hal_msp.o
    0x08003790   0x000000f4   Code   RO         3195    i.HAL_SD_ReadBlocks_DMA  stm32f7xx_hal_sd.o
    0x08003884   0x0000000c   Code   RO         1639    i.HAL_SD_RxCpltCallback  sd_diskio.o
    0x08003890   0x0000000c   Code   RO         1640    i.HAL_SD_TxCpltCallback  sd_diskio.o
    0x0800389c   0x000000f8   Code   RO         3200    i.HAL_SD_WriteBlocks_DMA  stm32f7xx_hal_sd.o
    0x08003994   0x00000018   Code   RO         2041    i.HAL_SYSTICK_CLKSourceConfig  stm32f7xx_hal_cortex.o
    0x080039ac   0x00000002   Code   RO         2042    i.HAL_SYSTICK_Callback  stm32f7xx_hal_cortex.o
    0x080039ae   0x00000026   Code   RO         2043    i.HAL_SYSTICK_Config  stm32f7xx_hal_cortex.o
    0x080039d4   0x00000008   Code   RO         2044    i.HAL_SYSTICK_IRQHandler  stm32f7xx_hal_cortex.o
    0x080039dc   0x0000006a   Code   RO         2429    i.HAL_UART_Init     stm32f7xx_hal_uart.o
    0x08003a46   0x00000002   PAD
    0x08003a48   0x00000048   Code   RO         1562    i.HAL_UART_MspInit  stm32f7xx_hal_msp.o
    0x08003a90   0x000000b6   Code   RO         2437    i.HAL_UART_Transmit  stm32f7xx_hal_uart.o
    0x08003b46   0x00000022   Code   RO         4225    i.I2C_Flush_TXDR    stm32f7xx_hal_i2c.o
    0x08003b68   0x0000007c   Code   RO         4233    i.I2C_IsAcknowledgeFailed  stm32f7xx_hal_i2c.o
    0x08003be4   0x00000070   Code   RO         4236    i.I2C_RequestMemoryRead  stm32f7xx_hal_i2c.o
    0x08003c54   0x00000070   Code   RO         4237    i.I2C_RequestMemoryWrite  stm32f7xx_hal_i2c.o
    0x08003cc4   0x0000002c   Code   RO         4240    i.I2C_TransferConfig  stm32f7xx_hal_i2c.o
    0x08003cf0   0x00000052   Code   RO         4241    i.I2C_WaitOnFlagUntilTimeout  stm32f7xx_hal_i2c.o
    0x08003d42   0x00000050   Code   RO         4243    i.I2C_WaitOnSTOPFlagUntilTimeout  stm32f7xx_hal_i2c.o
    0x08003d92   0x00000054   Code   RO         4244    i.I2C_WaitOnTXISFlagUntilTimeout  stm32f7xx_hal_i2c.o
    0x08003de6   0x00000028   Code   RO         3615    i.I2S_DMAError      stm32f7xx_hal_i2s.o
    0x08003e0e   0x00000032   Code   RO         3618    i.I2S_DMATxCplt     stm32f7xx_hal_i2s.o
    0x08003e40   0x0000000a   Code   RO         3619    i.I2S_DMATxHalfCplt  stm32f7xx_hal_i2s.o
    0x08003e4a   0x00000002   PAD
    0x08003e4c   0x00000054   Code   RO         1898    i.MX_ADC1_Init      main.o
    0x08003ea0   0x0000005c   Code   RO         1899    i.MX_DMA_Init       main.o
    0x08003efc   0x0000001c   Code   RO         1802    i.MX_FATFS_Init     fatfs.o
    0x08003f18   0x00000174   Code   RO         1900    i.MX_GPIO_Init      main.o
    0x0800408c   0x00000050   Code   RO         1901    i.MX_I2C1_Init      main.o
    0x080040dc   0x00000050   Code   RO         1902    i.MX_I2C2_Init      main.o
    0x0800412c   0x00000038   Code   RO         1903    i.MX_USART3_UART_Init  main.o
    0x08004164   0x00000022   Code   RO         2045    i.NVIC_SetPriority  stm32f7xx_hal_cortex.o
    0x08004186   0x00000002   PAD
    0x08004188   0x000000a8   Code   RO         1360    i.PlayWaveData      wave_genout.o
    0x08004230   0x00000002   Code   RO         1843    i.RCC_IRQHandler    stm32f7xx_it.o
    0x08004232   0x00000002   PAD
    0x08004234   0x0000000c   Code   RO         1844    i.SDMMC1_IRQHandler  stm32f7xx_it.o
    0x08004240   0x00000032   Code   RO         2911    i.SDMMC_CmdAppCommand  stm32f7xx_ll_sdmmc.o
    0x08004272   0x00000002   PAD
    0x08004274   0x00000034   Code   RO         2912    i.SDMMC_CmdAppOperCommand  stm32f7xx_ll_sdmmc.o
    0x080042a8   0x00000032   Code   RO         2913    i.SDMMC_CmdBlockLength  stm32f7xx_ll_sdmmc.o
    0x080042da   0x00000032   Code   RO         2914    i.SDMMC_CmdBusWidth  stm32f7xx_ll_sdmmc.o
    0x0800430c   0x00000050   Code   RO         2918    i.SDMMC_CmdGoIdleState  stm32f7xx_ll_sdmmc.o
    0x0800435c   0x00000064   Code   RO         2920    i.SDMMC_CmdOperCond  stm32f7xx_ll_sdmmc.o
    0x080043c0   0x00000032   Code   RO         2921    i.SDMMC_CmdReadMultiBlock  stm32f7xx_ll_sdmmc.o
    0x080043f2   0x00000032   Code   RO         2922    i.SDMMC_CmdReadSingleBlock  stm32f7xx_ll_sdmmc.o
    0x08004424   0x00000030   Code   RO         2925    i.SDMMC_CmdSelDesel  stm32f7xx_ll_sdmmc.o
    0x08004454   0x0000002a   Code   RO         2926    i.SDMMC_CmdSendCID  stm32f7xx_ll_sdmmc.o
    0x0800447e   0x0000002e   Code   RO         2927    i.SDMMC_CmdSendCSD  stm32f7xx_ll_sdmmc.o
    0x080044ac   0x00000030   Code   RO         2928    i.SDMMC_CmdSendSCR  stm32f7xx_ll_sdmmc.o
    0x080044dc   0x00000032   Code   RO         2929    i.SDMMC_CmdSendStatus  stm32f7xx_ll_sdmmc.o
    0x0800450e   0x00000030   Code   RO         2930    i.SDMMC_CmdSetRelAdd  stm32f7xx_ll_sdmmc.o
    0x0800453e   0x00000002   PAD
    0x08004540   0x00000034   Code   RO         2932    i.SDMMC_CmdStopTransfer  stm32f7xx_ll_sdmmc.o
    0x08004574   0x00000032   Code   RO         2934    i.SDMMC_CmdWriteMultiBlock  stm32f7xx_ll_sdmmc.o
    0x080045a6   0x00000032   Code   RO         2935    i.SDMMC_CmdWriteSingleBlock  stm32f7xx_ll_sdmmc.o
    0x080045d8   0x00000026   Code   RO         2936    i.SDMMC_ConfigData  stm32f7xx_ll_sdmmc.o
    0x080045fe   0x00000002   PAD
    0x08004600   0x0000011c   Code   RO         2937    i.SDMMC_GetCmdResp1  stm32f7xx_ll_sdmmc.o
    0x0800471c   0x00000050   Code   RO         2938    i.SDMMC_GetCmdResp2  stm32f7xx_ll_sdmmc.o
    0x0800476c   0x00000040   Code   RO         2939    i.SDMMC_GetCmdResp3  stm32f7xx_ll_sdmmc.o
    0x080047ac   0x00000084   Code   RO         2940    i.SDMMC_GetCmdResp6  stm32f7xx_ll_sdmmc.o
    0x08004830   0x00000008   Code   RO         2944    i.SDMMC_GetPowerState  stm32f7xx_ll_sdmmc.o
    0x08004838   0x0000000c   Code   RO         2945    i.SDMMC_GetResponse  stm32f7xx_ll_sdmmc.o
    0x08004844   0x00000022   Code   RO         2946    i.SDMMC_Init        stm32f7xx_ll_sdmmc.o
    0x08004866   0x00000008   Code   RO         2948    i.SDMMC_PowerState_ON  stm32f7xx_ll_sdmmc.o
    0x0800486e   0x00000006   Code   RO         2949    i.SDMMC_ReadFIFO    stm32f7xx_ll_sdmmc.o
    0x08004874   0x00000022   Code   RO         2950    i.SDMMC_SendCommand  stm32f7xx_ll_sdmmc.o
    0x08004896   0x0000000a   Code   RO         2952    i.SDMMC_WriteFIFO   stm32f7xx_ll_sdmmc.o
    0x080048a0   0x00000020   Code   RO         1641    i.SD_CheckStatus    sd_diskio.o
    0x080048c0   0x0000005e   Code   RO         3202    i.SD_DMAError       stm32f7xx_hal_sd.o
    0x0800491e   0x0000003e   Code   RO         3203    i.SD_DMAReceiveCplt  stm32f7xx_hal_sd.o
    0x0800495c   0x00000048   Code   RO         3204    i.SD_DMARxAbort     stm32f7xx_hal_sd.o
    0x080049a4   0x0000000e   Code   RO         3205    i.SD_DMATransmitCplt  stm32f7xx_hal_sd.o
    0x080049b2   0x00000048   Code   RO         3206    i.SD_DMATxAbort     stm32f7xx_hal_sd.o
    0x080049fa   0x000000d6   Code   RO         3207    i.SD_FindSCR        stm32f7xx_hal_sd.o
    0x08004ad0   0x000000e6   Code   RO         3208    i.SD_InitCard       stm32f7xx_hal_sd.o
    0x08004bb6   0x000000a6   Code   RO         3209    i.SD_PowerON        stm32f7xx_hal_sd.o
    0x08004c5c   0x0000004e   Code   RO         3211    i.SD_WideBus_Disable  stm32f7xx_hal_sd.o
    0x08004caa   0x0000004e   Code   RO         3212    i.SD_WideBus_Enable  stm32f7xx_hal_sd.o
    0x08004cf8   0x00000020   Code   RO         1642    i.SD_initialize     sd_diskio.o
    0x08004d18   0x00000058   Code   RO         1643    i.SD_ioctl          sd_diskio.o
    0x08004d70   0x0000006c   Code   RO         1644    i.SD_read           sd_diskio.o
    0x08004ddc   0x00000004   Code   RO         1645    i.SD_status         sd_diskio.o
    0x08004de0   0x0000006c   Code   RO         1646    i.SD_write          sd_diskio.o
    0x08004e4c   0x0000000e   Code   RO         1845    i.SysTick_Handler   stm32f7xx_it.o
    0x08004e5a   0x00000002   PAD
    0x08004e5c   0x000000d0   Code   RO         1904    i.SystemClock_Config  main.o
    0x08004f2c   0x00000054   Code   RO         1990    i.SystemInit        system_stm32f7xx.o
    0x08004f80   0x000000c8   Code   RO         2442    i.UART_AdvFeatureConfig  stm32f7xx_hal_uart.o
    0x08005048   0x00000040   Code   RO         2443    i.UART_CheckIdleState  stm32f7xx_hal_uart.o
    0x08005088   0x00000258   Code   RO         2453    i.UART_SetConfig    stm32f7xx_hal_uart.o
    0x080052e0   0x00000064   Code   RO         2454    i.UART_WaitOnFlagUntilTimeout  stm32f7xx_hal_uart.o
    0x08005344   0x00000038   Code   RO         1464    i.WM8978_ADDA_Cfg   wm8978.o
    0x0800537c   0x00000030   Code   RO         1465    i.WM8978_AUX_Gain   wm8978.o
    0x080053ac   0x00000028   Code   RO         1466    i.WM8978_HPvol_Set  wm8978.o
    0x080053d4   0x00000012   Code   RO         1467    i.WM8978_I2S_Cfg    wm8978.o
    0x080053e6   0x0000009a   Code   RO         1468    i.WM8978_Init       wm8978.o
    0x08005480   0x00000058   Code   RO         1469    i.WM8978_Input_Cfg  wm8978.o
    0x080054d8   0x00000034   Code   RO         1470    i.WM8978_LINEIN_Gain  wm8978.o
    0x0800550c   0x00000024   Code   RO         1472    i.WM8978_Output_Cfg  wm8978.o
    0x08005530   0x00000020   Code   RO         1474    i.WM8978_SPKvol_Set  wm8978.o
    0x08005550   0x0000006c   Code   RO         1475    i.WM8978_Write_Reg  wm8978.o
    0x080055bc   0x00000002   Code   RO         1905    i._Error_Handler    main.o
    0x080055be   0x00000002   PAD
    0x080055c0   0x00000018   Code   RO          380    i._Z10initVoicesv   engine_main.o
    0x080055d8   0x0000002c   Code   RO          381    i._Z12releaseVoicei  engine_main.o
    0x08005604   0x0000004c   Code   RO          382    i._Z12renderVoicesiPs  engine_main.o
    0x08005650   0x00000020   Code   RO          383    i._Z16releaseAllVoicesv  engine_main.o
    0x08005670   0x00000054   Code   RO          384    i._Z17removeEndedVoicesv  engine_main.o
    0x080056c4   0x00000020   Code   RO          385    i._Z18getLogRatioBetweenddd  engine_main.o
    0x080056e4   0x00000178   Code   RO         1010    i._Z19ReadPcmWaveFileInfoP3FILP14WAVE_FILE_INFO  wavefile.o
    0x0800585c   0x00000070   Code   RO         1011    i._Z19ReadPcmWaveFileInfoPKcP14WAVE_FILE_INFO  wavefile.o
    0x080058cc   0x000000c8   Code   RO          386    i._Z8addVoiceP5Voice  engine_main.o
    0x08005994   0x00000078   Code   RO           13    i._ZN17ConfigFileManager10addNewFileEPc  configfilemanager.o
    0x08005a0c   0x000001d0   Code   RO           15    i._ZN17ConfigFileManager10initConfigEPc  configfilemanager.o
    0x08005bdc   0x000000ec   Code   RO           16    i._ZN17ConfigFileManager11initRecFileEPc  configfilemanager.o
    0x08005cc8   0x00000038   Code   RO           23    i._ZN17ConfigFileManager23selectItemWithFrequencyEf  configfilemanager.o
    0x08005d00   0x0000008c   Code   RO           24    i._ZN17ConfigFileManager24getFrequencyFromFileNameEPKc  configfilemanager.o
    0x08005d8c   0x00000004   Code   RO           25    i._ZN17ConfigFileManager6getDirEv  configfilemanager.o
    0x08005d90   0x00000006   Code   RO           26    i._ZN17ConfigFileManagerC1Ev  configfilemanager.o
    0x08005d96   0x00000020   Code   RO           27    i._ZN17ConfigFileManagerD1Ev  configfilemanager.o
    0x08005db6   0x00000002   PAD
    0x08005db8   0x00000030   Code   RO          639    i._ZN5MADSR11enterAttackEv  madsr.o
    0x08005de8   0x00000034   Code   RO          641    i._ZN5MADSR11enterDecay2Ev  madsr.o
    0x08005e1c   0x00000020   Code   RO          642    i._ZN5MADSR12enterSustainEv  madsr.o
    0x08005e3c   0x0000003c   Code   RO          643    i._ZN5MADSR13enterRelease1Ev  madsr.o
    0x08005e78   0x00000030   Code   RO          644    i._ZN5MADSR13enterRelease2Ev  madsr.o
    0x08005ea8   0x00000080   Code   RO          645    i._ZN5MADSR16modifyParametersEv  madsr.o
    0x08005f28   0x000000a0   Code   RO          646    i._ZN5MADSR18updateReleaseDeltaEi  madsr.o
    0x08005fc8   0x00000154   Code   RO          648    i._ZN5MADSR6updateENS_9key_eventEi  madsr.o
    0x0800611c   0x00000004   Code   RO          649    i._ZN5MADSR7isEndedEv  madsr.o
    0x08006120   0x00000018   Code   RO          650    i._ZN5MADSR8enterEndEv  madsr.o
    0x08006138   0x00000006   Code   RO          652    i._ZN5MADSR8getLevelEv  madsr.o
    0x0800613e   0x00000002   PAD
    0x08006140   0x0000001c   Code   RO          653    i._ZN5MADSR9enterHoldEv  madsr.o
    0x0800615c   0x00000068   Code   RO          654    i._ZN5MADSRC1Ev     madsr.o
    0x080061c4   0x00000002   Code   RO          655    i._ZN5MADSRD1Ev     madsr.o
    0x080061c6   0x00000002   PAD
    0x080061c8   0x000000f4   Code   RO          907    i._ZN5Voice11readNewBuffEv  voice.o
    0x080062bc   0x00000030   Code   RO          988    i._ZN5Voice12getBuffValueEi  voice.o
    0x080062ec   0x0000013c   Code   RO          908    i._ZN5Voice14renderOneFrameEiPsb  voice.o
    0x08006428   0x00000066   Code   RO          982    i._ZN5Voice16interpolateValueEv  voice.o
    0x0800648e   0x0000001a   Code   RO          909    i._ZN5Voice17portamentoAtStartEddd  voice.o
    0x080064a8   0x00000004   Code   RO          910    i._ZN5Voice3keyEv   voice.o
    0x080064ac   0x00000004   Code   RO          911    i._ZN5Voice5endedEv  voice.o
    0x080064b0   0x00000016   Code   RO          913    i._ZN5Voice7releaseEv  voice.o
    0x080064c6   0x00000004   Code   RO          914    i._ZN5Voice8getLevelEv  voice.o
    0x080064ca   0x00000002   PAD
    0x080064cc   0x00000108   Code   RO          915    i._ZN5VoiceC1Ei     voice.o
    0x080065d4   0x00000022   Code   RO          916    i._ZN5VoiceD1Ev     voice.o
    0x080065f6   0x0000004a   Code   RO          340    i._ZN7EGDelay5valueEv  egdelay.o
    0x08006640   0x0000000e   Code   RO          341    i._ZN7EGDelay6updateEf  egdelay.o
    0x0800664e   0x00000002   PAD
    0x08006650   0x00000010   Code   RO          342    i._ZN7EGDelay7triggerEffff  egdelay.o
    0x08006660   0x00000024   Code   RO          343    i._ZN7EGDelayC1Ev   egdelay.o
    0x08006684   0x00000002   Code   RO          344    i._ZN7EGDelayD1Ev   egdelay.o
    0x08006686   0x00000004   Code   RO          744    i._ZSt3expf         madsr.o
    0x0800668a   0x00000008   Code   RO         5316    i._ZdlPv            cpprt_w.l(delete.o)
    0x08006692   0x00000002   PAD
    0x08006694   0x00000028   Code   RO         5319    i._Znwj             cpprt_w.l(new.o)
    0x080066bc   0x00000020   Code   RO         5589    i.__0printf$8       mc_w.l(printf8.o)
    0x080066dc   0x00000028   Code   RO         5591    i.__0sprintf$8      mc_w.l(printf8.o)
    0x08006704   0x00000030   Code   RO         5697    i.__ARM_fpclassify  m_wv.l(fpclassify.o)
    0x08006734   0x00000026   Code   RO         5699    i.__ARM_fpclassifyf  m_wv.l(fpclassifyf.o)
    0x0800675a   0x00000002   PAD
    0x0800675c   0x00000008   Code   RO         5779    i.__aeabi_errno_addr  mc_w.l(errno.o)
    0x08006764   0x000001f4   Code   RO         5323    i.__hardfp_expf     m_wv.l(expf.o)
    0x08006958   0x000008f8   Code   RO         5337    i.__hardfp_pow      m_wv.l(pow.o)
    0x08007250   0x00000658   Code   RO         5351    i.__hardfp_powf     m_wv.l(powf.o)
    0x080078a8   0x00000070   Code   RO         5715    i.__kernel_poly     m_wv.l(poly.o)
    0x08007918   0x00000020   Code   RO         5677    i.__mathlib_dbl_divzero  m_wv.l(dunder.o)
    0x08007938   0x00000006   Code   RO         5679    i.__mathlib_dbl_infnan2  m_wv.l(dunder.o)
    0x0800793e   0x00000002   PAD
    0x08007940   0x00000018   Code   RO         5680    i.__mathlib_dbl_invalid  m_wv.l(dunder.o)
    0x08007958   0x00000018   Code   RO         5681    i.__mathlib_dbl_overflow  m_wv.l(dunder.o)
    0x08007970   0x00000018   Code   RO         5683    i.__mathlib_dbl_underflow  m_wv.l(dunder.o)
    0x08007988   0x00000018   Code   RO         5701    i.__mathlib_flt_divzero  m_wv.l(funder.o)
    0x080079a0   0x00000006   Code   RO         5702    i.__mathlib_flt_infnan  m_wv.l(funder.o)
    0x080079a6   0x00000006   Code   RO         5703    i.__mathlib_flt_infnan2  m_wv.l(funder.o)
    0x080079ac   0x00000010   Code   RO         5704    i.__mathlib_flt_invalid  m_wv.l(funder.o)
    0x080079bc   0x00000010   Code   RO         5705    i.__mathlib_flt_overflow  m_wv.l(funder.o)
    0x080079cc   0x00000010   Code   RO         5707    i.__mathlib_flt_underflow  m_wv.l(funder.o)
    0x080079dc   0x0000000c   Code   RO         5781    i.__set_errno       mc_w.l(errno.o)
    0x080079e8   0x00000020   Code   RO           28    i.__sti___21_ConfigFileManager_cpp_dfd8f099  configfilemanager.o
    0x08007a08   0x00000030   Code   RO          763    i._fclose_          sdfileio.o
    0x08007a38   0x00000004   Code   RO          764    i._fgets_           sdfileio.o
    0x08007a3c   0x0000009c   Code   RO          765    i._fopen_           sdfileio.o
    0x08007ad8   0x0000004c   Code   RO          766    i._fread_           sdfileio.o
    0x08007b24   0x0000002c   Code   RO          767    i._fseek_           sdfileio.o
    0x08007b50   0x0000000e   Code   RO         5649    i._is_digit         mc_w.l(scanf_fp.o)
    0x08007b5e   0x00000002   PAD
    0x08007b60   0x00000410   Code   RO         5596    i._printf_core      mc_w.l(printf8.o)
    0x08007f70   0x00000024   Code   RO         5597    i._printf_post_padding  mc_w.l(printf8.o)
    0x08007f94   0x0000002e   Code   RO         5598    i._printf_pre_padding  mc_w.l(printf8.o)
    0x08007fc2   0x0000000a   Code   RO         5600    i._sputc            mc_w.l(printf8.o)
    0x08007fcc   0x0000000c   Code   RO          387    i.attackTime        engine_main.o
    0x08007fd8   0x00000054   Code   RO          388    i.changeDirectory   engine_main.o
    0x0800802c   0x00000070   Code   RO         4875    i.check_fs          ff.o
    0x0800809c   0x00000024   Code   RO         4876    i.clmt_clust        ff.o
    0x080080c0   0x00000018   Code   RO         4877    i.clust2sect        ff.o
    0x080080d8   0x000000a6   Code   RO         4878    i.create_chain      ff.o
    0x0800817e   0x00000002   PAD
    0x08008180   0x000000bc   Code   RO         4879    i.create_name       ff.o
    0x0800823c   0x00000066   Code   RO         4880    i.dir_find          ff.o
    0x080082a2   0x00000002   PAD
    0x080082a4   0x000000f4   Code   RO         4881    i.dir_next          ff.o
    0x08008398   0x00000060   Code   RO         4882    i.dir_read          ff.o
    0x080083f8   0x00000066   Code   RO         4883    i.dir_register      ff.o
    0x0800845e   0x00000082   Code   RO         4885    i.dir_sdi           ff.o
    0x080084e0   0x00000028   Code   RO         5264    i.disk_initialize   diskio.o
    0x08008508   0x00000018   Code   RO         5265    i.disk_ioctl        diskio.o
    0x08008520   0x0000001c   Code   RO         5266    i.disk_read         diskio.o
    0x0800853c   0x00000014   Code   RO         5267    i.disk_status       diskio.o
    0x08008550   0x0000001c   Code   RO         5268    i.disk_write        diskio.o
    0x0800856c   0x0000001e   Code   RO         4886    i.f_close           ff.o
    0x0800858a   0x00000014   Code   RO         4887    i.f_closedir        ff.o
    0x0800859e   0x00000048   Code   RO         4889    i.f_gets            ff.o
    0x080085e6   0x0000021a   Code   RO         4890    i.f_lseek           ff.o
    0x08008800   0x0000004c   Code   RO         4893    i.f_mount           ff.o
    0x0800884c   0x000001b8   Code   RO         4894    i.f_open            ff.o
    0x08008a04   0x00000062   Code   RO         4895    i.f_opendir         ff.o
    0x08008a66   0x00000002   PAD
    0x08008a68   0x000001d0   Code   RO         4896    i.f_printf          ff.o
    0x08008c38   0x00000154   Code   RO         4899    i.f_read            ff.o
    0x08008d8c   0x00000040   Code   RO         4900    i.f_readdir         ff.o
    0x08008dcc   0x0000008e   Code   RO         4903    i.f_sync            ff.o
    0x08008e5a   0x0000018c   Code   RO         4906    i.f_write           ff.o
    0x08008fe6   0x00000018   Code   RO         5693    i.fabs              m_wv.l(fabs.o)
    0x08008ffe   0x00000002   PAD
    0x08009000   0x00000250   Code   RO         4907    i.find_volume       ff.o
    0x08009250   0x00000074   Code   RO         4908    i.follow_path       ff.o
    0x080092c4   0x00000018   Code   RO         1906    i.fputc             main.o
    0x080092dc   0x00000050   Code   RO         5751    i.free              mc_w.l(malloc.o)
    0x0800932c   0x0000000c   Code   RO          389    i.getVolumn         engine_main.o
    0x08009338   0x000000be   Code   RO         4909    i.get_fat           ff.o
    0x080093f6   0x00000004   Code   RO         1803    i.get_fattime       fatfs.o
    0x080093fa   0x00000062   Code   RO         4910    i.get_fileinfo      ff.o
    0x0800945c   0x000000d8   Code   RO         1181    i.get_key           mpr121.o
    0x08009534   0x0000003c   Code   RO         4911    i.get_ldnumber      ff.o
    0x08009570   0x00000098   Code   RO         1182    i.handleKeyEvent    mpr121.o
    0x08009608   0x0000003c   Code   RO         1361    i.handlePressureEvent  wave_genout.o
    0x08009644   0x00000040   Code   RO          770    i.isDir             sdfileio.o
    0x08009684   0x00000026   Code   RO         4912    i.ld_clust          ff.o
    0x080096aa   0x00000016   Code   RO         4913    i.ld_dword          ff.o
    0x080096c0   0x0000000a   Code   RO         4914    i.ld_word           ff.o
    0x080096ca   0x00000002   PAD
    0x080096cc   0x000001b4   Code   RO         1907    i.main              main.o
    0x08009880   0x00000044   Code   RO          391    i.main_finish       engine_main.o
    0x080098c4   0x00000044   Code   RO          392    i.main_init         engine_main.o
    0x08009908   0x0000003c   Code   RO          393    i.main_loop         engine_main.o
    0x08009944   0x0000006c   Code   RO         5752    i.malloc            mc_w.l(malloc.o)
    0x080099b0   0x00000012   Code   RO         4915    i.mem_cpy           ff.o
    0x080099c2   0x00000002   PAD
    0x080099c4   0x0000000e   Code   RO         4916    i.mem_set           ff.o
    0x080099d2   0x00000032   Code   RO         4917    i.move_window       ff.o
    0x08009a04   0x0000015a   Code   RO         1183    i.mpr121_init       mpr121.o
    0x08009b5e   0x000000f0   Code   RO         4918    i.put_fat           ff.o
    0x08009c4e   0x00000046   Code   RO         4919    i.putc_bfd          ff.o
    0x08009c94   0x0000002a   Code   RO         4920    i.putc_flush        ff.o
    0x08009cbe   0x00000034   Code   RO          396    i.raiseKeyEvent     engine_main.o
    0x08009cf2   0x00000002   PAD
    0x08009cf4   0x00000050   Code   RO         1184    i.read_i2c          mpr121.o
    0x08009d44   0x0000000c   Code   RO          397    i.recDirectory      engine_main.o
    0x08009d50   0x0000000c   Code   RO          398    i.releaseLevel      engine_main.o
    0x08009d5c   0x0000000c   Code   RO          399    i.releaseTime       engine_main.o
    0x08009d68   0x00000074   Code   RO         4921    i.remove_chain      ff.o
    0x08009ddc   0x00000158   Code   RO          400    i.saveParams        engine_main.o
    0x08009f34   0x0000000c   Code   RO          401    i.setAttackTime     engine_main.o
    0x08009f40   0x0000000c   Code   RO          402    i.setPortamentoDepth  engine_main.o
    0x08009f4c   0x0000000c   Code   RO          403    i.setPortamentoTime  engine_main.o
    0x08009f58   0x00000010   Code   RO          404    i.setRecDirectory   engine_main.o
    0x08009f68   0x0000000c   Code   RO          405    i.setReleaseLevel   engine_main.o
    0x08009f74   0x0000000c   Code   RO          406    i.setReleaseTime    engine_main.o
    0x08009f80   0x0000000c   Code   RO          407    i.setUsePortamento  engine_main.o
    0x08009f8c   0x00000034   Code   RO          408    i.setVolumn         engine_main.o
    0x08009fc0   0x00000038   Code   RO         1908    i.showInitStatus    main.o
    0x08009ff8   0x0000006a   Code   RO         5720    i.sqrt              m_wv.l(sqrt.o)
    0x0800a062   0x00000028   Code   RO         4922    i.st_clust          ff.o
    0x0800a08a   0x00000010   Code   RO         4923    i.st_dword          ff.o
    0x0800a09a   0x00000008   Code   RO         4924    i.st_word           ff.o
    0x0800a0a2   0x00000002   PAD
    0x0800a0a4   0x00000088   Code   RO         4925    i.sync_fs           ff.o
    0x0800a12c   0x00000052   Code   RO         4926    i.sync_window       ff.o
    0x0800a17e   0x00000002   PAD
    0x0800a180   0x0000000c   Code   RO          409    i.usePortamento     engine_main.o
    0x0800a18c   0x00000030   Code   RO         4927    i.validate          ff.o
    0x0800a1bc   0x00000094   Code   RO         1185    i.write_i2c         mpr121.o
    0x0800a250   0x00000024   Data   RO           45    .constdata          configfilemanager.o
    0x0800a274   0x00000004   PAD
    0x0800a278   0x00000060   Data   RO          441    .constdata          engine_main.o
    0x0800a2d8   0x00000014   Data   RO         1647    .constdata          sd_diskio.o
    0x0800a2ec   0x00000010   Data   RO         1991    .constdata          system_stm32f7xx.o
    0x0800a2fc   0x00000008   Data   RO         1992    .constdata          system_stm32f7xx.o
    0x0800a304   0x00000008   Data   RO         3943    .constdata          stm32f7xx_hal_dma.o
    0x0800a30c   0x0000009c   Data   RO         4928    .constdata          ff.o
    0x0800a3a8   0x00000030   Data   RO         5326    .constdata          m_wv.l(expf.o)
    0x0800a3d8   0x00000088   Data   RO         5340    .constdata          m_wv.l(pow.o)
    0x0800a460   0x00000140   Data   RO         5354    .constdata          m_wv.l(powf.o)
    0x0800a5a0   0x00000008   Data   RO         5717    .constdata          m_wv.l(qnan.o)
    0x0800a5a8   0x00000081   Data   RO         5946    .constdata          mc_w.l(ctype_o.o)
    0x0800a629   0x00000003   PAD
    0x0800a62c   0x00000004   Data   RO         5947    .constdata          mc_w.l(ctype_o.o)
    0x0800a630   0x00000000   Data   RO         6028    Region$$Table       anon$$obj.o
    0x0800a630   0x00000004   Data   RO           47    .init_array         configfilemanager.o
    0x0800a634   0x00000000   Data   RO         5654    .init_array         mc_w.l(cpp_init.o)


    Execution Region RW_IRAM1 (Base: 0x20000000, Size: 0x0001de90, Max: 0x00080000, ABSOLUTE)

    Base Addr    Size         Type   Attr      Idx    E Section Name        Object

    0x20000000   0x00000004   Data   RW           46    .data               configfilemanager.o
    0x20000004   0x00000004   PAD
    0x20000008   0x00000038   Data   RW          442    .data               engine_main.o
    0x20000040   0x0000000c   Data   RW         1186    .data               mpr121.o
    0x2000004c   0x00000001   Data   RW         1363    .data               wave_genout.o
    0x2000004d   0x00000001   Data   RW         1364    .data               wave_genout.o
    0x2000004e   0x00000074   Data   RW         1476    .data               wm8978.o
    0x200000c2   0x00000002   PAD
    0x200000c4   0x0000000c   Data   RW         1648    .data               sd_diskio.o
    0x200000d0   0x00000005   Data   RW         1806    .data               fatfs.o
    0x200000d5   0x00000003   PAD
    0x200000d8   0x00000004   Data   RW         1993    .data               system_stm32f7xx.o
    0x200000dc   0x0000000c   Data   RW         2234    .data               stm32f7xx_hal.o
    0x200000e8   0x00000008   Data   RW         4929    .data               ff.o
    0x200000f0   0x00000004   Data   RW         5744    .data               mc_w.l(stdout.o)
    0x200000f4   0x00000004   Data   RW         5782    .data               mc_w.l(errno.o)
    0x200000f8   0x0000000c   Data   RW         5794    .data               mc_w.l(cpp_memory.o)
    0x20000104   0x00000004   Data   RW         5973    .data               mc_w.l(mvars.o)
    0x20000108   0x00000004   Data   RW         5974    .data               mc_w.l(mvars.o)
    0x2000010c   0x00001010   Zero   RW          440    .bss                engine_main.o
    0x2000111c   0x00000800   Zero   RW          927    .bss                voice.o
    0x2000191c   0x00000004   PAD
    0x20001920   0x00002000   Zero   RW         1362    .bss                wave_genout.o
    0x20003920   0x00000230   Zero   RW         1804    .bss                fatfs.o
    0x20003b50   0x00000214   Zero   RW         1909    .bss                main.o
    0x20003d64   0x00000060   Zero   RW         1910    .bss                main.o
    0x20003dc4   0x00000060   Zero   RW         1911    .bss                main.o
    0x20003e24   0x00000060   Zero   RW         1912    .bss                main.o
    0x20003e84   0x0000000c   Zero   RW         5194    .bss                ff_gen_drv.o
    0x20003e90   0x00008000   Zero   RW            2    HEAP                startup_stm32f767xx.o
    0x2000be90   0x00012000   Zero   RW            1    STACK               startup_stm32f767xx.o

