Component: ARM Compiler 5.06 (build 20) Tool: armlink [4d35a3]

==============================================================================

Section Cross References

    startup_stm32f446xx.o(RESET) refers to startup_stm32f446xx.o(STACK) for __initial_sp
    startup_stm32f446xx.o(RESET) refers to startup_stm32f446xx.o(.text) for Reset_Handler
    startup_stm32f446xx.o(RESET) refers to stm32f4xx_it.o(i.SysTick_Handler) for SysTick_Handler
    startup_stm32f446xx.o(RESET) refers to stm32f4xx_it.o(i.RCC_IRQHandler) for RCC_IRQHandler
    startup_stm32f446xx.o(RESET) refers to stm32f4xx_it.o(i.DMA1_Stream4_IRQHandler) for DMA1_Stream4_IRQHandler
    startup_stm32f446xx.o(RESET) refers to stm32f4xx_it.o(i.EXTI15_10_IRQHandler) for EXTI15_10_IRQHandler
    startup_stm32f446xx.o(RESET) refers to stm32f4xx_it.o(i.SDIO_IRQHandler) for SDIO_IRQHandler
    startup_stm32f446xx.o(RESET) refers to stm32f4xx_it.o(i.DMA2_Stream3_IRQHandler) for DMA2_Stream3_IRQHandler
    startup_stm32f446xx.o(RESET) refers to stm32f4xx_it.o(i.DMA2_Stream6_IRQHandler) for DMA2_Stream6_IRQHandler
    startup_stm32f446xx.o(.text) refers to system_stm32f4xx.o(i.SystemInit) for SystemInit
    startup_stm32f446xx.o(.text) refers to entry.o(.ARM.Collect$$$$00000000) for __main
    ff_gen_drv.o(i.FATFS_GetAttachedDriversNbr) refers to ff_gen_drv.o(.bss) for .bss
    ff_gen_drv.o(i.FATFS_LinkDriver) refers to ff_gen_drv.o(i.FATFS_LinkDriverEx) for FATFS_LinkDriverEx
    ff_gen_drv.o(i.FATFS_LinkDriverEx) refers to ff_gen_drv.o(.bss) for .bss
    ff_gen_drv.o(i.FATFS_UnLinkDriver) refers to ff_gen_drv.o(i.FATFS_UnLinkDriverEx) for FATFS_UnLinkDriverEx
    ff_gen_drv.o(i.FATFS_UnLinkDriverEx) refers to ff_gen_drv.o(.bss) for .bss
    diskio.o(i.disk_initialize) refers to ff_gen_drv.o(.bss) for disk
    diskio.o(i.disk_ioctl) refers to ff_gen_drv.o(.bss) for disk
    diskio.o(i.disk_read) refers to ff_gen_drv.o(.bss) for disk
    diskio.o(i.disk_status) refers to ff_gen_drv.o(.bss) for disk
    diskio.o(i.disk_write) refers to ff_gen_drv.o(.bss) for disk
    ff.o(i.check_fs) refers to ff.o(i.move_window) for move_window
    ff.o(i.check_fs) refers to ff.o(i.ld_word) for ld_word
    ff.o(i.check_fs) refers to ff.o(i.ld_dword) for ld_dword
    ff.o(i.create_chain) refers to ff.o(i.get_fat) for get_fat
    ff.o(i.create_chain) refers to ff.o(i.put_fat) for put_fat
    ff.o(i.create_name) refers to ff.o(i.mem_set) for mem_set
    ff.o(i.create_name) refers to ff.o(.constdata) for .constdata
    ff.o(i.dir_find) refers to ff.o(i.dir_sdi) for dir_sdi
    ff.o(i.dir_find) refers to ff.o(i.move_window) for move_window
    ff.o(i.dir_find) refers to ff.o(i.dir_next) for dir_next
    ff.o(i.dir_next) refers to ff.o(i.get_fat) for get_fat
    ff.o(i.dir_next) refers to ff.o(i.create_chain) for create_chain
    ff.o(i.dir_next) refers to ff.o(i.sync_window) for sync_window
    ff.o(i.dir_next) refers to ff.o(i.mem_set) for mem_set
    ff.o(i.dir_next) refers to ff.o(i.clust2sect) for clust2sect
    ff.o(i.dir_read) refers to ff.o(i.move_window) for move_window
    ff.o(i.dir_read) refers to ff.o(i.dir_next) for dir_next
    ff.o(i.dir_register) refers to ff.o(i.dir_sdi) for dir_sdi
    ff.o(i.dir_register) refers to ff.o(i.move_window) for move_window
    ff.o(i.dir_register) refers to ff.o(i.dir_next) for dir_next
    ff.o(i.dir_register) refers to ff.o(i.mem_set) for mem_set
    ff.o(i.dir_register) refers to ff.o(i.mem_cpy) for mem_cpy
    ff.o(i.dir_remove) refers to ff.o(i.move_window) for move_window
    ff.o(i.dir_sdi) refers to ff.o(i.get_fat) for get_fat
    ff.o(i.dir_sdi) refers to ff.o(i.clust2sect) for clust2sect
    ff.o(i.f_close) refers to ff.o(i.f_sync) for f_sync
    ff.o(i.f_close) refers to ff.o(i.validate) for validate
    ff.o(i.f_closedir) refers to ff.o(i.validate) for validate
    ff.o(i.f_getfree) refers to ff.o(i.find_volume) for find_volume
    ff.o(i.f_getfree) refers to ff.o(i.get_fat) for get_fat
    ff.o(i.f_getfree) refers to ff.o(i.move_window) for move_window
    ff.o(i.f_getfree) refers to ff.o(i.ld_dword) for ld_dword
    ff.o(i.f_getfree) refers to ff.o(i.ld_word) for ld_word
    ff.o(i.f_gets) refers to ff.o(i.f_read) for f_read
    ff.o(i.f_lseek) refers to ff.o(i.validate) for validate
    ff.o(i.f_lseek) refers to ff.o(i.clmt_clust) for clmt_clust
    ff.o(i.f_lseek) refers to ff.o(i.clust2sect) for clust2sect
    ff.o(i.f_lseek) refers to diskio.o(i.disk_write) for disk_write
    ff.o(i.f_lseek) refers to ff.o(i.get_fat) for get_fat
    ff.o(i.f_lseek) refers to diskio.o(i.disk_read) for disk_read
    ff.o(i.f_lseek) refers to ff.o(i.create_chain) for create_chain
    ff.o(i.f_mkdir) refers to ff.o(i.find_volume) for find_volume
    ff.o(i.f_mkdir) refers to ff.o(i.follow_path) for follow_path
    ff.o(i.f_mkdir) refers to ff.o(i.create_chain) for create_chain
    ff.o(i.f_mkdir) refers to ff.o(i.sync_window) for sync_window
    ff.o(i.f_mkdir) refers to fatfs.o(i.get_fattime) for get_fattime
[...]
    USART2_IRQHandler                        0x080001f7   Thumb Code     0  startup_stm32f446xx.o(.text)
    USART3_IRQHandler                        0x080001f7   Thumb Code     0  startup_stm32f446xx.o(.text)
    USART6_IRQHandler                        0x080001f7   Thumb Code     0  startup_stm32f446xx.o(.text)
    WWDG_IRQHandler                          0x080001f7   Thumb Code     0  startup_stm32f446xx.o(.text)
    __aeabi_uldivmod                         0x08000201   Thumb Code    98  uldiv.o(.text)
    __aeabi_memcpy                           0x08000263   Thumb Code    36  memcpya.o(.text)
    __aeabi_memcpy4                          0x08000263   Thumb Code     0  memcpya.o(.text)
    __aeabi_memcpy8                          0x08000263   Thumb Code     0  memcpya.o(.text)
    __aeabi_memset                           0x08000287   Thumb Code    14  memseta.o(.text)
    __aeabi_memset4                          0x08000287   Thumb Code     0  memseta.o(.text)
    __aeabi_memset8                          0x08000287   Thumb Code     0  memseta.o(.text)
    __aeabi_memclr                           0x08000295   Thumb Code     4  memseta.o(.text)
    __aeabi_memclr4                          0x08000295   Thumb Code     0  memseta.o(.text)
    __aeabi_memclr8                          0x08000295   Thumb Code     0  memseta.o(.text)
    _memset$wrapper                          0x08000299   Thumb Code    18  memseta.o(.text)
    strcmp                                   0x080002ab   Thumb Code    28  strcmp.o(.text)
    strcpy                                   0x080002c7   Thumb Code    18  strcpy.o(.text)
    strncmp                                  0x080002d9   Thumb Code    30  strncmp.o(.text)
    __0sscanf                                0x080002f9   Thumb Code    48  __0sscanf.o(.text)
    _scanf_string                            0x08000331   Thumb Code   224  _scanf_str.o(.text)
    _scanf_real                              0x08000511   Thumb Code     0  scanf_fp.o(.text)
    _scanf_really_real                       0x08000511   Thumb Code   556  scanf_fp.o(.text)
    atoi                                     0x08000749   Thumb Code    26  atoi.o(.text)
    __cpp_initialize__aeabi_                 0x08000765   Thumb Code    22  cpp_init.o(.text)
    __aeabi_dmul                             0x08000785   Thumb Code   228  dmul.o(.text)
    __aeabi_ddiv                             0x08000869   Thumb Code   222  ddiv.o(.text)
    __aeabi_i2d                              0x08000947   Thumb Code    34  dflti.o(.text)
    __aeabi_f2d                              0x08000969   Thumb Code    38  f2d.o(.text)
    __aeabi_d2f                              0x0800098f   Thumb Code    56  d2f.o(.text)
    __default_new_handler()                  0x080009c7   Thumb Code     4  arm_newhandler_noexceptions.o(.text)
    __aeabi_llsl                             0x080009cb   Thumb Code    30  llshl.o(.text)
    _ll_shift_l                              0x080009cb   Thumb Code     0  llshl.o(.text)
    __aeabi_llsr                             0x080009e9   Thumb Code    32  llushr.o(.text)
    _ll_ushift_r                             0x080009e9   Thumb Code     0  llushr.o(.text)
    __vfscanf_char                           0x08000a15   Thumb Code    20  scanf_char.o(.text)
    _sgetc                                   0x08000a31   Thumb Code    30  _sgetc.o(.text)
    _sbackspace                              0x08000a4f   Thumb Code    34  _sgetc.o(.text)
    strtol                                   0x08000a71   Thumb Code   112  strtol.o(.text)
    __I$use$fp                               0x08000ae1   Thumb Code     0  iusefp.o(.text)
    __rt_new_handler_addr                    0x08000ae1   Thumb Code     4  cpp_memory.o(.text)
    __rt_eh_globals_addr                     0x08000ae5   Thumb Code    12  cpp_memory.o(.text)
    _float_round                             0x08000af5   Thumb Code    18  fepilogue.o(.text)
    _float_epilogue                          0x08000b07   Thumb Code    92  fepilogue.o(.text)
    _double_round                            0x08000b63   Thumb Code    30  depilogue.o(.text)
    _double_epilogue                         0x08000b81   Thumb Code   156  depilogue.o(.text)
    __aeabi_dadd                             0x08000c1d   Thumb Code   322  dadd.o(.text)
    __aeabi_dsub                             0x08000d5f   Thumb Code     6  dadd.o(.text)
    __aeabi_drsub                            0x08000d65   Thumb Code     6  dadd.o(.text)
    __ARM_scalbn                             0x08000d6b   Thumb Code    46  dscalb.o(.text)
    scalbn                                   0x08000d6b   Thumb Code     0  dscalb.o(.text)
    __aeabi_ul2d                             0x08000d99   Thumb Code    24  dfltul.o(.text)
    __aeabi_cdrcmple                         0x08000db1   Thumb Code    48  cdrcmple.o(.text)
    __fp_status                              0x08000de1   Thumb Code     4  fpstat.o(.text)
    __ieee_status                            0x08000de1   Thumb Code     0  fpstat.o(.text)
    std::terminate()                         0x08000de5   Thumb Code    26  arm_exceptions_terminate.o(.text)
    __scatterload                            0x08000e01   Thumb Code    28  init.o(.text)
    __scatterload_rt2                        0x08000e01   Thumb Code     0  init.o(.text)
    __aeabi_lasr                             0x08000e25   Thumb Code    36  llsshr.o(.text)
    _ll_sshift_r                             0x08000e25   Thumb Code     0  llsshr.o(.text)
    __rt_ctype_table                         0x08000e49   Thumb Code     4  ctype_o.o(.text)
    isspace                                  0x08000e51   Thumb Code    18  isspace_o.o(.text)
    __vfscanf                                0x08000e65   Thumb Code   808  _scanf.o(.text)
    _strtoul                                 0x08001191   Thumb Code   158  _strtoul.o(.text)
    _dsqrt                                   0x0800122f   Thumb Code   162  dsqrt.o(.text)
    __cxa_get_globals                        0x080012d7   Thumb Code    62  arm_exceptions_globs.o(.text)
    _chval                                   0x08001321   Thumb Code    28  _chval.o(.text)
    __ARM_exceptions_buffer_init             0x0800133d   Thumb Code    18  arm_exceptions_mem.o(.text)
    __ARM_exceptions_buffer_allocate         0x0800134f   Thumb Code    22  arm_exceptions_mem.o(.text)
    __ARM_exceptions_buffer_free             0x08001365   Thumb Code    20  arm_exceptions_mem.o(.text)
    BSP_SD_GetCardInfo                       0x0800149d   Thumb Code     8  bsp_driver_sd.o(i.BSP_SD_GetCardInfo)
    BSP_SD_GetCardState                      0x080014a9   Thumb Code    20  bsp_driver_sd.o(i.BSP_SD_GetCardState)
    BSP_SD_Init                              0x080014c1   Thumb Code    48  bsp_driver_sd.o(i.BSP_SD_Init)
    BSP_SD_ReadBlocks_DMA                    0x080014f5   Thumb Code    24  bsp_driver_sd.o(i.BSP_SD_ReadBlocks_DMA)
    BSP_SD_WriteBlocks_DMA                   0x08001511   Thumb Code    24  bsp_driver_sd.o(i.BSP_SD_WriteBlocks_DMA)
    DMA1_Stream4_IRQHandler                  0x0800152d   Thumb Code     6  stm32f4xx_it.o(i.DMA1_Stream4_IRQHandler)
    DMA2_Stream3_IRQHandler                  0x08001539   Thumb Code     6  stm32f4xx_it.o(i.DMA2_Stream3_IRQHandler)
    DMA2_Stream6_IRQHandler                  0x08001545   Thumb Code     6  stm32f4xx_it.o(i.DMA2_Stream6_IRQHandler)
    EXTI15_10_IRQHandler                     0x080015f5   Thumb Code     8  stm32f4xx_it.o(i.EXTI15_10_IRQHandler)
    FATFS_LinkDriver                         0x080015fd   Thumb Code     6  ff_gen_drv.o(i.FATFS_LinkDriver)
    FATFS_LinkDriverEx                       0x08001605   Thumb Code    58  ff_gen_drv.o(i.FATFS_LinkDriverEx)
    FillWaveDataBuf                          0x08001645   Thumb Code    26  wave_genout.o(i.FillWaveDataBuf)
    HAL_ADC_ConfigChannel                    0x08001665   Thumb Code   318  stm32f4xx_hal_adc.o(i.HAL_ADC_ConfigChannel)
    HAL_ADC_GetValue                         0x080017b9   Thumb Code     6  stm32f4xx_hal_adc.o(i.HAL_ADC_GetValue)
    HAL_ADC_Init                             0x080017bf   Thumb Code    84  stm32f4xx_hal_adc.o(i.HAL_ADC_Init)
    HAL_ADC_MspInit                          0x08001815   Thumb Code    54  stm32f4xx_hal_msp.o(i.HAL_ADC_MspInit)
    HAL_ADC_PollForConversion                0x08001859   Thumb Code   162  stm32f4xx_hal_adc.o(i.HAL_ADC_PollForConversion)
    HAL_ADC_Start                            0x080018fd   Thumb Code   170  stm32f4xx_hal_adc.o(i.HAL_ADC_Start)
    HAL_DMA_Abort_IT                         0x080019b9   Thumb Code    36  stm32f4xx_hal_dma.o(i.HAL_DMA_Abort_IT)
    HAL_DMA_IRQHandler                       0x080019dd   Thumb Code   412  stm32f4xx_hal_dma.o(i.HAL_DMA_IRQHandler)
    HAL_DMA_Init                             0x08001b7d   Thumb Code   206  stm32f4xx_hal_dma.o(i.HAL_DMA_Init)
    HAL_DMA_Start_IT                         0x08001c51   Thumb Code   120  stm32f4xx_hal_dma.o(i.HAL_DMA_Start_IT)
    HAL_Delay                                0x08001cc9   Thumb Code    32  stm32f4xx_hal.o(i.HAL_Delay)
    HAL_GPIO_EXTI_Callback                   0x08001ced   Thumb Code     2  stm32f4xx_hal_gpio.o(i.HAL_GPIO_EXTI_Callback)
    HAL_GPIO_EXTI_IRQHandler                 0x08001cf1   Thumb Code    18  stm32f4xx_hal_gpio.o(i.HAL_GPIO_EXTI_IRQHandler)
    HAL_GPIO_Init                            0x08001d09   Thumb Code   378  stm32f4xx_hal_gpio.o(i.HAL_GPIO_Init)
    HAL_GPIO_WritePin                        0x08001ead   Thumb Code    10  stm32f4xx_hal_gpio.o(i.HAL_GPIO_WritePin)
    HAL_GetTick                              0x08001eb9   Thumb Code     6  stm32f4xx_hal.o(i.HAL_GetTick)
    HAL_I2C_Init                             0x08001ec5   Thumb Code   254  stm32f4xx_hal_i2c.o(i.HAL_I2C_Init)
    HAL_I2C_IsDeviceReady                    0x08001fcd   Thumb Code   344  stm32f4xx_hal_i2c.o(i.HAL_I2C_IsDeviceReady)
    HAL_I2C_Mem_Read                         0x0800212d   Thumb Code   496  stm32f4xx_hal_i2c.o(i.HAL_I2C_Mem_Read)
    HAL_I2C_Mem_Write                        0x08002329   Thumb Code   306  stm32f4xx_hal_i2c.o(i.HAL_I2C_Mem_Write)
    HAL_I2C_MspInit                          0x08002465   Thumb Code   100  stm32f4xx_hal_msp.o(i.HAL_I2C_MspInit)
    HAL_I2S_ErrorCallback                    0x080024dd   Thumb Code     2  stm32f4xx_hal_i2s.o(i.HAL_I2S_ErrorCallback)
    HAL_I2S_Init                             0x080024e1   Thumb Code   262  stm32f4xx_hal_i2s.o(i.HAL_I2S_Init)
    HAL_I2S_MspInit                          0x080025f5   Thumb Code   142  stm32f4xx_hal_msp.o(i.HAL_I2S_MspInit)
    HAL_I2S_RxCpltCallback                   0x080026b9   Thumb Code     2  stm32f4xx_hal_i2s.o(i.HAL_I2S_RxCpltCallback)
    HAL_I2S_Transmit_DMA                     0x080026bd   Thumb Code   156  stm32f4xx_hal_i2s.o(i.HAL_I2S_Transmit_DMA)
    HAL_I2S_TxCpltCallback                   0x08002765   Thumb Code     8  wave_genout.o(i.HAL_I2S_TxCpltCallback)
    HAL_I2S_TxHalfCpltCallback               0x08002771   Thumb Code     8  wave_genout.o(i.HAL_I2S_TxHalfCpltCallback)
    HAL_IncTick                              0x0800277d   Thumb Code    12  stm32f4xx_hal.o(i.HAL_IncTick)
    HAL_Init                                 0x0800278d   Thumb Code    48  stm32f4xx_hal.o(i.HAL_Init)
    HAL_InitTick                             0x080027c1   Thumb Code    54  stm32f4xx_hal.o(i.HAL_InitTick)
    HAL_MspInit                              0x08002801   Thumb Code   104  stm32f4xx_hal_msp.o(i.HAL_MspInit)
    HAL_NVIC_EnableIRQ                       0x08002869   Thumb Code    22  stm32f4xx_hal_cortex.o(i.HAL_NVIC_EnableIRQ)
    HAL_NVIC_SetPriority                     0x08002881   Thumb Code    60  stm32f4xx_hal_cortex.o(i.HAL_NVIC_SetPriority)
    HAL_NVIC_SetPriorityGrouping             0x080028c1   Thumb Code    26  stm32f4xx_hal_cortex.o(i.HAL_NVIC_SetPriorityGrouping)
    HAL_RCCEx_GetPeriphCLKFreq               0x080028e5   Thumb Code   390  stm32f4xx_hal_rcc_ex.o(i.HAL_RCCEx_GetPeriphCLKFreq)
    HAL_RCCEx_PeriphCLKConfig                0x08002a7d   Thumb Code  1072  stm32f4xx_hal_rcc_ex.o(i.HAL_RCCEx_PeriphCLKConfig)
    HAL_RCC_ClockConfig                      0x08002ead   Thumb Code   286  stm32f4xx_hal_rcc.o(i.HAL_RCC_ClockConfig)
    HAL_RCC_GetHCLKFreq                      0x08002fdd   Thumb Code     6  stm32f4xx_hal_rcc.o(i.HAL_RCC_GetHCLKFreq)
    HAL_RCC_GetPCLK1Freq                     0x08002fe9   Thumb Code    20  stm32f4xx_hal_rcc.o(i.HAL_RCC_GetPCLK1Freq)
    HAL_RCC_GetPCLK2Freq                     0x08003009   Thumb Code    20  stm32f4xx_hal_rcc.o(i.HAL_RCC_GetPCLK2Freq)
    HAL_RCC_GetSysClockFreq                  0x08003029   Thumb Code   140  stm32f4xx_hal_rcc_ex.o(i.HAL_RCC_GetSysClockFreq)
    HAL_RCC_OscConfig                        0x080030bd   Thumb Code   814  stm32f4xx_hal_rcc_ex.o(i.HAL_RCC_OscConfig)
    HAL_SD_AbortCallback                     0x08003401   Thumb Code     2  stm32f4xx_hal_sd.o(i.HAL_SD_AbortCallback)
    HAL_SD_ConfigWideBusOperation            0x08003403   Thumb Code   120  stm32f4xx_hal_sd.o(i.HAL_SD_ConfigWideBusOperation)
    HAL_SD_ErrorCallback                     0x0800347b   Thumb Code     2  stm32f4xx_hal_sd.o(i.HAL_SD_ErrorCallback)
    HAL_SD_GetCardCSD                        0x0800347d   Thumb Code   474  stm32f4xx_hal_sd.o(i.HAL_SD_GetCardCSD)
    HAL_SD_GetCardInfo                       0x08003657   Thumb Code    36  stm32f4xx_hal_sd.o(i.HAL_SD_GetCardInfo)
    HAL_SD_GetCardState                      0x0800367b   Thumb Code    44  stm32f4xx_hal_sd.o(i.HAL_SD_GetCardState)
    HAL_SD_IRQHandler                        0x080036a9   Thumb Code   420  stm32f4xx_hal_sd.o(i.HAL_SD_IRQHandler)
    HAL_SD_Init                              0x08003855   Thumb Code    54  stm32f4xx_hal_sd.o(i.HAL_SD_Init)
    HAL_SD_InitCard                          0x0800388d   Thumb Code    80  stm32f4xx_hal_sd.o(i.HAL_SD_InitCard)
    HAL_SD_MspInit                           0x080038e1   Thumb Code   294  stm32f4xx_hal_msp.o(i.HAL_SD_MspInit)
    HAL_SD_ReadBlocks_DMA                    0x08003a41   Thumb Code   230  stm32f4xx_hal_sd.o(i.HAL_SD_ReadBlocks_DMA)
    HAL_SD_RxCpltCallback                    0x08003b35   Thumb Code     8  sd_diskio.o(i.HAL_SD_RxCpltCallback)
    HAL_SD_TxCpltCallback                    0x08003b41   Thumb Code     8  sd_diskio.o(i.HAL_SD_TxCpltCallback)
    HAL_SD_WriteBlocks_DMA                   0x08003b4d   Thumb Code   232  stm32f4xx_hal_sd.o(i.HAL_SD_WriteBlocks_DMA)
    HAL_SYSTICK_CLKSourceConfig              0x08003c41   Thumb Code    24  stm32f4xx_hal_cortex.o(i.HAL_SYSTICK_CLKSourceConfig)
    HAL_SYSTICK_Callback                     0x08003c59   Thumb Code     2  stm32f4xx_hal_cortex.o(i.HAL_SYSTICK_Callback)
    HAL_SYSTICK_Config                       0x08003c5b   Thumb Code    40  stm32f4xx_hal_cortex.o(i.HAL_SYSTICK_Config)
    HAL_SYSTICK_IRQHandler                   0x08003c83   Thumb Code     8  stm32f4xx_hal_cortex.o(i.HAL_SYSTICK_IRQHandler)
    HAL_UART_Init                            0x08003c8b   Thumb Code    98  stm32f4xx_hal_uart.o(i.HAL_UART_Init)
    HAL_UART_MspInit                         0x08003ced   Thumb Code    64  stm32f4xx_hal_msp.o(i.HAL_UART_MspInit)
    HAL_UART_Transmit                        0x08003d39   Thumb Code   186  stm32f4xx_hal_uart.o(i.HAL_UART_Transmit)
    MX_FATFS_Init                            0x08004391   Thumb Code    18  fatfs.o(i.MX_FATFS_Init)
    PlayWaveData                             0x080045ad   Thumb Code    96  wave_genout.o(i.PlayWaveData)
    RCC_IRQHandler                           0x08004655   Thumb Code     2  stm32f4xx_it.o(i.RCC_IRQHandler)
    SDIO_ConfigData                          0x08004657   Thumb Code    36  stm32f4xx_ll_sdmmc.o(i.SDIO_ConfigData)
    SDIO_GetPowerState                       0x0800467b   Thumb Code     8  stm32f4xx_ll_sdmmc.o(i.SDIO_GetPowerState)
    SDIO_GetResponse                         0x08004683   Thumb Code    12  stm32f4xx_ll_sdmmc.o(i.SDIO_GetResponse)
    SDIO_IRQHandler                          0x08004691   Thumb Code     6  stm32f4xx_it.o(i.SDIO_IRQHandler)
    SDIO_Init                                0x0800469d   Thumb Code    36  stm32f4xx_ll_sdmmc.o(i.SDIO_Init)
    SDIO_PowerState_ON                       0x080046c1   Thumb Code     8  stm32f4xx_ll_sdmmc.o(i.SDIO_PowerState_ON)
    SDIO_ReadFIFO                            0x080046c9   Thumb Code     6  stm32f4xx_ll_sdmmc.o(i.SDIO_ReadFIFO)
    SDIO_SendCommand                         0x080046cf   Thumb Code    32  stm32f4xx_ll_sdmmc.o(i.SDIO_SendCommand)
    SDIO_WriteFIFO                           0x080046ef   Thumb Code    10  stm32f4xx_ll_sdmmc.o(i.SDIO_WriteFIFO)
    SDMMC_CmdAppCommand                      0x080046f9   Thumb Code    50  stm32f4xx_ll_sdmmc.o(i.SDMMC_CmdAppCommand)
    SDMMC_CmdAppOperCommand                  0x0800472d   Thumb Code    48  stm32f4xx_ll_sdmmc.o(i.SDMMC_CmdAppOperCommand)
    SDMMC_CmdBlockLength                     0x08004761   Thumb Code    50  stm32f4xx_ll_sdmmc.o(i.SDMMC_CmdBlockLength)
    SDMMC_CmdBusWidth                        0x08004793   Thumb Code    50  stm32f4xx_ll_sdmmc.o(i.SDMMC_CmdBusWidth)
    SDMMC_CmdGoIdleState                     0x080047c5   Thumb Code    76  stm32f4xx_ll_sdmmc.o(i.SDMMC_CmdGoIdleState)
    SDMMC_CmdOperCond                        0x08004815   Thumb Code    98  stm32f4xx_ll_sdmmc.o(i.SDMMC_CmdOperCond)
    SDMMC_CmdReadMultiBlock                  0x0800487d   Thumb Code    50  stm32f4xx_ll_sdmmc.o(i.SDMMC_CmdReadMultiBlock)
    SDMMC_CmdReadSingleBlock                 0x080048af   Thumb Code    50  stm32f4xx_ll_sdmmc.o(i.SDMMC_CmdReadSingleBlock)
    SDMMC_CmdSelDesel                        0x080048e1   Thumb Code    50  stm32f4xx_ll_sdmmc.o(i.SDMMC_CmdSelDesel)
    SDMMC_CmdSendCID                         0x08004913   Thumb Code    44  stm32f4xx_ll_sdmmc.o(i.SDMMC_CmdSendCID)
    SDMMC_CmdSendCSD                         0x0800493f   Thumb Code    44  stm32f4xx_ll_sdmmc.o(i.SDMMC_CmdSendCSD)
    SDMMC_CmdSendSCR                         0x0800496b   Thumb Code    48  stm32f4xx_ll_sdmmc.o(i.SDMMC_CmdSendSCR)
    SDMMC_CmdSendStatus                      0x0800499b   Thumb Code    50  stm32f4xx_ll_sdmmc.o(i.SDMMC_CmdSendStatus)
    SDMMC_CmdSetRelAdd                       0x080049cd   Thumb Code    48  stm32f4xx_ll_sdmmc.o(i.SDMMC_CmdSetRelAdd)
    SDMMC_CmdStopTransfer                    0x080049fd   Thumb Code    46  stm32f4xx_ll_sdmmc.o(i.SDMMC_CmdStopTransfer)
    SDMMC_CmdWriteMultiBlock                 0x08004a31   Thumb Code    50  stm32f4xx_ll_sdmmc.o(i.SDMMC_CmdWriteMultiBlock)
    SDMMC_CmdWriteSingleBlock                0x08004a63   Thumb Code    50  stm32f4xx_ll_sdmmc.o(i.SDMMC_CmdWriteSingleBlock)
    SD_initialize                            0x08005111   Thumb Code    28  sd_diskio.o(i.SD_initialize)
    SD_ioctl                                 0x08005131   Thumb Code    76  sd_diskio.o(i.SD_ioctl)
    SD_read                                  0x08005181   Thumb Code   102  sd_diskio.o(i.SD_read)
    SD_status                                0x080051ed   Thumb Code     4  sd_diskio.o(i.SD_status)
    SD_write                                 0x080051f1   Thumb Code   102  sd_diskio.o(i.SD_write)
    SysTick_Handler                          0x0800525d   Thumb Code    14  stm32f4xx_it.o(i.SysTick_Handler)
    SystemClock_Config                       0x0800526d   Thumb Code   174  main.o(i.SystemClock_Config)
    SystemInit                               0x08005325   Thumb Code    66  system_stm32f4xx.o(i.SystemInit)
    WM8978_ADDA_Cfg                          0x08005689   Thumb Code    50  wm8978.o(i.WM8978_ADDA_Cfg)
    WM8978_AUX_Gain                          0x080056c1   Thumb Code    42  wm8978.o(i.WM8978_AUX_Gain)
    WM8978_HPvol_Set                         0x080056f1   Thumb Code    40  wm8978.o(i.WM8978_HPvol_Set)
    WM8978_I2S_Cfg                           0x08005719   Thumb Code    18  wm8978.o(i.WM8978_I2S_Cfg)
    WM8978_Init                              0x0800572b   Thumb Code   154  wm8978.o(i.WM8978_Init)
    WM8978_Input_Cfg                         0x080057c5   Thumb Code    82  wm8978.o(i.WM8978_Input_Cfg)
    WM8978_LINEIN_Gain                       0x0800581d   Thumb Code    46  wm8978.o(i.WM8978_LINEIN_Gain)
    WM8978_Output_Cfg                        0x08005851   Thumb Code    34  wm8978.o(i.WM8978_Output_Cfg)
    WM8978_SPKvol_Set                        0x08005873   Thumb Code    32  wm8978.o(i.WM8978_SPKvol_Set)
    WM8978_Write_Reg                         0x08005895   Thumb Code    76  wm8978.o(i.WM8978_Write_Reg)
    _Error_Handler                           0x08005901   Thumb Code     2  main.o(i._Error_Handler)
    initVoices()                             0x08005905   Thumb Code    20  engine_main.o(i._Z10initVoicesv)
    releaseVoice(int)                        0x0800591d   Thumb Code    38  engine_main.o(i._Z12releaseVoicei)
    renderVoices(int, short*)                0x08005949   Thumb Code    66  engine_main.o(i._Z12renderVoicesiPs)
    releaseAllVoices()                       0x08005995   Thumb Code    26  engine_main.o(i._Z16releaseAllVoicesv)
    removeEndedVoices()                      0x080059b5   Thumb Code    98  engine_main.o(i._Z17removeEndedVoicesv)
    getLogRatioBetween(double, double, double) 0x08005a21   Thumb Code    72  engine_main.o(i._Z18getLogRatioBetweenddd)
    ReadPcmWaveFileInfo(FIL*, WAVE_FILE_INFO*) 0x08005a69   Thumb Code   346  wavefile.o(i._Z19ReadPcmWaveFileInfoP3FILP14WAVE_FILE_INFO)
    ReadPcmWaveFileInfo(const char*, WAVE_FILE_INFO*) 0x08005be1   Thumb Code    56  wavefile.o(i._Z19ReadPcmWaveFileInfoPKcP14WAVE_FILE_INFO)
    addVoice(Voice*)                         0x08005c51   Thumb Code   194  engine_main.o(i._Z8addVoiceP5Voice)
    ConfigFileManager::addNewFile(char*)     0x08005d25   Thumb Code   108  configfilemanager.o(i._ZN17ConfigFileManager10addNewFileEPc)
    ConfigFileManager::initConfig(char*)     0x08005d9d   Thumb Code   338  configfilemanager.o(i._ZN17ConfigFileManager10initConfigEPc)
    ConfigFileManager::initRecFile(char*)    0x08005f69   Thumb Code   168  configfilemanager.o(i._ZN17ConfigFileManager11initRecFileEPc)
    ConfigFileManager::selectItemWithFrequency(float) 0x08006055   Thumb Code    50  configfilemanager.o(i._ZN17ConfigFileManager23selectItemWithFrequencyEf)
    ConfigFileManager::getFrequencyFromFileName(const char*) 0x0800608d   Thumb Code   122  configfilemanager.o(i._ZN17ConfigFileManager24getFrequencyFromFileNameEPKc)
    ConfigFileManager::getDir()              0x08006119   Thumb Code     4  configfilemanager.o(i._ZN17ConfigFileManager6getDirEv)
    ConfigFileManager::ConfigFileManager()   0x0800611d   Thumb Code     6  configfilemanager.o(i._ZN17ConfigFileManagerC1Ev)
    ConfigFileManager::ConfigFileManager__sub_object() 0x0800611d   Thumb Code     0  configfilemanager.o(i._ZN17ConfigFileManagerC1Ev)
    ConfigFileManager::~ConfigFileManager()  0x08006123   Thumb Code    32  configfilemanager.o(i._ZN17ConfigFileManagerD1Ev)
    ConfigFileManager::~ConfigFileManager__sub_object() 0x08006123   Thumb Code     0  configfilemanager.o(i._ZN17ConfigFileManagerD1Ev)
    MADSR::enterAttack()                     0x08006145   Thumb Code    42  madsr.o(i._ZN5MADSR11enterAttackEv)
    MADSR::enterDecay2()                     0x08006175   Thumb Code    48  madsr.o(i._ZN5MADSR11enterDecay2Ev)
    MADSR::enterSustain()                    0x080061a9   Thumb Code    28  madsr.o(i._ZN5MADSR12enterSustainEv)
    MADSR::enterRelease1()                   0x080061c9   Thumb Code    56  madsr.o(i._ZN5MADSR13enterRelease1Ev)
    MADSR::enterRelease2()                   0x08006205   Thumb Code    42  madsr.o(i._ZN5MADSR13enterRelease2Ev)
    MADSR::modifyParameters()                0x08006235   Thumb Code   122  madsr.o(i._ZN5MADSR16modifyParametersEv)
    MADSR::updateReleaseDelta(int)           0x080062b5   Thumb Code   158  madsr.o(i._ZN5MADSR18updateReleaseDeltaEi)
    MADSR::update(MADSR::key_event, int)     0x08006359   Thumb Code   330  madsr.o(i._ZN5MADSR6updateENS_9key_eventEi)
    MADSR::isEnded()                         0x080064ad   Thumb Code     4  madsr.o(i._ZN5MADSR7isEndedEv)
    MADSR::enterEnd()                        0x080064b1   Thumb Code    18  madsr.o(i._ZN5MADSR8enterEndEv)
    MADSR::getLevel()                        0x080064c9   Thumb Code     6  madsr.o(i._ZN5MADSR8getLevelEv)
    MADSR::enterHold()                       0x080064d1   Thumb Code    22  madsr.o(i._ZN5MADSR9enterHoldEv)
    MADSR::MADSR()                           0x080064ed   Thumb Code    94  madsr.o(i._ZN5MADSRC1Ev)
    MADSR::MADSR__sub_object()               0x080064ed   Thumb Code     0  madsr.o(i._ZN5MADSRC1Ev)
    MADSR::~MADSR()                          0x08006555   Thumb Code     2  madsr.o(i._ZN5MADSRD1Ev)
    MADSR::~MADSR__sub_object()              0x08006555   Thumb Code     0  madsr.o(i._ZN5MADSRD1Ev)
    Voice::readNewBuff()                     0x08006559   Thumb Code   224  voice.o(i._ZN5Voice11readNewBuffEv)
    Voice::getBuffValue(int)                 0x0800663d   Thumb Code    46  voice.o(i._ZN5Voice12getBuffValueEi)
    Voice::renderOneFrame(int, short*, bool) 0x0800666d   Thumb Code   322  voice.o(i._ZN5Voice14renderOneFrameEiPsb)
    Voice::interpolateValue()                0x080067b9   Thumb Code   102  voice.o(i._ZN5Voice16interpolateValueEv)
    Voice::portamentoAtStart(double, double, double) 0x0800681f   Thumb Code    88  voice.o(i._ZN5Voice17portamentoAtStartEddd)
    Voice::key()                             0x08006877   Thumb Code     4  voice.o(i._ZN5Voice3keyEv)
    Voice::ended()                           0x0800687b   Thumb Code     4  voice.o(i._ZN5Voice5endedEv)
    Voice::release()                         0x0800687f   Thumb Code    22  voice.o(i._ZN5Voice7releaseEv)
    Voice::getLevel()                        0x08006895   Thumb Code     4  voice.o(i._ZN5Voice8getLevelEv)
    Voice::frequency()                       0x08006899   Thumb Code     6  voice.o(i._ZN5Voice9frequencyEv)
    Voice::Voice(int)                        0x080068a1   Thumb Code   208  voice.o(i._ZN5VoiceC1Ei)
    Voice::Voice__sub_object(int)            0x080068a1   Thumb Code     0  voice.o(i._ZN5VoiceC1Ei)
    Voice::~Voice()                          0x08006989   Thumb Code    34  voice.o(i._ZN5VoiceD1Ev)
    Voice::~Voice__sub_object()              0x08006989   Thumb Code     0  voice.o(i._ZN5VoiceD1Ev)
    EGDelay::value()                         0x080069ab   Thumb Code    74  egdelay.o(i._ZN7EGDelay5valueEv)
    EGDelay::update(float)                   0x080069f5   Thumb Code    14  egdelay.o(i._ZN7EGDelay6updateEf)
    EGDelay::trigger(float, float, float, float) 0x08006a05   Thumb Code    14  egdelay.o(i._ZN7EGDelay7triggerEffff)
    EGDelay::EGDelay()                       0x08006a19   Thumb Code    30  egdelay.o(i._ZN7EGDelayC1Ev)
    EGDelay::EGDelay__sub_object()           0x08006a19   Thumb Code     0  egdelay.o(i._ZN7EGDelayC1Ev)
    EGDelay::~EGDelay()                      0x08006a3d   Thumb Code     2  egdelay.o(i._ZN7EGDelayD1Ev)
    EGDelay::~EGDelay__sub_object()          0x08006a3d   Thumb Code     0  egdelay.o(i._ZN7EGDelayD1Ev)
    std::exp(float)                          0x08006a3f   Thumb Code     4  madsr.o(i._ZSt3expf)
    operator delete (void*)                  0x08006a43   Thumb Code     8  delete.o(i._ZdlPv)
    operator new(unsigned)                   0x08006a4d   Thumb Code    34  new.o(i._Znwj)
    __0printf$8                              0x08006a75   Thumb Code    22  printf8.o(i.__0printf$8)
    __1printf$8                              0x08006a75   Thumb Code     0  printf8.o(i.__0printf$8)
    __2printf                                0x08006a75   Thumb Code     0  printf8.o(i.__0printf$8)
    __0sprintf$8                             0x08006a95   Thumb Code    34  printf8.o(i.__0sprintf$8)
    __1sprintf$8                             0x08006a95   Thumb Code     0  printf8.o(i.__0sprintf$8)
    __2sprintf                               0x08006a95   Thumb Code     0  printf8.o(i.__0sprintf$8)
    __ARM_fpclassify                         0x08006abd   Thumb Code    48  fpclassify.o(i.__ARM_fpclassify)
    __ARM_fpclassifyf                        0x08006aed   Thumb Code    38  fpclassifyf.o(i.__ARM_fpclassifyf)
    __aeabi_errno_addr                       0x08006b15   Thumb Code     4  errno.o(i.__aeabi_errno_addr)
    __rt_errno_addr                          0x08006b15   Thumb Code     0  errno.o(i.__aeabi_errno_addr)
    __hardfp_expf                            0x08006b1d   Thumb Code   426  expf.o(i.__hardfp_expf)
    __mathlib_expf                           0x08006b1d   Thumb Code     0  expf.o(i.__hardfp_expf)
    __hardfp_pow                             0x08006d09   Thumb Code  3072  pow.o(i.__hardfp_pow)
    __hardfp_powf                            0x08007959   Thumb Code  1606  powf.o(i.__hardfp_powf)
    __mathlib_powf                           0x08007959   Thumb Code     0  powf.o(i.__hardfp_powf)
    __kernel_poly                            0x08007fbd   Thumb Code   248  poly.o(i.__kernel_poly)
    __mathlib_dbl_divzero                    0x080080b9   Thumb Code    28  dunder.o(i.__mathlib_dbl_divzero)
    __mathlib_dbl_infnan2                    0x080080e9   Thumb Code    20  dunder.o(i.__mathlib_dbl_infnan2)
    __mathlib_dbl_invalid                    0x08008101   Thumb Code    24  dunder.o(i.__mathlib_dbl_invalid)
    __mathlib_dbl_overflow                   0x08008121   Thumb Code    24  dunder.o(i.__mathlib_dbl_overflow)
    __mathlib_dbl_underflow                  0x08008141   Thumb Code    24  dunder.o(i.__mathlib_dbl_underflow)
    __mathlib_flt_divzero                    0x08008161   Thumb Code    14  funder.o(i.__mathlib_flt_divzero)
    __mathlib_flt_infnan                     0x08008175   Thumb Code     6  funder.o(i.__mathlib_flt_infnan)
    __mathlib_flt_infnan2                    0x0800817b   Thumb Code     6  funder.o(i.__mathlib_flt_infnan2)
    __mathlib_flt_invalid                    0x08008181   Thumb Code    10  funder.o(i.__mathlib_flt_invalid)
    __mathlib_flt_overflow                   0x08008191   Thumb Code    10  funder.o(i.__mathlib_flt_overflow)
    __mathlib_flt_underflow                  0x080081a1   Thumb Code    10  funder.o(i.__mathlib_flt_underflow)
    __scatterload_copy                       0x080081b1   Thumb Code    14  handlers.o(i.__scatterload_copy)
    __scatterload_null                       0x080081bf   Thumb Code     2  handlers.o(i.__scatterload_null)
    __scatterload_zeroinit                   0x080081c1   Thumb Code    14  handlers.o(i.__scatterload_zeroinit)
    __set_errno                              0x080081d1   Thumb Code     6  errno.o(i.__set_errno)
    _fclose_                                 0x080081fd   Thumb Code    28  sdfileio.o(i._fclose_)
    _fgets_                                  0x0800822d   Thumb Code     4  sdfileio.o(i._fgets_)
    _fopen_                                  0x08008231   Thumb Code    84  sdfileio.o(i._fopen_)
    _fread_                                  0x080082cd   Thumb Code    52  sdfileio.o(i._fread_)
    _fseek_                                  0x08008319   Thumb Code    20  sdfileio.o(i._fseek_)
    _is_digit                                0x08008345   Thumb Code    14  scanf_fp.o(i._is_digit)
    attackTime                               0x080087c1   Thumb Code     8  engine_main.o(i.attackTime)
    changeDirectory                          0x080087cd   Thumb Code    70  engine_main.o(i.changeDirectory)
    disk_initialize                          0x08008ccd   Thumb Code    36  diskio.o(i.disk_initialize)
    disk_ioctl                               0x08008cf5   Thumb Code    24  diskio.o(i.disk_ioctl)
    disk_read                                0x08008d11   Thumb Code    24  diskio.o(i.disk_read)
    disk_status                              0x08008d2d   Thumb Code    18  diskio.o(i.disk_status)
    disk_write                               0x08008d45   Thumb Code    24  diskio.o(i.disk_write)
    f_close                                  0x08008d61   Thumb Code    30  ff.o(i.f_close)
    f_closedir                               0x08008d7f   Thumb Code    20  ff.o(i.f_closedir)
    f_gets                                   0x08008d93   Thumb Code    72  ff.o(i.f_gets)
    f_lseek                                  0x08008ddb   Thumb Code   530  ff.o(i.f_lseek)
    f_mount                                  0x08008fed   Thumb Code    72  ff.o(i.f_mount)
    f_open                                   0x08009039   Thumb Code   438  ff.o(i.f_open)
    f_opendir                                0x080091ef   Thumb Code    98  ff.o(i.f_opendir)
    f_printf                                 0x08009251   Thumb Code   460  ff.o(i.f_printf)
    f_read                                   0x0800941d   Thumb Code   338  ff.o(i.f_read)
    f_readdir                                0x0800956f   Thumb Code    64  ff.o(i.f_readdir)
    f_sync                                   0x080095af   Thumb Code   142  ff.o(i.f_sync)
    f_write                                  0x0800963d   Thumb Code   398  ff.o(i.f_write)
    fabs                                     0x080097cb   Thumb Code    24  fabs.o(i.fabs)
    fputc                                    0x08009aa5   Thumb Code    20  main.o(i.fputc)
    free                                     0x08009abd   Thumb Code    76  malloc.o(i.free)
    getVolumn                                0x08009b0d   Thumb Code     8  engine_main.o(i.getVolumn)
    get_fattime                              0x08009bd7   Thumb Code     4  fatfs.o(i.get_fattime)
    get_key                                  0x08009c3d   Thumb Code   194  mpr121.o(i.get_key)
    handleKeyEvent                           0x08009d55   Thumb Code   100  mpr121.o(i.handleKeyEvent)
    handlePressureEvent                      0x08009ded   Thumb Code    50  wave_genout.o(i.handlePressureEvent)
    isDir                                    0x08009e29   Thumb Code    34  sdfileio.o(i.isDir)
    main                                     0x08009eb1   Thumb Code   224  main.o(i.main)
    main_finish                              0x0800a061   Thumb Code    58  engine_main.o(i.main_finish)
    main_init                                0x0800a0a5   Thumb Code    56  engine_main.o(i.main_init)
    main_loop                                0x0800a0ed   Thumb Code    54  engine_main.o(i.main_loop)
    malloc                                   0x0800a129   Thumb Code    92  malloc.o(i.malloc)
    mpr121_init                              0x0800a1e9   Thumb Code   346  mpr121.o(i.mpr121_init)
    raiseKeyEvent                            0x0800a49d   Thumb Code    52  engine_main.o(i.raiseKeyEvent)
    read_i2c                                 0x0800a4d1   Thumb Code    48  mpr121.o(i.read_i2c)
    recDirectory                             0x0800a51d   Thumb Code     8  engine_main.o(i.recDirectory)
    releaseLevel                             0x0800a529   Thumb Code     8  engine_main.o(i.releaseLevel)
    releaseTime                              0x0800a535   Thumb Code     8  engine_main.o(i.releaseTime)
    saveParams                               0x0800a5b5   Thumb Code   154  engine_main.o(i.saveParams)
    setAttackTime                            0x0800a715   Thumb Code     8  engine_main.o(i.setAttackTime)
    setPortamentoDepth                       0x0800a721   Thumb Code     8  engine_main.o(i.setPortamentoDepth)
    setPortamentoTime                        0x0800a72d   Thumb Code     8  engine_main.o(i.setPortamentoTime)
    setRecDirectory                          0x0800a739   Thumb Code    10  engine_main.o(i.setRecDirectory)
    setReleaseLevel                          0x0800a749   Thumb Code     8  engine_main.o(i.setReleaseLevel)
    setReleaseTime                           0x0800a755   Thumb Code     8  engine_main.o(i.setReleaseTime)
    setUsePortamento                         0x0800a761   Thumb Code     6  engine_main.o(i.setUsePortamento)
    setVolumn                                0x0800a76d   Thumb Code    44  engine_main.o(i.setVolumn)
    showInitStatus                           0x0800a7a1   Thumb Code    30  main.o(i.showInitStatus)
    sqrt                                     0x0800a7d9   Thumb Code   110  sqrt.o(i.sqrt)
    usePortamento                            0x0800a965   Thumb Code     6  engine_main.o(i.usePortamento)
    write_i2c                                0x0800a9a5   Thumb Code    84  mpr121.o(i.write_i2c)
    SD_Driver                                0x0800aad4   Data          20  sd_diskio.o(.constdata)
    AHBPrescTable                            0x0800aae8   Data          16  system_stm32f4xx.o(.constdata)
    APBPrescTable                            0x0800aaf8   Data           8  system_stm32f4xx.o(.constdata)
    g_keyName                                0x0800ab2c   Data          60  engine_main.o(.constdata)
    __mathlib_zero                           0x0800ad60   Data           8  qnan.o(.constdata)
    __ctype_table                            0x0800ad68   Data         129  ctype_o.o(.constdata)
    Region$$Table$$Base                      0x0800adf0   Number         0  anon$$obj.o(Region$$Table)
    Region$$Table$$Limit                     0x0800ae10   Number         0  anon$$obj.o(Region$$Table)
    SHT$$INIT_ARRAY$$Base                    0x0800ae10   Number         0  configfilemanager.o(.init_array)
    SHT$$INIT_ARRAY$$Limit                   0x0800ae14   Number         0  cpp_init.o(.init_array)
    initSuccess                              0x20000008   Data           1  main.o(.data)
    retSD                                    0x20000009   Data           1  fatfs.o(.data)
    SDPath                                   0x2000000a   Data           4  fatfs.o(.data)
    SystemCoreClock                          0x2000001c   Data           4  system_stm32f4xx.o(.data)
    uwTickFreq                               0x20000020   Data           1  stm32f4xx_hal.o(.data)
    uwTickPrio                               0x20000024   Data           4  stm32f4xx_hal.o(.data)
    uwTick                                   0x20000028   Data           4  stm32f4xx_hal.o(.data)
    g_usePortamento                          0x20000030   Data           1  engine_main.o(.data)
    g_buffInit                               0x20000031   Data           1  engine_main.o(.data)
    g_fVol                                   0x20000034   Data           4  engine_main.o(.data)
    g_attackTime                             0x20000038   Data           4  engine_main.o(.data)
    g_releaseTime                            0x2000003c   Data           4  engine_main.o(.data)
    g_releaseLevel                           0x20000040   Data           4  engine_main.o(.data)
    g_configFileManager                      0x20000044   Data           4  engine_main.o(.data)
    voiceCount                               0x20000048   Data           4  engine_main.o(.data)
    g_currentDirNumber                       0x2000004c   Data           4  engine_main.o(.data)
    g_enginPrevVoice                         0x20000050   Data           4  engine_main.o(.data)
    g_portamentoDepth                        0x20000058   Data           8  engine_main.o(.data)
    g_portamentoTime                         0x20000060   Data           8  engine_main.o(.data)
    prev_dat                                 0x20000068   Data           4  mpr121.o(.data)
    key                                      0x2000006c   Data           4  mpr121.o(.data)
    prev_key                                 0x20000070   Data           4  mpr121.o(.data)
    settingMode                              0x20000074   Data           1  wave_genout.o(.data)
    FillBufFlag                              0x20000075   Data           1  wave_genout.o(.data)
    __stdout                                 0x200000ec   Data           4  stdout.o(.data)
    __microlib_freelist                      0x20000100   Data           4  mvars.o(.data)
    __microlib_freelist_initialised          0x20000104   Data           4  mvars.o(.data)
    disk                                     0x20000108   Data          12  ff_gen_drv.o(.bss)
    hadc1                                    0x20000114   Data          72  main.o(.bss)
    hi2c1                                    0x2000015c   Data          84  main.o(.bss)
    hi2c2                                    0x200001b0   Data          84  main.o(.bss)
    hi2s2                                    0x20000204   Data          72  main.o(.bss)
    hsd                                      0x2000024c   Data         132  main.o(.bss)
    huart3                                   0x200002d0   Data          64  main.o(.bss)
    hdma_spi2_tx                             0x20000310   Data          96  main.o(.bss)
    hdma_sdio_rx                             0x20000370   Data          96  main.o(.bss)
    hdma_sdio_tx                             0x200003d0   Data          96  main.o(.bss)
    SDFatFS                                  0x20000430   Data         560  fatfs.o(.bss)
    g_outBuff                                0x20000660   Data        4096  engine_main.o(.bss)
    voices                                   0x20001660   Data          16  engine_main.o(.bss)
    readBuff                                 0x20001670   Data        2048  voice.o(.bss)
    WaveFileBuf                              0x20001e70   Data        8192  wave_genout.o(.bss)
    __heap_base                              0x20003e70   Data           0  startup_stm32f446xx.o(HEAP)
    __heap_limit                             0x2000be70   Data           0  startup_stm32f446xx.o(HEAP)
    __initial_sp                             0x2001de70   Data           0  startup_stm32f446xx.o(STACK)



==============================================================================

Memory Map of the image

  Image Entry point : 0x080001c5

  Load Region LR_IROM1 (Base: 0x08000000, Size: 0x0000af1c, Max: 0x00080000, ABSOLUTE)

    Execution Region ER_IROM1 (Base: 0x08000000, Size: 0x0000ae14, Max: 0x00080000, ABSOLUTE)

    Base Addr    Size         Type   Attr      Idx    E Section Name        Object

    0x08000000   0x000001c4   Data   RO            3    RESET               startup_stm32f446xx.o
    0x080001c4   0x00000000   Code   RO         5447  * .ARM.Collect$$$$00000000  mc_w.l(entry.o)
    0x080001c4   0x00000004   Code   RO         5822    .ARM.Collect$$$$00000001  mc_w.l(entry2.o)
    0x080001c8   0x00000004   Code   RO         5825    .ARM.Collect$$$$00000004  mc_w.l(entry5.o)
    0x080001cc   0x00000000   Code   RO         5827    .ARM.Collect$$$$00000008  mc_w.l(entry7b.o)
    0x080001cc   0x00000004   Code   RO         5828    .ARM.Collect$$$$00000009  mc_w.l(entry8a.o)
    0x080001d0   0x00000000   Code   RO         5829    .ARM.Collect$$$$0000000A  mc_w.l(entry8b.o)
    0x080001d0   0x00000008   Code   RO         5830    .ARM.Collect$$$$0000000B  mc_w.l(entry9a.o)
    0x080001d8   0x00000000   Code   RO         5832    .ARM.Collect$$$$0000000D  mc_w.l(entry10a.o)
    0x080001d8   0x00000000   Code   RO         5834    .ARM.Collect$$$$0000000F  mc_w.l(entry11a.o)
    0x080001d8   0x00000004   Code   RO         5823    .ARM.Collect$$$$00002712  mc_w.l(entry2.o)
    0x080001dc   0x00000024   Code   RO            4    .text               startup_stm32f446xx.o
    0x08000200   0x00000062   Code   RO         5450    .text               mc_w.l(uldiv.o)
    0x08000262   0x00000024   Code   RO         5452    .text               mc_w.l(memcpya.o)
    0x08000286   0x00000024   Code   RO         5454    .text               mc_w.l(memseta.o)
    0x080002aa   0x0000001c   Code   RO         5456    .text               mc_w.l(strcmp.o)
    0x080002c6   0x00000012   Code   RO         5458    .text               mc_w.l(strcpy.o)
    0x080002d8   0x0000001e   Code   RO         5460    .text               mc_w.l(strncmp.o)
    0x080002f6   0x00000002   PAD
    0x080002f8   0x00000038   Code   RO         5725    .text               mc_w.l(__0sscanf.o)
    0x08000330   0x000000e0   Code   RO         5727    .text               mc_w.l(_scanf_str.o)
    0x08000410   0x00000338   Code   RO         5729    .text               mc_w.l(scanf_fp.o)
    0x08000748   0x0000001a   Code   RO         5733    .text               mc_w.l(atoi.o)
    0x08000762   0x00000002   PAD
    0x08000764   0x00000020   Code   RO         5738    .text               mc_w.l(cpp_init.o)
    0x08000784   0x000000e4   Code   RO         5740    .text               mf_w.l(dmul.o)
    0x08000868   0x000000de   Code   RO         5742    .text               mf_w.l(ddiv.o)
    0x08000946   0x00000022   Code   RO         5744    .text               mf_w.l(dflti.o)
    0x08000968   0x00000026   Code   RO         5746    .text               mf_w.l(f2d.o)
    0x0800098e   0x00000038   Code   RO         5748    .text               mf_w.l(d2f.o)
    0x080009c6   0x00000004   Code   RO         5753    .text               cpprt_w.l(arm_newhandler_noexceptions.o)
    0x080009ca   0x0000001e   Code   RO         5839    .text               mc_w.l(llshl.o)
    0x080009e8   0x00000020   Code   RO         5841    .text               mc_w.l(llushr.o)
    0x08000a08   0x00000028   Code   RO         5878    .text               mc_w.l(scanf_char.o)
    0x08000a30   0x00000040   Code   RO         5880    .text               mc_w.l(_sgetc.o)
    0x08000a70   0x00000070   Code   RO         5882    .text               mc_w.l(strtol.o)
    0x08000ae0   0x00000000   Code   RO         5884    .text               mc_w.l(iusefp.o)
    0x08000ae0   0x00000014   Code   RO         5885    .text               mc_w.l(cpp_memory.o)
    0x08000af4   0x0000006e   Code   RO         5888    .text               mf_w.l(fepilogue.o)
    0x08000b62   0x000000ba   Code   RO         5890    .text               mf_w.l(depilogue.o)
    0x08000c1c   0x0000014e   Code   RO         5892    .text               mf_w.l(dadd.o)
    0x08000d6a   0x0000002e   Code   RO         5896    .text               mf_w.l(dscalb.o)
    0x08000d98   0x00000018   Code   RO         5898    .text               mf_w.l(dfltul.o)
    0x08000db0   0x00000030   Code   RO         5902    .text               mf_w.l(cdrcmple.o)
    0x08000de0   0x00000004   Code   RO         5904    .text               mf_w.l(fpstat.o)
    0x08000de4   0x0000001a   Code   RO         6025    .text               cpprt_w.l(arm_exceptions_terminate.o)
    0x08000dfe   0x00000002   PAD
    0x08000e00   0x00000024   Code   RO         6031    .text               mc_w.l(init.o)
    0x08000e24   0x00000024   Code   RO         6033    .text               mc_w.l(llsshr.o)
    0x08000e48   0x00000008   Code   RO         6037    .text               mc_w.l(ctype_o.o)
    0x08000e50   0x00000012   Code   RO         6059    .text               mc_w.l(isspace_o.o)
    0x08000e62   0x00000002   PAD
    0x08000e64   0x0000032c   Code   RO         6067    .text               mc_w.l(_scanf.o)
    0x08001190   0x0000009e   Code   RO         6069    .text               mc_w.l(_strtoul.o)
    0x0800122e   0x000000a2   Code   RO         6071    .text               mf_w.l(dsqrt.o)
    0x080012d0   0x00000050   Code   RO         6091    .text               cpprt_w.l(arm_exceptions_globs.o)
    0x08001320   0x0000001c   Code   RO         6106    .text               mc_w.l(_chval.o)
    0x0800133c   0x0000003c   Code   RO         6111    .text               cpprt_w.l(arm_exceptions_mem.o)
    0x08001378   0x00000124   Code   RO         3756    i.ADC_Init          stm32f4xx_hal_adc.o
    0x0800149c   0x0000000c   Code   RO          772    i.BSP_SD_GetCardInfo  bsp_driver_sd.o
    0x080014a8   0x00000018   Code   RO          773    i.BSP_SD_GetCardState  bsp_driver_sd.o
    0x080014c0   0x00000034   Code   RO          776    i.BSP_SD_Init       bsp_driver_sd.o
    0x080014f4   0x0000001c   Code   RO          779    i.BSP_SD_ReadBlocks_DMA  bsp_driver_sd.o
    0x08001510   0x0000001c   Code   RO          781    i.BSP_SD_WriteBlocks_DMA  bsp_driver_sd.o
    0x0800152c   0x0000000c   Code   RO          703    i.DMA1_Stream4_IRQHandler  stm32f4xx_it.o
    0x08001538   0x0000000c   Code   RO          704    i.DMA2_Stream3_IRQHandler  stm32f4xx_it.o
    0x08001544   0x0000000c   Code   RO          705    i.DMA2_Stream6_IRQHandler  stm32f4xx_it.o
    0x08001550   0x00000028   Code   RO         2196    i.DMA_CalcBaseAndBitshift  stm32f4xx_hal_dma.o
    0x08001578   0x00000054   Code   RO         2197    i.DMA_CheckFifoParam  stm32f4xx_hal_dma.o
    0x080015cc   0x00000028   Code   RO         2198    i.DMA_SetConfig     stm32f4xx_hal_dma.o
    0x080015f4   0x00000008   Code   RO          706    i.EXTI15_10_IRQHandler  stm32f4xx_it.o
    0x080015fc   0x00000006   Code   RO           14    i.FATFS_LinkDriver  ff_gen_drv.o
    0x08001602   0x00000002   PAD
    0x08001604   0x00000040   Code   RO           15    i.FATFS_LinkDriverEx  ff_gen_drv.o
    0x08001644   0x00000020   Code   RO         5236    i.FillWaveDataBuf   wave_genout.o
    0x08001664   0x00000154   Code   RO         3758    i.HAL_ADC_ConfigChannel  stm32f4xx_hal_adc.o
    0x080017b8   0x00000006   Code   RO         3765    i.HAL_ADC_GetValue  stm32f4xx_hal_adc.o
    0x080017be   0x00000054   Code   RO         3767    i.HAL_ADC_Init      stm32f4xx_hal_adc.o
    0x08001812   0x00000002   PAD
    0x08001814   0x00000044   Code   RO          914    i.HAL_ADC_MspInit   stm32f4xx_hal_msp.o
    0x08001858   0x000000a2   Code   RO         3771    i.HAL_ADC_PollForConversion  stm32f4xx_hal_adc.o
    0x080018fa   0x00000002   PAD
    0x080018fc   0x000000bc   Code   RO         3773    i.HAL_ADC_Start     stm32f4xx_hal_adc.o
    0x080019b8   0x00000024   Code   RO         2200    i.HAL_DMA_Abort_IT  stm32f4xx_hal_dma.o
    0x080019dc   0x000001a0   Code   RO         2204    i.HAL_DMA_IRQHandler  stm32f4xx_hal_dma.o
    0x08001b7c   0x000000d4   Code   RO         2205    i.HAL_DMA_Init      stm32f4xx_hal_dma.o
    0x08001c50   0x00000078   Code   RO         2209    i.HAL_DMA_Start_IT  stm32f4xx_hal_dma.o
    0x08001cc8   0x00000024   Code   RO         3547    i.HAL_Delay         stm32f4xx_hal.o
    0x08001cec   0x00000002   Code   RO         3475    i.HAL_GPIO_EXTI_Callback  stm32f4xx_hal_gpio.o
    0x08001cee   0x00000002   PAD
    0x08001cf0   0x00000018   Code   RO         3476    i.HAL_GPIO_EXTI_IRQHandler  stm32f4xx_hal_gpio.o
    0x08001d08   0x000001a4   Code   RO         3477    i.HAL_GPIO_Init     stm32f4xx_hal_gpio.o
    0x08001eac   0x0000000a   Code   RO         3481    i.HAL_GPIO_WritePin  stm32f4xx_hal_gpio.o
    0x08001eb6   0x00000002   PAD
    0x08001eb8   0x0000000c   Code   RO         3553    i.HAL_GetTick       stm32f4xx_hal.o
    0x08001ec4   0x00000108   Code   RO         3087    i.HAL_I2C_Init      stm32f4xx_hal_i2c.o
    0x08001fcc   0x00000160   Code   RO         3088    i.HAL_I2C_IsDeviceReady  stm32f4xx_hal_i2c.o
    0x0800212c   0x000001fc   Code   RO         3103    i.HAL_I2C_Mem_Read  stm32f4xx_hal_i2c.o
    0x08002328   0x0000013c   Code   RO         3106    i.HAL_I2C_Mem_Write  stm32f4xx_hal_i2c.o
    0x08002464   0x00000078   Code   RO          916    i.HAL_I2C_MspInit   stm32f4xx_hal_msp.o
    0x080024dc   0x00000002   Code   RO         2763    i.HAL_I2S_ErrorCallback  stm32f4xx_hal_i2s.o
    0x080024de   0x00000002   PAD
    0x080024e0   0x00000114   Code   RO         2767    i.HAL_I2S_Init      stm32f4xx_hal_i2s.o
    0x080025f4   0x000000c4   Code   RO          918    i.HAL_I2S_MspInit   stm32f4xx_hal_msp.o
    0x080026b8   0x00000002   Code   RO         2773    i.HAL_I2S_RxCpltCallback  stm32f4xx_hal_i2s.o
    0x080026ba   0x00000002   PAD
    0x080026bc   0x000000a8   Code   RO         2776    i.HAL_I2S_Transmit_DMA  stm32f4xx_hal_i2s.o
    0x08002764   0x0000000c   Code   RO         5237    i.HAL_I2S_TxCpltCallback  wave_genout.o
    0x08002770   0x0000000c   Code   RO         5238    i.HAL_I2S_TxHalfCpltCallback  wave_genout.o
    0x0800277c   0x00000010   Code   RO         3557    i.HAL_IncTick       stm32f4xx_hal.o
    0x0800278c   0x00000034   Code   RO         3558    i.HAL_Init          stm32f4xx_hal.o
    0x080027c0   0x00000040   Code   RO         3559    i.HAL_InitTick      stm32f4xx_hal.o
    0x08002800   0x00000068   Code   RO          919    i.HAL_MspInit       stm32f4xx_hal_msp.o
    0x08002868   0x00000016   Code   RO         1700    i.HAL_NVIC_EnableIRQ  stm32f4xx_hal_cortex.o
    0x0800287e   0x00000002   PAD
    0x08002880   0x00000040   Code   RO         1706    i.HAL_NVIC_SetPriority  stm32f4xx_hal_cortex.o
    0x080028c0   0x00000024   Code   RO         1707    i.HAL_NVIC_SetPriorityGrouping  stm32f4xx_hal_cortex.o
    0x080028e4   0x00000198   Code   RO         1492    i.HAL_RCCEx_GetPeriphCLKFreq  stm32f4xx_hal_rcc_ex.o
    0x08002a7c   0x00000430   Code   RO         1493    i.HAL_RCCEx_PeriphCLKConfig  stm32f4xx_hal_rcc_ex.o
    0x08002eac   0x00000130   Code   RO         2628    i.HAL_RCC_ClockConfig  stm32f4xx_hal_rcc.o
    0x08002fdc   0x0000000c   Code   RO         2633    i.HAL_RCC_GetHCLKFreq  stm32f4xx_hal_rcc.o
    0x08002fe8   0x00000020   Code   RO         2635    i.HAL_RCC_GetPCLK1Freq  stm32f4xx_hal_rcc.o
    0x08003008   0x00000020   Code   RO         2636    i.HAL_RCC_GetPCLK2Freq  stm32f4xx_hal_rcc.o
    0x08003028   0x00000094   Code   RO         1497    i.HAL_RCC_GetSysClockFreq  stm32f4xx_hal_rcc_ex.o
    0x080030bc   0x00000344   Code   RO         1498    i.HAL_RCC_OscConfig  stm32f4xx_hal_rcc_ex.o
    0x08003400   0x00000002   Code   RO         2393    i.HAL_SD_AbortCallback  stm32f4xx_hal_sd.o
    0x08003402   0x00000078   Code   RO         2395    i.HAL_SD_ConfigWideBusOperation  stm32f4xx_hal_sd.o
    0x0800347a   0x00000002   Code   RO         2398    i.HAL_SD_ErrorCallback  stm32f4xx_hal_sd.o
    0x0800347c   0x000001da   Code   RO         2400    i.HAL_SD_GetCardCSD  stm32f4xx_hal_sd.o
    0x08003656   0x00000024   Code   RO         2401    i.HAL_SD_GetCardInfo  stm32f4xx_hal_sd.o
    0x0800367a   0x0000002c   Code   RO         2402    i.HAL_SD_GetCardState  stm32f4xx_hal_sd.o
    0x080036a6   0x00000002   PAD
    0x080036a8   0x000001ac   Code   RO         2406    i.HAL_SD_IRQHandler  stm32f4xx_hal_sd.o
    0x08003854   0x00000036   Code   RO         2407    i.HAL_SD_Init       stm32f4xx_hal_sd.o
    0x0800388a   0x00000002   PAD
    0x0800388c   0x00000054   Code   RO         2408    i.HAL_SD_InitCard   stm32f4xx_hal_sd.o
    0x080038e0   0x00000160   Code   RO          921    i.HAL_SD_MspInit    stm32f4xx_hal_msp.o
    0x08003a40   0x000000f4   Code   RO         2412    i.HAL_SD_ReadBlocks_DMA  stm32f4xx_hal_sd.o
    0x08003b34   0x0000000c   Code   RO         1000    i.HAL_SD_RxCpltCallback  sd_diskio.o
    0x08003b40   0x0000000c   Code   RO         1001    i.HAL_SD_TxCpltCallback  sd_diskio.o
    0x08003b4c   0x000000f4   Code   RO         2417    i.HAL_SD_WriteBlocks_DMA  stm32f4xx_hal_sd.o
    0x08003c40   0x00000018   Code   RO         1709    i.HAL_SYSTICK_CLKSourceConfig  stm32f4xx_hal_cortex.o
    0x08003c58   0x00000002   Code   RO         1710    i.HAL_SYSTICK_Callback  stm32f4xx_hal_cortex.o
    0x08003c5a   0x00000028   Code   RO         1711    i.HAL_SYSTICK_Config  stm32f4xx_hal_cortex.o
    0x08003c82   0x00000008   Code   RO         1712    i.HAL_SYSTICK_IRQHandler  stm32f4xx_hal_cortex.o
    0x08003c8a   0x00000062   Code   RO         1145    i.HAL_UART_Init     stm32f4xx_hal_uart.o
    0x08003cec   0x0000004c   Code   RO          923    i.HAL_UART_MspInit  stm32f4xx_hal_msp.o
    0x08003d38   0x000000ba   Code   RO         1153    i.HAL_UART_Transmit  stm32f4xx_hal_uart.o
    0x08003df2   0x00000028   Code   RO         3125    i.I2C_IsAcknowledgeFailed  stm32f4xx_hal_i2c.o
    0x08003e1a   0x000000f0   Code   RO         3134    i.I2C_RequestMemoryRead  stm32f4xx_hal_i2c.o
    0x08003f0a   0x00000002   PAD
    0x08003f0c   0x000000a0   Code   RO         3135    i.I2C_RequestMemoryWrite  stm32f4xx_hal_i2c.o
    0x08003fac   0x0000004e   Code   RO         3138    i.I2C_WaitOnBTFFlagUntilTimeout  stm32f4xx_hal_i2c.o
    0x08003ffa   0x00000060   Code   RO         3139    i.I2C_WaitOnFlagUntilTimeout  stm32f4xx_hal_i2c.o
    0x0800405a   0x00000002   PAD
    0x0800405c   0x00000088   Code   RO         3140    i.I2C_WaitOnMasterAddressFlagUntilTimeout  stm32f4xx_hal_i2c.o
    0x080040e4   0x00000062   Code   RO         3141    i.I2C_WaitOnRXNEFlagUntilTimeout  stm32f4xx_hal_i2c.o
    0x08004146   0x0000004e   Code   RO         3142    i.I2C_WaitOnTXEFlagUntilTimeout  stm32f4xx_hal_i2c.o
    0x08004194   0x00000028   Code   RO         2780    i.I2S_DMAError      stm32f4xx_hal_i2s.o
    0x080041bc   0x00000028   Code   RO         2783    i.I2S_DMATxCplt     stm32f4xx_hal_i2s.o
    0x080041e4   0x0000000a   Code   RO         2784    i.I2S_DMATxHalfCplt  stm32f4xx_hal_i2s.o
    0x080041ee   0x000000f0   Code   RO         2785    i.I2S_IRQHandler    stm32f4xx_hal_i2s.o
    0x080042de   0x00000002   PAD
    0x080042e0   0x00000054   Code   RO          591    i.MX_ADC1_Init      main.o
    0x08004334   0x0000005c   Code   RO          592    i.MX_DMA_Init       main.o
    0x08004390   0x0000001c   Code   RO          875    i.MX_FATFS_Init     fatfs.o
    0x080043ac   0x00000138   Code   RO          593    i.MX_GPIO_Init      main.o
    0x080044e4   0x00000038   Code   RO          594    i.MX_I2C1_Init      main.o
    0x0800451c   0x00000038   Code   RO          595    i.MX_I2C2_Init      main.o
    0x08004554   0x00000038   Code   RO          596    i.MX_I2S2_Init      main.o
    0x0800458c   0x00000020   Code   RO         1713    i.NVIC_SetPriority  stm32f4xx_hal_cortex.o
    0x080045ac   0x000000a8   Code   RO         5239    i.PlayWaveData      wave_genout.o
    0x08004654   0x00000002   Code   RO          707    i.RCC_IRQHandler    stm32f4xx_it.o
    0x08004656   0x00000024   Code   RO         1914    i.SDIO_ConfigData   stm32f4xx_ll_sdmmc.o
    0x0800467a   0x00000008   Code   RO         1918    i.SDIO_GetPowerState  stm32f4xx_ll_sdmmc.o
    0x08004682   0x0000000c   Code   RO         1919    i.SDIO_GetResponse  stm32f4xx_ll_sdmmc.o
    0x0800468e   0x00000002   PAD
    0x08004690   0x0000000c   Code   RO          708    i.SDIO_IRQHandler   stm32f4xx_it.o
    0x0800469c   0x00000024   Code   RO         1920    i.SDIO_Init         stm32f4xx_ll_sdmmc.o
    0x080046c0   0x00000008   Code   RO         1922    i.SDIO_PowerState_ON  stm32f4xx_ll_sdmmc.o
    0x080046c8   0x00000006   Code   RO         1923    i.SDIO_ReadFIFO     stm32f4xx_ll_sdmmc.o
    0x080046ce   0x00000020   Code   RO         1924    i.SDIO_SendCommand  stm32f4xx_ll_sdmmc.o
    0x080046ee   0x0000000a   Code   RO         1926    i.SDIO_WriteFIFO    stm32f4xx_ll_sdmmc.o
    0x080046f8   0x00000032   Code   RO         1927    i.SDMMC_CmdAppCommand  stm32f4xx_ll_sdmmc.o
    0x0800472a   0x00000002   PAD
    0x0800472c   0x00000034   Code   RO         1928    i.SDMMC_CmdAppOperCommand  stm32f4xx_ll_sdmmc.o
    0x08004760   0x00000032   Code   RO         1929    i.SDMMC_CmdBlockLength  stm32f4xx_ll_sdmmc.o
    0x08004792   0x00000032   Code   RO         1930    i.SDMMC_CmdBusWidth  stm32f4xx_ll_sdmmc.o
    0x080047c4   0x00000050   Code   RO         1934    i.SDMMC_CmdGoIdleState  stm32f4xx_ll_sdmmc.o
    0x08004814   0x00000068   Code   RO         1936    i.SDMMC_CmdOperCond  stm32f4xx_ll_sdmmc.o
    0x0800487c   0x00000032   Code   RO         1937    i.SDMMC_CmdReadMultiBlock  stm32f4xx_ll_sdmmc.o
    0x080048ae   0x00000032   Code   RO         1938    i.SDMMC_CmdReadSingleBlock  stm32f4xx_ll_sdmmc.o
    0x080048e0   0x00000032   Code   RO         1941    i.SDMMC_CmdSelDesel  stm32f4xx_ll_sdmmc.o
    0x08004912   0x0000002c   Code   RO         1942    i.SDMMC_CmdSendCID  stm32f4xx_ll_sdmmc.o
    0x0800493e   0x0000002c   Code   RO         1943    i.SDMMC_CmdSendCSD  stm32f4xx_ll_sdmmc.o
    0x0800496a   0x00000030   Code   RO         1944    i.SDMMC_CmdSendSCR  stm32f4xx_ll_sdmmc.o
    0x0800499a   0x00000032   Code   RO         1945    i.SDMMC_CmdSendStatus  stm32f4xx_ll_sdmmc.o
    0x080049cc   0x00000030   Code   RO         1946    i.SDMMC_CmdSetRelAdd  stm32f4xx_ll_sdmmc.o
    0x080049fc   0x00000034   Code   RO         1948    i.SDMMC_CmdStopTransfer  stm32f4xx_ll_sdmmc.o
    0x08004a30   0x00000032   Code   RO         1950    i.SDMMC_CmdWriteMultiBlock  stm32f4xx_ll_sdmmc.o
    0x08004a62   0x00000032   Code   RO         1951    i.SDMMC_CmdWriteSingleBlock  stm32f4xx_ll_sdmmc.o
    0x08004a94   0x0000011c   Code   RO         1952    i.SDMMC_GetCmdResp1  stm32f4xx_ll_sdmmc.o
    0x08004bb0   0x00000050   Code   RO         1953    i.SDMMC_GetCmdResp2  stm32f4xx_ll_sdmmc.o
    0x08004c00   0x00000040   Code   RO         1954    i.SDMMC_GetCmdResp3  stm32f4xx_ll_sdmmc.o
    0x08004c40   0x00000084   Code   RO         1955    i.SDMMC_GetCmdResp6  stm32f4xx_ll_sdmmc.o
    0x08004cc4   0x00000020   Code   RO         1002    i.SD_CheckStatus    sd_diskio.o
    0x08004ce4   0x00000056   Code   RO         2419    i.SD_DMAError       stm32f4xx_hal_sd.o
    0x08004d3a   0x0000003e   Code   RO         2420    i.SD_DMAReceiveCplt  stm32f4xx_hal_sd.o
    0x08004d78   0x00000048   Code   RO         2421    i.SD_DMARxAbort     stm32f4xx_hal_sd.o
    0x08004dc0   0x0000000e   Code   RO         2422    i.SD_DMATransmitCplt  stm32f4xx_hal_sd.o
    0x08004dce   0x00000048   Code   RO         2423    i.SD_DMATxAbort     stm32f4xx_hal_sd.o
    0x08004e16   0x000000d4   Code   RO         2424    i.SD_FindSCR        stm32f4xx_hal_sd.o
    0x08004eea   0x000000e6   Code   RO         2425    i.SD_InitCard       stm32f4xx_hal_sd.o
    0x08004fd0   0x000000a2   Code   RO         2426    i.SD_PowerON        stm32f4xx_hal_sd.o
    0x08005072   0x0000004e   Code   RO         2428    i.SD_WideBus_Disable  stm32f4xx_hal_sd.o
    0x080050c0   0x0000004e   Code   RO         2429    i.SD_WideBus_Enable  stm32f4xx_hal_sd.o
    0x0800510e   0x00000002   PAD
    0x08005110   0x00000020   Code   RO         1003    i.SD_initialize     sd_diskio.o
    0x08005130   0x00000050   Code   RO         1004    i.SD_ioctl          sd_diskio.o
    0x08005180   0x0000006c   Code   RO         1005    i.SD_read           sd_diskio.o
    0x080051ec   0x00000004   Code   RO         1006    i.SD_status         sd_diskio.o
    0x080051f0   0x0000006c   Code   RO         1007    i.SD_write          sd_diskio.o
    0x0800525c   0x0000000e   Code   RO          709    i.SysTick_Handler   stm32f4xx_it.o
    0x0800526a   0x00000002   PAD
    0x0800526c   0x000000b8   Code   RO          597    i.SystemClock_Config  main.o
    0x08005324   0x00000054   Code   RO         1083    i.SystemInit        system_stm32f4xx.o
    0x08005378   0x000002ac   Code   RO         1171    i.UART_SetConfig    stm32f4xx_hal_uart.o
    0x08005624   0x00000064   Code   RO         1173    i.UART_WaitOnFlagUntilTimeout  stm32f4xx_hal_uart.o
    0x08005688   0x00000038   Code   RO         5313    i.WM8978_ADDA_Cfg   wm8978.o
    0x080056c0   0x00000030   Code   RO         5314    i.WM8978_AUX_Gain   wm8978.o
    0x080056f0   0x00000028   Code   RO         5315    i.WM8978_HPvol_Set  wm8978.o
    0x08005718   0x00000012   Code   RO         5316    i.WM8978_I2S_Cfg    wm8978.o
    0x0800572a   0x0000009a   Code   RO         5317    i.WM8978_Init       wm8978.o
    0x080057c4   0x00000058   Code   RO         5318    i.WM8978_Input_Cfg  wm8978.o
    0x0800581c   0x00000034   Code   RO         5319    i.WM8978_LINEIN_Gain  wm8978.o
    0x08005850   0x00000022   Code   RO         5321    i.WM8978_Output_Cfg  wm8978.o
    0x08005872   0x00000020   Code   RO         5323    i.WM8978_SPKvol_Set  wm8978.o
    0x08005892   0x00000002   PAD
    0x08005894   0x0000006c   Code   RO         5324    i.WM8978_Write_Reg  wm8978.o
    0x08005900   0x00000002   Code   RO          598    i._Error_Handler    main.o
    0x08005902   0x00000002   PAD
    0x08005904   0x00000018   Code   RO         4362    i._Z10initVoicesv   engine_main.o
    0x0800591c   0x0000002c   Code   RO         4363    i._Z12releaseVoicei  engine_main.o
    0x08005948   0x0000004c   Code   RO         4364    i._Z12renderVoicesiPs  engine_main.o
    0x08005994   0x00000020   Code   RO         4365    i._Z16releaseAllVoicesv  engine_main.o
    0x080059b4   0x0000006c   Code   RO         4366    i._Z17removeEndedVoicesv  engine_main.o
    0x08005a20   0x00000048   Code   RO         4367    i._Z18getLogRatioBetweenddd  engine_main.o
    0x08005a68   0x00000178   Code   RO         4998    i._Z19ReadPcmWaveFileInfoP3FILP14WAVE_FILE_INFO  wavefile.o
    0x08005be0   0x00000070   Code   RO         4999    i._Z19ReadPcmWaveFileInfoPKcP14WAVE_FILE_INFO  wavefile.o
    0x08005c50   0x000000d4   Code   RO         4368    i._Z8addVoiceP5Voice  engine_main.o
    0x08005d24   0x00000078   Code   RO         4028    i._ZN17ConfigFileManager10addNewFileEPc  configfilemanager.o
    0x08005d9c   0x000001cc   Code   RO         4029    i._ZN17ConfigFileManager10initConfigEPc  configfilemanager.o
    0x08005f68   0x000000ec   Code   RO         4030    i._ZN17ConfigFileManager11initRecFileEPc  configfilemanager.o
    0x08006054   0x00000038   Code   RO         4032    i._ZN17ConfigFileManager23selectItemWithFrequencyEf  configfilemanager.o
    0x0800608c   0x0000008c   Code   RO         4033    i._ZN17ConfigFileManager24getFrequencyFromFileNameEPKc  configfilemanager.o
    0x08006118   0x00000004   Code   RO         4034    i._ZN17ConfigFileManager6getDirEv  configfilemanager.o
    0x0800611c   0x00000006   Code   RO         4035    i._ZN17ConfigFileManagerC1Ev  configfilemanager.o
    0x08006122   0x00000020   Code   RO         4036    i._ZN17ConfigFileManagerD1Ev  configfilemanager.o
    0x08006142   0x00000002   PAD
    0x08006144   0x00000030   Code   RO         4621    i._ZN5MADSR11enterAttackEv  madsr.o
    0x08006174   0x00000034   Code   RO         4623    i._ZN5MADSR11enterDecay2Ev  madsr.o
    0x080061a8   0x00000020   Code   RO         4624    i._ZN5MADSR12enterSustainEv  madsr.o
    0x080061c8   0x0000003c   Code   RO         4625    i._ZN5MADSR13enterRelease1Ev  madsr.o
    0x08006204   0x00000030   Code   RO         4626    i._ZN5MADSR13enterRelease2Ev  madsr.o
    0x08006234   0x00000080   Code   RO         4627    i._ZN5MADSR16modifyParametersEv  madsr.o
    0x080062b4   0x000000a4   Code   RO         4628    i._ZN5MADSR18updateReleaseDeltaEi  madsr.o
    0x08006358   0x00000154   Code   RO         4630    i._ZN5MADSR6updateENS_9key_eventEi  madsr.o
    0x080064ac   0x00000004   Code   RO         4631    i._ZN5MADSR7isEndedEv  madsr.o
    0x080064b0   0x00000018   Code   RO         4632    i._ZN5MADSR8enterEndEv  madsr.o
    0x080064c8   0x00000006   Code   RO         4634    i._ZN5MADSR8getLevelEv  madsr.o
    0x080064ce   0x00000002   PAD
    0x080064d0   0x0000001c   Code   RO         4635    i._ZN5MADSR9enterHoldEv  madsr.o
    0x080064ec   0x00000068   Code   RO         4636    i._ZN5MADSRC1Ev     madsr.o
    0x08006554   0x00000002   Code   RO         4637    i._ZN5MADSRD1Ev     madsr.o
    0x08006556   0x00000002   PAD
    0x08006558   0x000000e4   Code   RO         4889    i._ZN5Voice11readNewBuffEv  voice.o
    0x0800663c   0x0000002e   Code   RO         4976    i._ZN5Voice12getBuffValueEi  voice.o
    0x0800666a   0x00000002   PAD
    0x0800666c   0x0000014c   Code   RO         4890    i._ZN5Voice14renderOneFrameEiPsb  voice.o
    0x080067b8   0x00000066   Code   RO         4970    i._ZN5Voice16interpolateValueEv  voice.o
    0x0800681e   0x00000058   Code   RO         4891    i._ZN5Voice17portamentoAtStartEddd  voice.o
    0x08006876   0x00000004   Code   RO         4892    i._ZN5Voice3keyEv   voice.o
    0x0800687a   0x00000004   Code   RO         4893    i._ZN5Voice5endedEv  voice.o
    0x0800687e   0x00000016   Code   RO         4895    i._ZN5Voice7releaseEv  voice.o
    0x08006894   0x00000004   Code   RO         4896    i._ZN5Voice8getLevelEv  voice.o
    0x08006898   0x00000006   Code   RO         4897    i._ZN5Voice9frequencyEv  voice.o
    0x0800689e   0x00000002   PAD
    0x080068a0   0x000000e8   Code   RO         4898    i._ZN5VoiceC1Ei     voice.o
    0x08006988   0x00000022   Code   RO         4899    i._ZN5VoiceD1Ev     voice.o
    0x080069aa   0x0000004a   Code   RO         4322    i._ZN7EGDelay5valueEv  egdelay.o
    0x080069f4   0x0000000e   Code   RO         4323    i._ZN7EGDelay6updateEf  egdelay.o
    0x08006a02   0x00000002   PAD
    0x08006a04   0x00000014   Code   RO         4324    i._ZN7EGDelay7triggerEffff  egdelay.o
    0x08006a18   0x00000024   Code   RO         4325    i._ZN7EGDelayC1Ev   egdelay.o
    0x08006a3c   0x00000002   Code   RO         4326    i._ZN7EGDelayD1Ev   egdelay.o
    0x08006a3e   0x00000004   Code   RO         4726    i._ZSt3expf         madsr.o
    0x08006a42   0x00000008   Code   RO         5398    i._ZdlPv            cpprt_w.l(delete.o)
    0x08006a4a   0x00000002   PAD
    0x08006a4c   0x00000028   Code   RO         5401    i._Znwj             cpprt_w.l(new.o)
    0x08006a74   0x00000020   Code   RO         5671    i.__0printf$8       mc_w.l(printf8.o)
    0x08006a94   0x00000028   Code   RO         5673    i.__0sprintf$8      mc_w.l(printf8.o)
    0x08006abc   0x00000030   Code   RO         5789    i.__ARM_fpclassify  m_wm.l(fpclassify.o)
    0x08006aec   0x00000026   Code   RO         5791    i.__ARM_fpclassifyf  m_wm.l(fpclassifyf.o)
    0x08006b12   0x00000002   PAD
    0x08006b14   0x00000008   Code   RO         5871    i.__aeabi_errno_addr  mc_w.l(errno.o)
    0x08006b1c   0x000001e8   Code   RO         5405    i.__hardfp_expf     m_wm.l(expf.o)
    0x08006d04   0x00000004   PAD
    0x08006d08   0x00000c50   Code   RO         5419    i.__hardfp_pow      m_wm.l(pow.o)
    0x08007958   0x00000664   Code   RO         5433    i.__hardfp_powf     m_wm.l(powf.o)
    0x08007fbc   0x000000f8   Code   RO         5807    i.__kernel_poly     m_wm.l(poly.o)
    0x080080b4   0x00000004   PAD
    0x080080b8   0x00000030   Code   RO         5769    i.__mathlib_dbl_divzero  m_wm.l(dunder.o)
    0x080080e8   0x00000014   Code   RO         5771    i.__mathlib_dbl_infnan2  m_wm.l(dunder.o)
    0x080080fc   0x00000004   PAD
    0x08008100   0x00000020   Code   RO         5772    i.__mathlib_dbl_invalid  m_wm.l(dunder.o)
    0x08008120   0x00000020   Code   RO         5773    i.__mathlib_dbl_overflow  m_wm.l(dunder.o)
    0x08008140   0x00000020   Code   RO         5775    i.__mathlib_dbl_underflow  m_wm.l(dunder.o)
    0x08008160   0x00000014   Code   RO         5793    i.__mathlib_flt_divzero  m_wm.l(funder.o)
    0x08008174   0x00000006   Code   RO         5794    i.__mathlib_flt_infnan  m_wm.l(funder.o)
    0x0800817a   0x00000006   Code   RO         5795    i.__mathlib_flt_infnan2  m_wm.l(funder.o)
    0x08008180   0x00000010   Code   RO         5796    i.__mathlib_flt_invalid  m_wm.l(funder.o)
    0x08008190   0x00000010   Code   RO         5797    i.__mathlib_flt_overflow  m_wm.l(funder.o)
    0x080081a0   0x00000010   Code   RO         5799    i.__mathlib_flt_underflow  m_wm.l(funder.o)
    0x080081b0   0x0000000e   Code   RO         6122    i.__scatterload_copy  mc_w.l(handlers.o)
    0x080081be   0x00000002   Code   RO         6123    i.__scatterload_null  mc_w.l(handlers.o)
    0x080081c0   0x0000000e   Code   RO         6124    i.__scatterload_zeroinit  mc_w.l(handlers.o)
    0x080081ce   0x00000002   PAD
    0x080081d0   0x0000000c   Code   RO         5873    i.__set_errno       mc_w.l(errno.o)
    0x080081dc   0x00000020   Code   RO         4037    i.__sti___21_ConfigFileManager_cpp_dfd8f099  configfilemanager.o
    0x080081fc   0x00000030   Code   RO         4745    i._fclose_          sdfileio.o
    0x0800822c   0x00000004   Code   RO         4746    i._fgets_           sdfileio.o
    0x08008230   0x0000009c   Code   RO         4747    i._fopen_           sdfileio.o
    0x080082cc   0x0000004c   Code   RO         4748    i._fread_           sdfileio.o
    0x08008318   0x0000002c   Code   RO         4749    i._fseek_           sdfileio.o
    0x08008344   0x0000000e   Code   RO         5731    i._is_digit         mc_w.l(scanf_fp.o)
    0x08008352   0x00000002   PAD
    0x08008354   0x00000410   Code   RO         5678    i._printf_core      mc_w.l(printf8.o)
    0x08008764   0x00000024   Code   RO         5679    i._printf_post_padding  mc_w.l(printf8.o)
    0x08008788   0x0000002e   Code   RO         5680    i._printf_pre_padding  mc_w.l(printf8.o)
    0x080087b6   0x0000000a   Code   RO         5682    i._sputc            mc_w.l(printf8.o)
    0x080087c0   0x0000000c   Code   RO         4369    i.attackTime        engine_main.o
    0x080087cc   0x00000054   Code   RO         4370    i.changeDirectory   engine_main.o
    0x08008820   0x00000070   Code   RO          253    i.check_fs          ff.o
    0x08008890   0x00000024   Code   RO          254    i.clmt_clust        ff.o
    0x080088b4   0x00000018   Code   RO          255    i.clust2sect        ff.o
    0x080088cc   0x000000a4   Code   RO          256    i.create_chain      ff.o
    0x08008970   0x000000bc   Code   RO          257    i.create_name       ff.o
    0x08008a2c   0x00000064   Code   RO          258    i.dir_find          ff.o
    0x08008a90   0x000000f4   Code   RO          259    i.dir_next          ff.o
    0x08008b84   0x00000060   Code   RO          260    i.dir_read          ff.o
    0x08008be4   0x00000066   Code   RO          261    i.dir_register      ff.o
    0x08008c4a   0x00000082   Code   RO          263    i.dir_sdi           ff.o
    0x08008ccc   0x00000028   Code   RO          198    i.disk_initialize   diskio.o
    0x08008cf4   0x0000001c   Code   RO          199    i.disk_ioctl        diskio.o
    0x08008d10   0x0000001c   Code   RO          200    i.disk_read         diskio.o
    0x08008d2c   0x00000018   Code   RO          201    i.disk_status       diskio.o
    0x08008d44   0x0000001c   Code   RO          202    i.disk_write        diskio.o
    0x08008d60   0x0000001e   Code   RO          264    i.f_close           ff.o
    0x08008d7e   0x00000014   Code   RO          265    i.f_closedir        ff.o
    0x08008d92   0x00000048   Code   RO          267    i.f_gets            ff.o
    0x08008dda   0x00000212   Code   RO          268    i.f_lseek           ff.o
    0x08008fec   0x0000004c   Code   RO          271    i.f_mount           ff.o
    0x08009038   0x000001b6   Code   RO          272    i.f_open            ff.o
    0x080091ee   0x00000062   Code   RO          273    i.f_opendir         ff.o
    0x08009250   0x000001cc   Code   RO          274    i.f_printf          ff.o
    0x0800941c   0x00000152   Code   RO          277    i.f_read            ff.o
    0x0800956e   0x00000040   Code   RO          278    i.f_readdir         ff.o
    0x080095ae   0x0000008e   Code   RO          281    i.f_sync            ff.o
    0x0800963c   0x0000018e   Code   RO          284    i.f_write           ff.o
    0x080097ca   0x00000018   Code   RO         5785    i.fabs              m_wm.l(fabs.o)
    0x080097e2   0x00000002   PAD
    0x080097e4   0x0000024c   Code   RO          285    i.find_volume       ff.o
    0x08009a30   0x00000074   Code   RO          286    i.follow_path       ff.o
    0x08009aa4   0x00000018   Code   RO          599    i.fputc             main.o
    0x08009abc   0x00000050   Code   RO         5843    i.free              mc_w.l(malloc.o)
    0x08009b0c   0x0000000c   Code   RO         4371    i.getVolumn         engine_main.o
    0x08009b18   0x000000be   Code   RO          287    i.get_fat           ff.o
    0x08009bd6   0x00000004   Code   RO          876    i.get_fattime       fatfs.o
    0x08009bda   0x00000062   Code   RO          288    i.get_fileinfo      ff.o
    0x08009c3c   0x000000dc   Code   RO         5169    i.get_key           mpr121.o
    0x08009d18   0x0000003c   Code   RO          289    i.get_ldnumber      ff.o
    0x08009d54   0x00000098   Code   RO         5170    i.handleKeyEvent    mpr121.o
    0x08009dec   0x0000003c   Code   RO         5240    i.handlePressureEvent  wave_genout.o
    0x08009e28   0x00000040   Code   RO         4752    i.isDir             sdfileio.o
    0x08009e68   0x00000026   Code   RO          290    i.ld_clust          ff.o
    0x08009e8e   0x00000016   Code   RO          291    i.ld_dword          ff.o
    0x08009ea4   0x0000000a   Code   RO          292    i.ld_word           ff.o
    0x08009eae   0x00000002   PAD
    0x08009eb0   0x000001b0   Code   RO          600    i.main              main.o
    0x0800a060   0x00000044   Code   RO         4373    i.main_finish       engine_main.o
    0x0800a0a4   0x00000048   Code   RO         4374    i.main_init         engine_main.o
    0x0800a0ec   0x0000003c   Code   RO         4375    i.main_loop         engine_main.o
    0x0800a128   0x0000006c   Code   RO         5844    i.malloc            mc_w.l(malloc.o)
    0x0800a194   0x00000012   Code   RO          293    i.mem_cpy           ff.o
    0x0800a1a6   0x00000002   PAD
    0x0800a1a8   0x0000000e   Code   RO          294    i.mem_set           ff.o
    0x0800a1b6   0x00000032   Code   RO          295    i.move_window       ff.o
    0x0800a1e8   0x0000015a   Code   RO         5171    i.mpr121_init       mpr121.o
    0x0800a342   0x000000ea   Code   RO          296    i.put_fat           ff.o
    0x0800a42c   0x00000046   Code   RO          297    i.putc_bfd          ff.o
    0x0800a472   0x0000002a   Code   RO          298    i.putc_flush        ff.o
    0x0800a49c   0x00000034   Code   RO         4378    i.raiseKeyEvent     engine_main.o
    0x0800a4d0   0x0000004c   Code   RO         5172    i.read_i2c          mpr121.o
    0x0800a51c   0x0000000c   Code   RO         4379    i.recDirectory      engine_main.o
    0x0800a528   0x0000000c   Code   RO         4380    i.releaseLevel      engine_main.o
    0x0800a534   0x0000000c   Code   RO         4381    i.releaseTime       engine_main.o
    0x0800a540   0x00000074   Code   RO          299    i.remove_chain      ff.o
    0x0800a5b4   0x00000160   Code   RO         4382    i.saveParams        engine_main.o
    0x0800a714   0x0000000c   Code   RO         4383    i.setAttackTime     engine_main.o
    0x0800a720   0x0000000c   Code   RO         4384    i.setPortamentoDepth  engine_main.o
    0x0800a72c   0x0000000c   Code   RO         4385    i.setPortamentoTime  engine_main.o
    0x0800a738   0x00000010   Code   RO         4386    i.setRecDirectory   engine_main.o
    0x0800a748   0x0000000c   Code   RO         4387    i.setReleaseLevel   engine_main.o
    0x0800a754   0x0000000c   Code   RO         4388    i.setReleaseTime    engine_main.o
    0x0800a760   0x0000000c   Code   RO         4389    i.setUsePortamento  engine_main.o
    0x0800a76c   0x00000034   Code   RO         4390    i.setVolumn         engine_main.o
    0x0800a7a0   0x00000038   Code   RO          601    i.showInitStatus    main.o
    0x0800a7d8   0x0000006e   Code   RO         5812    i.sqrt              m_wm.l(sqrt.o)
    0x0800a846   0x00000028   Code   RO          300    i.st_clust          ff.o
    0x0800a86e   0x00000010   Code   RO          301    i.st_dword          ff.o
    0x0800a87e   0x00000008   Code   RO          302    i.st_word           ff.o
    0x0800a886   0x00000002   PAD
    0x0800a888   0x00000088   Code   RO          303    i.sync_fs           ff.o
    0x0800a910   0x00000052   Code   RO          304    i.sync_window       ff.o
    0x0800a962   0x00000002   PAD
    0x0800a964   0x0000000c   Code   RO         4391    i.usePortamento     engine_main.o
    0x0800a970   0x00000032   Code   RO          305    i.validate          ff.o
    0x0800a9a2   0x00000002   PAD
    0x0800a9a4   0x00000094   Code   RO         5173    i.write_i2c         mpr121.o
    0x0800aa38   0x0000009c   Data   RO          306    .constdata          ff.o
    0x0800aad4   0x00000014   Data   RO         1008    .constdata          sd_diskio.o
    0x0800aae8   0x00000010   Data   RO         1084    .constdata          system_stm32f4xx.o
    0x0800aaf8   0x00000008   Data   RO         1085    .constdata          system_stm32f4xx.o
    0x0800ab00   0x00000008   Data   RO         2211    .constdata          stm32f4xx_hal_dma.o
    0x0800ab08   0x00000024   Data   RO         4048    .constdata          configfilemanager.o
    0x0800ab2c   0x0000003c   Data   RO         4423    .constdata          engine_main.o
    0x0800ab68   0x00000030   Data   RO         5408    .constdata          m_wm.l(expf.o)
    0x0800ab98   0x00000088   Data   RO         5422    .constdata          m_wm.l(pow.o)
    0x0800ac20   0x00000140   Data   RO         5436    .constdata          m_wm.l(powf.o)
    0x0800ad60   0x00000008   Data   RO         5809    .constdata          m_wm.l(qnan.o)
    0x0800ad68   0x00000081   Data   RO         6038    .constdata          mc_w.l(ctype_o.o)
    0x0800ade9   0x00000003   PAD
    0x0800adec   0x00000004   Data   RO         6039    .constdata          mc_w.l(ctype_o.o)
    0x0800adf0   0x00000020   Data   RO         6120    Region$$Table       anon$$obj.o
    0x0800ae10   0x00000004   Data   RO         4050    .init_array         configfilemanager.o
    0x0800ae14   0x00000000   Data   RO         5736    .init_array         mc_w.l(cpp_init.o)


    Execution Region RW_IRAM1 (Base: 0x20000000, Size: 0x0001de70, Max: 0x00020000, ABSOLUTE)

    Base Addr    Size         Type   Attr      Idx    E Section Name        Object

    0x20000000   0x00000008   Data   RW          307    .data               ff.o
    0x20000008   0x00000001   Data   RW          606    .data               main.o
    0x20000009   0x00000005   Data   RW          879    .data               fatfs.o
    0x2000000e   0x00000002   PAD
    0x20000010   0x0000000c   Data   RW         1009    .data               sd_diskio.o
    0x2000001c   0x00000004   Data   RW         1086    .data               system_stm32f4xx.o
    0x20000020   0x0000000c   Data   RW         3565    .data               stm32f4xx_hal.o
    0x2000002c   0x00000004   Data   RW         4049    .data               configfilemanager.o
    0x20000030   0x00000038   Data   RW         4424    .data               engine_main.o
    0x20000068   0x0000000c   Data   RW         5174    .data               mpr121.o
    0x20000074   0x00000001   Data   RW         5242    .data               wave_genout.o
    0x20000075   0x00000001   Data   RW         5243    .data               wave_genout.o
    0x20000076   0x00000074   Data   RW         5325    .data               wm8978.o
    0x200000ea   0x00000002   PAD
    0x200000ec   0x00000004   Data   RW         5836    .data               mc_w.l(stdout.o)
    0x200000f0   0x00000004   Data   RW         5874    .data               mc_w.l(errno.o)
    0x200000f4   0x0000000c   Data   RW         5886    .data               mc_w.l(cpp_memory.o)
    0x20000100   0x00000004   Data   RW         6065    .data               mc_w.l(mvars.o)
    0x20000104   0x00000004   Data   RW         6066    .data               mc_w.l(mvars.o)
    0x20000108   0x0000000c   Zero   RW           18    .bss                ff_gen_drv.o
    0x20000114   0x000001fc   Zero   RW          602    .bss                main.o
    0x20000310   0x00000060   Zero   RW          603    .bss                main.o
    0x20000370   0x00000060   Zero   RW          604    .bss                main.o
    0x200003d0   0x00000060   Zero   RW          605    .bss                main.o
    0x20000430   0x00000230   Zero   RW          877    .bss                fatfs.o
    0x20000660   0x00001010   Zero   RW         4422    .bss                engine_main.o
    0x20001670   0x00000800   Zero   RW         4911    .bss                voice.o
    0x20001e70   0x00002000   Zero   RW         5241    .bss                wave_genout.o
    0x20003e70   0x00008000   Zero   RW            2    HEAP                startup_stm32f446xx.o
    0x2000be70   0x00012000   Zero   RW            1    STACK               startup_stm32f446xx.o


==============================================================================

Image component sizes


      Code (inc. data)   RO Data    RW Data    ZI Data      Debug   Object Name

       144         20          0          0          0       3466   bsp_driver_sd.o
      1086        236         40          4          0      18342   configfilemanager.o
       148         22          0          0          0       3721   diskio.o
       146         12          0          0          0       3084   egdelay.o
      1468        364         60         56       4112      20529   engine_main.o
        32         10          0          5        560       1464   fatfs.o
      5860         56        156          8          0      45937   ff.o
        70          6          0          0         12     728715   ff_gen_drv.o
      1044         76          0          0          0       8698   madsr.o
      1354        324          0          1        796       7630   main.o
       942        170          0         12          0      30731   mpr121.o
       388         34         20         12          0       5564   sd_diskio.o
       392        170          0          0          0       4535   sdfileio.o
        36          8        452          0     106496        836   startup_stm32f446xx.o
       180         28          0         12          0       4569   stm32f4xx_hal.o
      1072         52          0          0          0       5190   stm32f4xx_hal_adc.o
       228         14          0          0          0      32125   stm32f4xx_hal_cortex.o
       948         16          8          0          0       6458   stm32f4xx_hal_dma.o
       456         48          0          0          0       3592   stm32f4xx_hal_gpio.o
      2366         44          0          0          0      14318   stm32f4xx_hal_i2c.o
       778         26          0          0          0       6247   stm32f4xx_hal_i2s.o
       916        158          0          0          0       4597   stm32f4xx_hal_msp.o
       380         48          0          0          0       3370   stm32f4xx_hal_rcc.o
      2464        102          0          0          0       5715   stm32f4xx_hal_rcc_ex.o
      2798         38          0          0          0      17710   stm32f4xx_hal_sd.o
      1068          8          0          0          0       4124   stm32f4xx_hal_uart.o
        72         24          0          0          0       3274   stm32f4xx_it.o
      1630         42          0          0          0      22683   stm32f4xx_ll_sdmmc.o
        84         18         24          4          0       1159   system_stm32f4xx.o
      1102         38          0          0       2048       9151   voice.o
       284         96          0          2       8192       3735   wave_genout.o
       488         86          0          0          0       4468   wavefile.o
       630         56          0        116          0       7039   wm8978.o

    ----------------------------------------------------------------------
     31114       2450        792        236     122216    1042776   Object Totals
         0          0         32          0          0          0   (incl. Generated)
        60          0          0          4          0          0   (incl. Padding)

    ----------------------------------------------------------------------

      Code (inc. data)   RO Data    RW Data    ZI Data      Debug   Library Member Name

        80         12          0          0          0        104   arm_exceptions_globs.o
        60          0          0          0          0        108   arm_exceptions_mem.o
        26          0          0          0          0         76   arm_exceptions_terminate.o
         4          0          0          0          0         68   arm_newhandler_noexceptions.o
         8          0          0          0          0         76   delete.o
        40          6          0          0          0         76   new.o
       164         44          0          0          0        620   dunder.o
       488         62         48          0          0        236   expf.o
        24          0          0          0          0        124   fabs.o
        48          0          0          0          0        124   fpclassify.o
        38          0          0          0          0        116   fpclassifyf.o
        80         24          0          0          0        696   funder.o
       248          0          0          0          0        152   poly.o
      3152        296        136          0          0        352   pow.o
      1636        110        320          0          0        372   powf.o
         0          0          8          0          0          0   qnan.o
       110          0          0          0          0        148   sqrt.o
        56          8          0          0          0         84   __0sscanf.o
        28          0          0          0          0         68   _chval.o
       812          4          0          0          0        112   _scanf.o
       224          0          0          0          0         96   _scanf_str.o
        64          0          0          0          0         84   _sgetc.o
       158          0          0          0          0         92   _strtoul.o
        26          0          0          0          0         80   atoi.o
        32         10          0          0          0         80   cpp_init.o
        20          4          0         12          0        136   cpp_memory.o
         8          4        133          0          0         68   ctype_o.o
         0          0          0          0          0          0   entry.o
         0          0          0          0          0          0   entry10a.o
         0          0          0          0          0          0   entry11a.o
         8          4          0          0          0          0   entry2.o
         4          0          0          0          0          0   entry5.o
         0          0          0          0          0          0   entry7b.o
         4          0          0          0          0          0   entry8a.o
         0          0          0          0          0          0   entry8b.o
         8          4          0          0          0          0   entry9a.o
        20         10          0          4          0        136   errno.o
        30          0          0          0          0          0   handlers.o
        36          8          0          0          0         68   init.o
        18          0          0          0          0         76   isspace_o.o
         0          0          0          0          0          0   iusefp.o
        30          0          0          0          0         68   llshl.o
        36          0          0          0          0         68   llsshr.o
        32          0          0          0          0         68   llushr.o
       188         20          0          0          0        160   malloc.o
        36          0          0          0          0         68   memcpya.o
        36          0          0          0          0        108   memseta.o
         0          0          0          8          0          0   mvars.o
      1204         60          0          0          0        504   printf8.o
        40          8          0          0          0         84   scanf_char.o
       838         12          0          0          0        216   scanf_fp.o
         0          0          0          4          0          0   stdout.o
        28          0          0          0          0         76   strcmp.o
        18          0          0          0          0         68   strcpy.o
        30          0          0          0          0         80   strncmp.o
       112          0          0          0          0         88   strtol.o
        98          0          0          0          0         92   uldiv.o
        48          0          0          0          0         68   cdrcmple.o
        56          0          0          0          0         88   d2f.o
       334          0          0          0          0        148   dadd.o
       222          0          0          0          0        100   ddiv.o
       186          0          0          0          0        176   depilogue.o
        34          0          0          0          0         76   dflti.o
        24          0          0          0          0         76   dfltul.o
       228          0          0          0          0         96   dmul.o
        46          0          0          0          0         80   dscalb.o
       162          0          0          0          0        100   dsqrt.o
        38          0          0          0          0         68   f2d.o
       110          0          0          0          0        168   fepilogue.o
         4          0          0          0          0         68   fpstat.o

    ----------------------------------------------------------------------
     12010        714        648         28          0       7688   Library Totals
        30          4          3          0          0          0   (incl. Padding)

    ----------------------------------------------------------------------

      Code (inc. data)   RO Data    RW Data    ZI Data      Debug   Library Name

       218         18          0          0          0        508   cpprt_w.l
      5988        536        512          0          0       2940   m_wm.l
      4282        156        133         28          0       2928   mc_w.l
      1492          0          0          0          0       1312   mf_w.l

    ----------------------------------------------------------------------
     12010        714        648         28          0       7688   Library Totals

    ----------------------------------------------------------------------

==============================================================================


      Code (inc. data)   RO Data    RW Data    ZI Data      Debug   

     43124       3164       1440        264     122216    1017716   Grand Totals
     43124       3164       1440        264     122216    1017716   ELF Image Totals
     43124       3164       1440        264          0          0   ROM Totals

==============================================================================

    Total RO  Size (Code + RO Data)                44564 (  43.52kB)
    Total RW  Size (RW Data + ZI Data)            122480 ( 119.61kB)
    Total ROM Size (Code + RO Data + RW Data)      44828 (  43.78kB)

==============================================================================

